Proportional trie_normalizer for cssk/cshyphen: |D| = 834152
Method: tpe
Objective: F17+Trie(w=0.0005)
Dataset: /home/dev/hyph-bench/data/cssk/cshyphen/cssk-all-weighted.wlhw_expanded.wlh
Split counts: train=911855, validation=83415, test=83416
Pattern ranges: [(1, 4), (2, 5), (2, 6), (2, 7)]
Search space (8-D): per-level weight in ('1/5', '1/4', '1/3', '1/2', '1', '2', '3', '4', '5', '6', '7', '8', '9', '10', '11', '12', '13', '14', '15', '16', '17', '18', '19', '20', '21', '22', '23', '24', '25', '26', '27', '28', '29', '30'); per-level threshold in [1,42]
Budget: 30 rounds x batch 5 + 3 extra = 153 evaluations

============================================================
Iteration 1/30
  Tested: weights=('9', '29', '21', '17'), thresholds=(7, 7, 3, 37)
  validation: F_1/7=0.996883, good=211099, bad=662, missed=563, trie_nodes=9949, objective=0.996877
  Tested: weights=('1/3', '29', '29', '24'), thresholds=(13, 5, 29, 19)
  validation: F_1/7=0.990284, good=210906, bad=2096, missed=756, trie_nodes=11956, objective=0.990277
  Tested: weights=('7', '14', '11', '6'), thresholds=(26, 6, 13, 16)
  validation: F_1/7=0.997449, good=209995, bad=514, missed=1667, trie_nodes=5895, objective=0.997446
  Tested: weights=('12', '23', '3', '14'), thresholds=(25, 2, 26, 8)
  validation: F_1/7=0.998510, good=208596, bad=255, missed=3066, trie_nodes=6447, objective=0.998506
  Tested: weights=('17', '21', '1/5', '29'), thresholds=(35, 9, 8, 8)
  validation: F_1/7=0.990385, good=211335, bad=2087, missed=327, trie_nodes=10331, objective=0.990378
  Best so far: weights=('12', '23', '3', '14'), thresholds=(25, 2, 26, 8), score=0.998506, elapsed=101.1s

============================================================
Iteration 2/30
  Tested: weights=('15', '3', '29', '23'), thresholds=(40, 38, 26, 39)
  validation: F_1/7=0.994310, good=207590, bad=1129, missed=4072, trie_nodes=4041, objective=0.994308
  Tested: weights=('6', '15', '1', '24'), thresholds=(4, 42, 33, 9)
  validation: F_1/7=0.995384, good=210886, bad=982, missed=776, trie_nodes=6558, objective=0.995380
  Tested: weights=('1/5', '24', '21', '21'), thresholds=(33, 4, 16, 5)
  validation: F_1/7=0.993104, good=210870, bad=1478, missed=792, trie_nodes=13542, objective=0.993096
  Tested: weights=('1/2', '3', '1/4', '8'), thresholds=(17, 12, 35, 15)
  validation: F_1/7=0.989068, good=210805, bad=2360, missed=857, trie_nodes=5246, objective=0.989065
  Tested: weights=('1', '13', '1/4', '27'), thresholds=(11, 28, 14, 22)
  validation: F_1/7=0.978871, good=211355, bad=4649, missed=307, trie_nodes=5260, objective=0.978868
  Best so far: weights=('12', '23', '3', '14'), thresholds=(25, 2, 26, 8), score=0.998506, elapsed=225.4s

============================================================
Iteration 3/30
  Tested: weights=('26', '1/5', '7', '1/5'), thresholds=(25, 18, 42, 28)
  validation: F_1/7=0.998751, good=205621, bad=139, missed=6041, trie_nodes=5420, objective=0.998748
  Tested: weights=('28', '1/5', '7', '1/5'), thresholds=(24, 19, 41, 28)
  validation: F_1/7=0.998699, good=205714, bad=152, missed=5948, trie_nodes=5668, objective=0.998696
  Tested: weights=('27', '1/5', '6', '1/4'), thresholds=(23, 19, 42, 28)
  validation: F_1/7=0.998667, good=205858, bad=162, missed=5804, trie_nodes=5696, objective=0.998663
  Tested: weights=('26', '1/4', '7', '1/4'), thresholds=(24, 20, 42, 28)
  validation: F_1/7=0.998652, good=205993, bad=168, missed=5669, trie_nodes=5439, objective=0.998649
  Tested: weights=('26', '20', '7', '1/2'), thresholds=(23, 19, 42, 1)
  validation: F_1/7=0.999268, good=206685, bad=53, missed=4977, trie_nodes=6447, objective=0.999264
  Best so far: weights=('26', '20', '7', '1/2'), thresholds=(23, 19, 42, 1), score=0.999264, elapsed=318.5s

============================================================
Iteration 4/30
  Tested: weights=('21', '9', '14', '4'), thresholds=(30, 28, 36, 35)
  validation: F_1/7=0.994991, good=206642, bad=959, missed=5020, trie_nodes=4347, objective=0.994989
  Tested: weights=('21', '8', '13', '4'), thresholds=(31, 27, 36, 31)
  validation: F_1/7=0.995148, good=206580, bad=924, missed=5082, trie_nodes=4314, objective=0.995146
  Tested: weights=('25', '9', '14', '4'), thresholds=(29, 27, 38, 2)
  validation: F_1/7=0.998910, good=206148, bad=117, missed=5514, trie_nodes=5959, objective=0.998906
  Tested: weights=('22', '8', '14', '4'), thresholds=(31, 27, 35, 1)
  validation: F_1/7=0.999142, good=206330, bad=72, missed=5332, trie_nodes=6362, objective=0.999138
  Tested: weights=('21', '7', '15', '4'), thresholds=(31, 27, 36, 1)
  validation: F_1/7=0.999176, good=206477, bad=68, missed=5185, trie_nodes=6192, objective=0.999172
  Best so far: weights=('26', '20', '7', '1/2'), thresholds=(23, 19, 42, 1), score=0.999264, elapsed=416.0s

============================================================
Iteration 5/30
  Tested: weights=('30', '19', '20', '1'), thresholds=(38, 32, 30, 12)
  validation: F_1/7=0.997733, good=205509, bad=351, missed=6153, trie_nodes=5230, objective=0.997729
  Tested: weights=('30', '18', '20', '10'), thresholds=(19, 34, 22, 12)
  validation: F_1/7=0.997160, good=207280, bad=513, missed=4382, trie_nodes=6639, objective=0.997156
  Tested: weights=('30', '18', '20', '10'), thresholds=(19, 33, 19, 12)
  validation: F_1/7=0.997159, good=207397, bad=516, missed=4265, trie_nodes=6757, objective=0.997155
  Tested: weights=('30', '19', '19', '9'), thresholds=(19, 34, 21, 12)
  validation: F_1/7=0.997161, good=207335, bad=514, missed=4327, trie_nodes=6671, objective=0.997157
  Tested: weights=('18', '19', '22', '10'), thresholds=(18, 34, 30, 11)
  validation: F_1/7=0.996912, good=208307, bad=590, missed=3355, trie_nodes=5546, objective=0.996908
  Best so far: weights=('26', '20', '7', '1/2'), thresholds=(23, 19, 42, 1), score=0.999264, elapsed=508.7s

============================================================
Iteration 6/30
  Tested: weights=('22', '6', '11', '1'), thresholds=(37, 24, 39, 1)
  validation: F_1/7=0.999212, good=205755, bad=45, missed=5907, trie_nodes=5586, objective=0.999209
  Tested: weights=('22', '6', '11', '1'), thresholds=(36, 23, 38, 1)
  validation: F_1/7=0.999207, good=205846, bad=48, missed=5816, trie_nodes=5634, objective=0.999204
  Tested: weights=('23', '5', '11', '1'), thresholds=(35, 23, 38, 1)
  validation: F_1/7=0.999211, good=205884, bad=48, missed=5778, trie_nodes=5646, objective=0.999207
  Tested: weights=('22', '5', '11', '1'), thresholds=(35, 23, 38, 1)
  validation: F_1/7=0.999218, good=205904, bad=47, missed=5758, trie_nodes=5639, objective=0.999214
  Tested: weights=('21', '6', '10', '1'), thresholds=(35, 24, 38, 1)
  validation: F_1/7=0.999250, good=206127, bad=45, missed=5535, trie_nodes=5521, objective=0.999246
  Best so far: weights=('26', '20', '7', '1/2'), thresholds=(23, 19, 42, 1), score=0.999264, elapsed=608.7s

============================================================
Iteration 7/30
  Tested: weights=('19', '12', '4', '14'), thresholds=(41, 15, 32, 4)
  validation: F_1/7=0.998298, good=207363, bad=273, missed=4299, trie_nodes=5293, objective=0.998295
  Tested: weights=('18', '1', '3', '15'), thresholds=(42, 9, 32, 5)
  validation: F_1/7=0.998494, good=207388, bad=232, missed=4274, trie_nodes=4559, objective=0.998491
  Tested: weights=('18', '26', '4', '15'), thresholds=(42, 14, 32, 5)
  validation: F_1/7=0.997926, good=207496, bad=355, missed=4166, trie_nodes=5198, objective=0.997923
  Tested: weights=('18', '1', '4', '18'), thresholds=(41, 15, 32, 5)
  validation: F_1/7=0.998573, good=207245, bad=212, missed=4417, trie_nodes=4561, objective=0.998571
  Tested: weights=('18', '26', '3', '14'), thresholds=(42, 15, 2, 5)
  validation: F_1/7=0.997534, good=211183, bad=523, missed=479, trie_nodes=11315, objective=0.997527
  Best so far: weights=('26', '20', '7', '1/2'), thresholds=(23, 19, 42, 1), score=0.999264, elapsed=706.1s

============================================================
Iteration 8/30
  Tested: weights=('14', '11', '9', '1/2'), thresholds=(38, 23, 39, 8)
  validation: F_1/7=0.998835, good=206668, bad=144, missed=4994, trie_nodes=4284, objective=0.998833
  Tested: weights=('14', '11', '10', '1/2'), thresholds=(37, 23, 6, 8)
  validation: F_1/7=0.998927, good=210216, bad=201, missed=1446, trie_nodes=8122, objective=0.998922
  Tested: weights=('13', '12', '10', '1/2'), thresholds=(28, 23, 9, 8)
  validation: F_1/7=0.998909, good=209762, bad=195, missed=1900, trie_nodes=7004, objective=0.998905
  Tested: weights=('14', '4', '9', '1/2'), thresholds=(28, 23, 6, 9)
  validation: F_1/7=0.998750, good=210260, bad=240, missed=1402, trie_nodes=7910, objective=0.998745
  Tested: weights=('14', '11', '9', '1/2'), thresholds=(37, 24, 9, 7)
  validation: F_1/7=0.998963, good=209739, bad=183, missed=1923, trie_nodes=7011, objective=0.998958
  Best so far: weights=('26', '20', '7', '1/2'), thresholds=(23, 19, 42, 1), score=0.999264, elapsed=806.6s

============================================================
Iteration 9/30
  Tested: weights=('24', '16', '16', '7'), thresholds=(34, 31, 40, 19)
  validation: F_1/7=0.996099, good=205808, bad=703, missed=5854, trie_nodes=4570, objective=0.996096
  Tested: weights=('8', '15', '17', '6'), thresholds=(34, 12, 40, 22)
  validation: F_1/7=0.995683, good=208262, bad=852, missed=3400, trie_nodes=4067, objective=0.995681
  Tested: weights=('10', '16', '12', '6'), thresholds=(34, 17, 27, 20)
  validation: F_1/7=0.995277, good=208216, bad=938, missed=3446, trie_nodes=4184, objective=0.995274
  Tested: weights=('24', '15', '17', '7'), thresholds=(34, 30, 27, 20)
  validation: F_1/7=0.995982, good=206671, bad=749, missed=4991, trie_nodes=5019, objective=0.995979
  Tested: weights=('24', '15', '17', '7'), thresholds=(34, 30, 26, 20)
  validation: F_1/7=0.995984, good=206776, bad=751, missed=4886, trie_nodes=5092, objective=0.995981
  Best so far: weights=('26', '20', '7', '1/2'), thresholds=(23, 19, 42, 1), score=0.999264, elapsed=897.4s

============================================================
Iteration 10/30
  Tested: weights=('23', '5', '12', '2'), thresholds=(11, 20, 38, 3)
  validation: F_1/7=0.998833, good=208679, bad=188, missed=2983, trie_nodes=7637, objective=0.998828
  Tested: weights=('16', '5', '12', '2'), thresholds=(11, 21, 38, 3)
  validation: F_1/7=0.998850, good=209128, bad=194, missed=2534, trie_nodes=6802, objective=0.998846
  Tested: weights=('16', '5', '12', '2'), thresholds=(12, 21, 38, 3)
  validation: F_1/7=0.998860, good=208997, bad=189, missed=2665, trie_nodes=6629, objective=0.998856
  Tested: weights=('16', '5', '12', '2'), thresholds=(8, 21, 38, 3)
  validation: F_1/7=0.998863, good=209537, bad=200, missed=2125, trie_nodes=7530, objective=0.998859
  Tested: weights=('16', '5', '1/2', '2'), thresholds=(11, 25, 38, 3)
  validation: F_1/7=0.998844, good=209853, bad=211, missed=1809, trie_nodes=7235, objective=0.998839
  Best so far: weights=('26', '20', '7', '1/2'), thresholds=(23, 19, 42, 1), score=0.999264, elapsed=995.9s

============================================================
Iteration 11/30
  Tested: weights=('28', '2', '6', '1/4'), thresholds=(39, 25, 34, 42)
  validation: F_1/7=0.997896, good=206063, bad=329, missed=5599, trie_nodes=4800, objective=0.997893
  Tested: weights=('28', '1', '6', '1/4'), thresholds=(15, 25, 35, 16)
  validation: F_1/7=0.998873, good=207596, bad=156, missed=4066, trie_nodes=6848, objective=0.998869
  Tested: weights=('28', '1', '6', '1/4'), thresholds=(39, 17, 34, 16)
  validation: F_1/7=0.998770, good=205987, bad=143, missed=5675, trie_nodes=5059, objective=0.998767
  Tested: weights=('27', '2', '8', '1/4'), thresholds=(39, 25, 35, 15)
  validation: F_1/7=0.998774, good=205560, bad=133, missed=6102, trie_nodes=4994, objective=0.998771
  Tested: weights=('20', '1', '6', '1/4'), thresholds=(39, 17, 41, 1)
  validation: F_1/7=0.999279, good=205758, bad=31, missed=5904, trie_nodes=4784, objective=0.999276
  Best so far: weights=('20', '1', '6', '1/4'), thresholds=(39, 17, 41, 1), score=0.999276, elapsed=1105.9s

============================================================
Iteration 12/30
  Tested: weights=('20', '1/3', '27', '1/5'), thresholds=(32, 18, 42, 1)
  validation: F_1/7=0.999267, good=205352, bad=25, missed=6310, trie_nodes=4973, objective=0.999264
  Tested: weights=('20', '7', '27', '1/5'), thresholds=(36, 18, 42, 1)
  validation: F_1/7=0.999246, good=205335, bad=29, missed=6327, trie_nodes=5042, objective=0.999243
  Tested: weights=('20', '1/3', '26', '3'), thresholds=(32, 18, 42, 1)
  validation: F_1/7=0.999246, good=205433, bad=31, missed=6229, trie_nodes=5159, objective=0.999243
  Tested: weights=('20', '1/4', '8', '1/5'), thresholds=(36, 18, 41, 1)
  validation: F_1/7=0.999232, good=205103, bad=27, missed=6559, trie_nodes=4903, objective=0.999229
  Tested: weights=('21', '7', '8', '1/5'), thresholds=(36, 18, 41, 1)
  validation: F_1/7=0.999259, good=205602, bad=32, missed=6060, trie_nodes=5066, objective=0.999255
  Best so far: weights=('20', '1', '6', '1/4'), thresholds=(39, 17, 41, 1), score=0.999276, elapsed=1206.7s

============================================================
Iteration 13/30
  Tested: weights=('20', '1/3', '24', '29'), thresholds=(22, 12, 41, 7)
  validation: F_1/7=0.998909, good=206415, bad=123, missed=5247, trie_nodes=5213, objective=0.998906
  Tested: weights=('20', '1/3', '26', '1/3'), thresholds=(32, 12, 41, 6)
  validation: F_1/7=0.999135, good=205374, bad=53, missed=6288, trie_nodes=4803, objective=0.999133
  Tested: weights=('26', '1/4', '26', '1/3'), thresholds=(31, 10, 41, 6)
  validation: F_1/7=0.999040, good=204767, bad=60, missed=6895, trie_nodes=5248, objective=0.999037
  Tested: weights=('3', '1/3', '28', '27'), thresholds=(32, 10, 41, 6)
  validation: F_1/7=0.998395, good=206075, bad=224, missed=5587, trie_nodes=3986, objective=0.998393
  Tested: weights=('3', '1/3', '25', '28'), thresholds=(26, 11, 41, 6)
  validation: F_1/7=0.998315, good=206256, bad=245, missed=5406, trie_nodes=4074, objective=0.998312
  Best so far: weights=('20', '1', '6', '1/4'), thresholds=(39, 17, 41, 1), score=0.999276, elapsed=1301.1s

============================================================
Iteration 14/30
  Tested: weights=('21', '22', '30', '1/5'), thresholds=(26, 19, 42, 2)
  validation: F_1/7=0.999291, good=206160, bad=37, missed=5502, trie_nodes=5624, objective=0.999287
  Tested: weights=('21', '8', '30', '1/5'), thresholds=(29, 19, 42, 2)
  validation: F_1/7=0.999282, good=205887, bad=33, missed=5775, trie_nodes=5327, objective=0.999279
  Tested: weights=('21', '22', '30', '1/5'), thresholds=(27, 19, 42, 4)
  validation: F_1/7=0.999290, good=206100, bad=36, missed=5562, trie_nodes=5566, objective=0.999286
  Tested: weights=('21', '22', '30', '1/5'), thresholds=(29, 19, 42, 10)
  validation: F_1/7=0.999178, good=205987, bad=57, missed=5675, trie_nodes=5175, objective=0.999175
  Tested: weights=('21', '22', '30', '3'), thresholds=(26, 17, 42, 2)
  validation: F_1/7=0.998951, good=206833, bad=123, missed=4829, trie_nodes=5984, objective=0.998948
  Best so far: weights=('21', '22', '30', '1/5'), thresholds=(26, 19, 42, 2), score=0.999287, elapsed=1394.8s

============================================================
Iteration 15/30
  Tested: weights=('25', '25', '29', '1/3'), thresholds=(24, 14, 36, 4)
  validation: F_1/7=0.999120, good=206489, bad=80, missed=5173, trie_nodes=6108, objective=0.999116
  Tested: weights=('25', '26', '29', '1/3'), thresholds=(22, 16, 36, 4)
  validation: F_1/7=0.999132, good=206658, bad=81, missed=5004, trie_nodes=6245, objective=0.999129
  Tested: weights=('25', '21', '29', '1/3'), thresholds=(24, 14, 36, 4)
  validation: F_1/7=0.999120, good=206487, bad=80, missed=5175, trie_nodes=6086, objective=0.999116
  Tested: weights=('25', '26', '29', '1/3'), thresholds=(21, 14, 36, 4)
  validation: F_1/7=0.999165, good=206843, bad=78, missed=4819, trie_nodes=6399, objective=0.999161
  Tested: weights=('25', '26', '29', '1/3'), thresholds=(21, 14, 40, 4)
  validation: F_1/7=0.999158, good=206774, bad=78, missed=4888, trie_nodes=6336, objective=0.999154
  Best so far: weights=('21', '22', '30', '1/5'), thresholds=(26, 19, 42, 2), score=0.999287, elapsed=1490.4s

============================================================
Iteration 16/30
  Tested: weights=('23', '28', '23', '1/5'), thresholds=(27, 20, 40, 2)
  validation: F_1/7=0.999247, good=205768, bad=38, missed=5894, trie_nodes=5767, objective=0.999243
  Tested: weights=('23', '30', '28', '1/5'), thresholds=(28, 20, 40, 2)
  validation: F_1/7=0.999250, good=205660, bad=35, missed=6002, trie_nodes=5713, objective=0.999247
  Tested: weights=('23', '9', '27', '1/5'), thresholds=(27, 16, 40, 2)
  validation: F_1/7=0.999263, good=205974, bad=39, missed=5688, trie_nodes=5769, objective=0.999259
  Tested: weights=('23', '28', '28', '1/5'), thresholds=(27, 20, 40, 2)
  validation: F_1/7=0.999247, good=205768, bad=38, missed=5894, trie_nodes=5767, objective=0.999243
  Tested: weights=('23', '29', '23', '1/5'), thresholds=(27, 20, 40, 3)
  validation: F_1/7=0.999236, good=205803, bad=41, missed=5859, trie_nodes=5788, objective=0.999233
  Best so far: weights=('21', '22', '30', '1/5'), thresholds=(26, 19, 42, 2), score=0.999287, elapsed=1591.3s

============================================================
Iteration 17/30
  Tested: weights=('19', '24', '27', '1/4'), thresholds=(30, 16, 39, 26)
  validation: F_1/7=0.998486, good=206494, bad=214, missed=5168, trie_nodes=4767, objective=0.998483
  Tested: weights=('19', '24', '1', '20'), thresholds=(30, 16, 39, 33)
  validation: F_1/7=0.994093, good=208326, bad=1195, missed=3336, trie_nodes=4560, objective=0.994091
  Tested: weights=('19', '9', '1', '1/4'), thresholds=(30, 16, 17, 24)
  validation: F_1/7=0.998569, good=208210, bad=234, missed=3452, trie_nodes=5558, objective=0.998566
  Tested: weights=('17', '9', '1', '20'), thresholds=(30, 16, 37, 7)
  validation: F_1/7=0.997389, good=208440, bad=491, missed=3222, trie_nodes=5049, objective=0.997386
  Tested: weights=('19', '10', '30', '1/4'), thresholds=(29, 7, 14, 2)
  validation: F_1/7=0.999425, good=208454, bad=57, missed=3208, trie_nodes=7318, objective=0.999420
  Best so far: weights=('19', '10', '30', '1/4'), thresholds=(29, 7, 14, 2), score=0.999420, elapsed=1699.0s

============================================================
Iteration 18/30
  Tested: weights=('22', '20', '27', '1/2'), thresholds=(25, 1, 21, 2)
  validation: F_1/7=0.999104, good=207456, bad=104, missed=4206, trie_nodes=8132, objective=0.999099
  Tested: weights=('22', '8', '30', '1/4'), thresholds=(26, 3, 13, 2)
  validation: F_1/7=0.999290, good=208609, bad=89, missed=3053, trie_nodes=8355, objective=0.999285
  Tested: weights=('22', '10', '30', '1/2'), thresholds=(25, 2, 13, 2)
  validation: F_1/7=0.999287, good=208672, bad=91, missed=2990, trie_nodes=8613, objective=0.999281
  Tested: weights=('22', '10', '30', '1/2'), thresholds=(25, 7, 12, 2)
  validation: F_1/7=0.999357, good=208811, bad=79, missed=2851, trie_nodes=8409, objective=0.999352
  Tested: weights=('22', '10', '30', '1/2'), thresholds=(25, 1, 12, 2)
  validation: F_1/7=0.999228, good=208882, bad=108, missed=2780, trie_nodes=9106, objective=0.999222
  Best so far: weights=('19', '10', '30', '1/4'), thresholds=(29, 7, 14, 2), score=0.999420, elapsed=1813.6s

============================================================
Iteration 19/30
  Tested: weights=('17', '13', '30', '3'), thresholds=(23, 4, 13, 5)
  validation: F_1/7=0.998456, good=209112, bad=278, missed=2550, trie_nodes=7119, objective=0.998451
  Tested: weights=('17', '13', '30', '3'), thresholds=(23, 4, 13, 5)
  validation: F_1/7=0.998456, good=209112, bad=278, missed=2550, trie_nodes=7119, objective=0.998451
  Tested: weights=('24', '13', '30', '1'), thresholds=(23, 6, 13, 5)
  validation: F_1/7=0.998503, good=208616, bad=257, missed=3046, trie_nodes=7675, objective=0.998498
  Tested: weights=('17', '13', '30', '3'), thresholds=(23, 4, 13, 5)
  validation: F_1/7=0.998456, good=209112, bad=278, missed=2550, trie_nodes=7119, objective=0.998451
  Tested: weights=('17', '13', '30', '3'), thresholds=(23, 7, 13, 5)
  validation: F_1/7=0.998344, good=209116, bad=302, missed=2546, trie_nodes=6878, objective=0.998340
  Best so far: weights=('19', '10', '30', '1/4'), thresholds=(29, 7, 14, 2), score=0.999420, elapsed=1918.6s

============================================================
Iteration 20/30
  Tested: weights=('19', '8', '28', '1/4'), thresholds=(29, 2, 11, 3)
  validation: F_1/7=0.999318, good=209227, bad=96, missed=2435, trie_nodes=8563, objective=0.999313
  Tested: weights=('19', '8', '28', '1/4'), thresholds=(20, 2, 11, 3)
  validation: F_1/7=0.999359, good=209264, bad=88, missed=2398, trie_nodes=8603, objective=0.999354
  Tested: weights=('19', '10', '28', '1/4'), thresholds=(29, 3, 15, 3)
  validation: F_1/7=0.999304, good=208471, bad=83, missed=3191, trie_nodes=7662, objective=0.999300
  Tested: weights=('19', '8', '28', '1/4'), thresholds=(25, 2, 11, 3)
  validation: F_1/7=0.999321, good=209260, bad=96, missed=2402, trie_nodes=8565, objective=0.999316
  Tested: weights=('19', '8', '28', '1/4'), thresholds=(20, 2, 11, 3)
  validation: F_1/7=0.999359, good=209264, bad=88, missed=2398, trie_nodes=8603, objective=0.999354
  Best so far: weights=('19', '10', '30', '1/4'), thresholds=(29, 7, 14, 2), score=0.999420, elapsed=2018.7s

============================================================
Iteration 21/30
  Tested: weights=('19', '10', '28', '1/4'), thresholds=(21, 3, 11, 9)
  validation: F_1/7=0.998939, good=209271, bad=178, missed=2391, trie_nodes=7984, objective=0.998934
  Tested: weights=('19', '10', '28', '1/4'), thresholds=(18, 3, 11, 9)
  validation: F_1/7=0.998944, good=209319, bad=178, missed=2343, trie_nodes=7987, objective=0.998939
  Tested: weights=('15', '10', '28', '1/4'), thresholds=(20, 3, 15, 7)
  validation: F_1/7=0.999089, good=208944, bad=139, missed=2718, trie_nodes=7017, objective=0.999085
  Tested: weights=('15', '10', '28', '1/4'), thresholds=(17, 3, 11, 9)
  validation: F_1/7=0.998907, good=209553, bad=191, missed=2109, trie_nodes=7623, objective=0.998902
  Tested: weights=('19', '10', '28', '12'), thresholds=(17, 3, 11, 9)
  validation: F_1/7=0.998740, good=209378, bad=223, missed=2284, trie_nodes=7959, objective=0.998735
  Best so far: weights=('19', '10', '30', '1/4'), thresholds=(29, 7, 14, 2), score=0.999420, elapsed=2117.6s

============================================================
Iteration 22/30
  Tested: weights=('21', '8', '25', '1/2'), thresholds=(26, 8, 8, 3)
  validation: F_1/7=0.999234, good=209650, bad=123, missed=2012, trie_nodes=8943, objective=0.999228
  Tested: weights=('18', '7', '25', '1/2'), thresholds=(26, 7, 8, 3)
  validation: F_1/7=0.999232, good=209817, bad=127, missed=1845, trie_nodes=8538, objective=0.999226
  Tested: weights=('18', '7', '25', '1/2'), thresholds=(25, 7, 7, 3)
  validation: F_1/7=0.999227, good=210011, bad=132, missed=1651, trie_nodes=8977, objective=0.999222
  Tested: weights=('18', '7', '25', '1/2'), thresholds=(25, 6, 7, 3)
  validation: F_1/7=0.999243, good=210023, bad=129, missed=1639, trie_nodes=9007, objective=0.999237
  Tested: weights=('18', '7', '26', '1/2'), thresholds=(25, 6, 8, 3)
  validation: F_1/7=0.999247, good=209830, bad=124, missed=1832, trie_nodes=8556, objective=0.999242
  Best so far: weights=('19', '10', '30', '1/4'), thresholds=(29, 7, 14, 2), score=0.999420, elapsed=2209.8s

============================================================
Iteration 23/30
  Tested: weights=('22', '12', '29', '1/3'), thresholds=(28, 2, 17, 6)
  validation: F_1/7=0.998962, good=207960, bad=145, missed=3702, trie_nodes=7510, objective=0.998957
  Tested: weights=('22', '12', '29', '1/3'), thresholds=(28, 2, 17, 6)
  validation: F_1/7=0.998962, good=207960, bad=145, missed=3702, trie_nodes=7510, objective=0.998957
  Tested: weights=('20', '12', '29', '1/3'), thresholds=(15, 2, 17, 6)
  validation: F_1/7=0.998979, good=208552, bad=154, missed=3110, trie_nodes=7738, objective=0.998975
  Tested: weights=('11', '12', '29', '1/3'), thresholds=(28, 2, 17, 6)
  validation: F_1/7=0.998916, good=208952, bad=176, missed=2710, trie_nodes=6731, objective=0.998912
  Tested: weights=('22', '12', '29', '1/3'), thresholds=(29, 2, 17, 6)
  validation: F_1/7=0.998963, good=207972, bad=145, missed=3690, trie_nodes=7509, objective=0.998958
  Best so far: weights=('19', '10', '30', '1/4'), thresholds=(29, 7, 14, 2), score=0.999420, elapsed=2311.7s

============================================================
Iteration 24/30
  Tested: weights=('21', '8', '27', '1'), thresholds=(29, 5, 14, 4)
  validation: F_1/7=0.998678, good=208590, bad=219, missed=3072, trie_nodes=7038, objective=0.998674
  Tested: weights=('21', '8', '27', '1'), thresholds=(24, 5, 15, 4)
  validation: F_1/7=0.998652, good=208470, bad=222, missed=3192, trie_nodes=6895, objective=0.998648
  Tested: weights=('21', '8', '27', '1'), thresholds=(20, 1, 15, 4)
  validation: F_1/7=0.999277, good=208479, bad=89, missed=3183, trie_nodes=8161, objective=0.999272
  Tested: weights=('21', '8', '27', '1'), thresholds=(20, 5, 15, 4)
  validation: F_1/7=0.998618, good=208503, bad=230, missed=3159, trie_nodes=6958, objective=0.998614
  Tested: weights=('21', '8', '27', '1'), thresholds=(20, 5, 14, 4)
  validation: F_1/7=0.998630, good=208669, bad=231, missed=2993, trie_nodes=7136, objective=0.998626
  Best so far: weights=('19', '10', '30', '1/4'), thresholds=(29, 7, 14, 2), score=0.999420, elapsed=2425.5s

============================================================
Iteration 25/30
  Tested: weights=('20', '6', '30', '1/5'), thresholds=(27, 1, 10, 2)
  validation: F_1/7=0.999352, good=209332, bad=91, missed=2330, trie_nodes=9054, objective=0.999346
  Tested: weights=('20', '6', '30', '1/5'), thresholds=(27, 1, 10, 2)
  validation: F_1/7=0.999352, good=209332, bad=91, missed=2330, trie_nodes=9054, objective=0.999346
  Tested: weights=('20', '6', '30', '1/5'), thresholds=(27, 42, 10, 2)
  validation: F_1/7=0.999425, good=208174, bad=51, missed=3488, trie_nodes=7945, objective=0.999420
  Tested: weights=('20', '6', '30', '1/5'), thresholds=(27, 42, 10, 2)
  validation: F_1/7=0.999425, good=208174, bad=51, missed=3488, trie_nodes=7945, objective=0.999420
  Tested: weights=('20', '6', '30', '1/5'), thresholds=(29, 41, 9, 2)
  validation: F_1/7=0.999420, good=208361, bad=56, missed=3301, trie_nodes=8321, objective=0.999415
  Best so far: weights=('20', '6', '30', '1/5'), thresholds=(27, 42, 10, 2), score=0.999420, elapsed=2520.4s

============================================================
Iteration 26/30
  Tested: weights=('19', '4', '28', '1/5'), thresholds=(31, 42, 10, 2)
  validation: F_1/7=0.999432, good=208337, bad=53, missed=3325, trie_nodes=7752, objective=0.999427
  Tested: weights=('19', '4', '28', '1/5'), thresholds=(31, 42, 10, 1)
  validation: F_1/7=0.999449, good=208321, bad=49, missed=3341, trie_nodes=7750, objective=0.999444
  Tested: weights=('19', '4', '28', '1/5'), thresholds=(29, 41, 10, 1)
  validation: F_1/7=0.999458, good=208366, bad=48, missed=3296, trie_nodes=7748, objective=0.999454
  Tested: weights=('19', '4', '28', '1/5'), thresholds=(31, 41, 9, 1)
  validation: F_1/7=0.999454, good=208511, bad=52, missed=3151, trie_nodes=8113, objective=0.999449
  Tested: weights=('19', '4', '28', '1/5'), thresholds=(29, 41, 10, 1)
  validation: F_1/7=0.999458, good=208366, bad=48, missed=3296, trie_nodes=7748, objective=0.999454
  Best so far: weights=('19', '4', '28', '1/5'), thresholds=(29, 41, 10, 1), score=0.999454, elapsed=2621.0s

============================================================
Iteration 27/30
  Tested: weights=('17', '4', '26', '1/5'), thresholds=(31, 42, 5, 1)
  validation: F_1/7=0.999443, good=209213, bad=69, missed=2449, trie_nodes=9645, objective=0.999437
  Tested: weights=('16', '4', '26', '1/5'), thresholds=(33, 42, 9, 1)
  validation: F_1/7=0.999506, good=208517, bad=41, missed=3145, trie_nodes=7642, objective=0.999501
  Tested: weights=('17', '4', '26', '1/5'), thresholds=(31, 41, 5, 1)
  validation: F_1/7=0.999447, good=209253, bad=69, missed=2409, trie_nodes=9649, objective=0.999441
  Tested: weights=('16', '4', '26', '1/5'), thresholds=(31, 42, 4, 1)
  validation: F_1/7=0.999438, good=209399, bad=74, missed=2263, trie_nodes=10378, objective=0.999432
  Tested: weights=('16', '4', '26', '1/5'), thresholds=(31, 42, 9, 1)
  validation: F_1/7=0.999506, good=208516, bad=41, missed=3146, trie_nodes=7639, objective=0.999501
  Best so far: weights=('16', '4', '26', '1/5'), thresholds=(33, 42, 9, 1), score=0.999501, elapsed=2719.7s

============================================================
Iteration 28/30
  Tested: weights=('13', '3', '24', '1/5'), thresholds=(31, 42, 5, 1)
  validation: F_1/7=0.999452, good=209355, bad=70, missed=2307, trie_nodes=9006, objective=0.999447
  Tested: weights=('16', '3', '26', '1/5'), thresholds=(33, 42, 3, 1)
  validation: F_1/7=0.999406, good=209693, bad=87, missed=1969, trie_nodes=11858, objective=0.999399
  Tested: weights=('13', '3', '24', '1/5'), thresholds=(33, 42, 5, 1)
  validation: F_1/7=0.999458, good=209366, bad=69, missed=2296, trie_nodes=8992, objective=0.999453
  Tested: weights=('16', '3', '24', '1/5'), thresholds=(33, 42, 4, 1)
  validation: F_1/7=0.999448, good=209499, bad=74, missed=2163, trie_nodes=10381, objective=0.999441
  Tested: weights=('16', '3', '24', '1/5'), thresholds=(31, 42, 4, 1)
  validation: F_1/7=0.999447, good=209493, bad=74, missed=2169, trie_nodes=10357, objective=0.999441
  Best so far: weights=('16', '4', '26', '1/5'), thresholds=(33, 42, 9, 1), score=0.999501, elapsed=2823.7s

============================================================
Iteration 29/30
  Tested: weights=('13', '4', '23', '1/5'), thresholds=(33, 40, 5, 1)
  validation: F_1/7=0.999471, good=209400, bad=67, missed=2262, trie_nodes=8970, objective=0.999465
  Tested: weights=('14', '4', '22', '1/5'), thresholds=(33, 40, 4, 1)
  validation: F_1/7=0.999436, good=209524, bad=77, missed=2138, trie_nodes=9941, objective=0.999430
  Tested: weights=('13', '4', '23', '1/5'), thresholds=(33, 40, 4, 1)
  validation: F_1/7=0.999450, good=209575, bad=75, missed=2087, trie_nodes=9765, objective=0.999445
  Tested: weights=('13', '4', '23', '1/5'), thresholds=(33, 40, 4, 1)
  validation: F_1/7=0.999450, good=209575, bad=75, missed=2087, trie_nodes=9765, objective=0.999445
  Tested: weights=('13', '4', '23', '1/5'), thresholds=(33, 40, 3, 1)
  validation: F_1/7=0.999422, good=209764, bad=85, missed=1898, trie_nodes=11114, objective=0.999416
  Best so far: weights=('16', '4', '26', '1/5'), thresholds=(33, 42, 9, 1), score=0.999501, elapsed=2936.4s

============================================================
Iteration 30/30
  Tested: weights=('12', '2', '24', '1/3'), thresholds=(32, 37, 1, 1)
  validation: F_1/7=0.999287, good=210762, bad=135, missed=900, trie_nodes=15658, objective=0.999278
  Tested: weights=('12', '2', '24', '1/3'), thresholds=(32, 37, 1, 1)
  validation: F_1/7=0.999287, good=210762, bad=135, missed=900, trie_nodes=15658, objective=0.999278
  Tested: weights=('12', '2', '24', '1/3'), thresholds=(32, 37, 1, 1)
  validation: F_1/7=0.999287, good=210762, bad=135, missed=900, trie_nodes=15658, objective=0.999278
  Tested: weights=('12', '2', '24', '1/3'), thresholds=(32, 37, 1, 1)
  validation: F_1/7=0.999287, good=210762, bad=135, missed=900, trie_nodes=15658, objective=0.999278
  Tested: weights=('12', '2', '24', '1/3'), thresholds=(32, 37, 1, 1)
  validation: F_1/7=0.999287, good=210762, bad=135, missed=900, trie_nodes=15658, objective=0.999278
  Best so far: weights=('16', '4', '26', '1/5'), thresholds=(33, 42, 9, 1), score=0.999501, elapsed=3050.5s

============================================================
Extra sampler evaluations: 3
  Tested: weights=('15', '3', '21', '1/4'), thresholds=(35, 39, 5, 1)
  validation: F_1/7=0.999478, good=209567, bad=69, missed=2095, trie_nodes=9347, objective=0.999472
  Tested: weights=('15', '3', '21', '1/4'), thresholds=(35, 39, 5, 1)
  validation: F_1/7=0.999478, good=209567, bad=69, missed=2095, trie_nodes=9347, objective=0.999472
  Tested: weights=('15', '3', '21', '25'), thresholds=(35, 40, 5, 1)
  validation: F_1/7=0.999285, good=210499, bad=130, missed=1163, trie_nodes=10791, objective=0.999278

============================================================
tpe per-level baseline complete
Selected weights: ('16', '4', '26', '1/5')
PATGEN good_wt: (1, 1, 1, 5); bad_wt: (16, 4, 26, 1); thresholds: (33, 42, 9, 1)
Held-out test: {'good': 209068, 'bad': 50, 'missed': 3111, 'train_good': 2176936, 'train_bad': 1, 'train_missed': 28025, 'n_patterns': 5724, 'trie_nodes': 7642}
History: results/hpo_baselines_grouped/tpe/cssk/cshyphen/final_history.csv
Selected profile: results/hpo_baselines_grouped/tpe/cssk/cshyphen/selected_profile.json
