Proportional trie_normalizer for cssk/cshyphen: |D| = 834152
Method: random
Objective: F17+Trie(w=0.0005)
Dataset: /home/dev/hyph-bench/data/cssk/cshyphen/cssk-all-weighted.wlhw_expanded.wlh
Split counts: train=911855, validation=83415, test=83416
Pattern ranges: [(1, 4), (2, 5), (2, 6), (2, 7)]
Search space (8-D): per-level weight in ('1/5', '1/4', '1/3', '1/2', '1', '2', '3', '4', '5', '6', '7', '8', '9', '10', '11', '12', '13', '14', '15', '16', '17', '18', '19', '20', '21', '22', '23', '24', '25', '26', '27', '28', '29', '30'); per-level threshold in [1,42]
Budget: 30 rounds x batch 5 + 3 extra = 153 evaluations

============================================================
Iteration 1/30
  Tested: weights=('9', '29', '21', '17'), thresholds=(7, 7, 3, 37)
  validation: F_1/7=0.996883, good=211099, bad=662, missed=563, trie_nodes=9949, objective=0.996877
  Tested: weights=('7', '14', '11', '6'), thresholds=(26, 6, 13, 16)
  validation: F_1/7=0.997449, good=209995, bad=514, missed=1667, trie_nodes=5895, objective=0.997446
  Tested: weights=('12', '23', '3', '14'), thresholds=(25, 2, 26, 8)
  validation: F_1/7=0.998510, good=208596, bad=255, missed=3066, trie_nodes=6447, objective=0.998506
  Tested: weights=('1/3', '29', '29', '24'), thresholds=(13, 5, 29, 19)
  validation: F_1/7=0.990284, good=210906, bad=2096, missed=756, trie_nodes=11956, objective=0.990277
  Tested: weights=('17', '21', '1/5', '29'), thresholds=(35, 9, 8, 8)
  validation: F_1/7=0.990385, good=211335, bad=2087, missed=327, trie_nodes=10331, objective=0.990378
  Best so far: weights=('12', '23', '3', '14'), thresholds=(25, 2, 26, 8), score=0.998506, elapsed=101.9s

============================================================
Iteration 2/30
  Tested: weights=('15', '3', '29', '23'), thresholds=(40, 38, 26, 39)
  validation: F_1/7=0.994310, good=207590, bad=1129, missed=4072, trie_nodes=4041, objective=0.994308
  Tested: weights=('6', '15', '1', '24'), thresholds=(4, 42, 33, 9)
  validation: F_1/7=0.995384, good=210886, bad=982, missed=776, trie_nodes=6558, objective=0.995380
  Tested: weights=('1/5', '24', '21', '21'), thresholds=(33, 4, 16, 5)
  validation: F_1/7=0.993104, good=210870, bad=1478, missed=792, trie_nodes=13542, objective=0.993096
  Tested: weights=('1', '13', '1/4', '27'), thresholds=(11, 28, 14, 22)
  validation: F_1/7=0.978871, good=211355, bad=4649, missed=307, trie_nodes=5260, objective=0.978868
  Tested: weights=('1/2', '3', '1/4', '8'), thresholds=(17, 12, 35, 15)
  validation: F_1/7=0.989068, good=210805, bad=2360, missed=857, trie_nodes=5246, objective=0.989065
  Best so far: weights=('12', '23', '3', '14'), thresholds=(25, 2, 26, 8), score=0.998506, elapsed=226.9s

============================================================
Iteration 3/30
  Tested: weights=('28', '24', '18', '26'), thresholds=(34, 8, 38, 23)
  validation: F_1/7=0.997381, good=205423, bad=423, missed=6239, trie_nodes=5309, objective=0.997378
  Tested: weights=('26', '18', '8', '1/3'), thresholds=(14, 14, 31, 27)
  validation: F_1/7=0.998172, good=208181, bad=318, missed=3481, trie_nodes=6938, objective=0.998168
  Tested: weights=('27', '5', '10', '22'), thresholds=(10, 4, 13, 7)
  validation: F_1/7=0.998464, good=209234, bad=279, missed=2428, trie_nodes=8823, objective=0.998458
  Tested: weights=('14', '11', '1/5', '1/2'), thresholds=(2, 27, 14, 22)
  validation: F_1/7=0.997055, good=208929, bad=574, missed=2733, trie_nodes=10618, objective=0.997048
  Tested: weights=('27', '13', '1', '21'), thresholds=(32, 24, 33, 21)
  validation: F_1/7=0.993914, good=208416, bad=1236, missed=3246, trie_nodes=5051, objective=0.993911
  Best so far: weights=('12', '23', '3', '14'), thresholds=(25, 2, 26, 8), score=0.998506, elapsed=319.5s

============================================================
Iteration 4/30
  Tested: weights=('6', '1/4', '17', '14'), thresholds=(3, 12, 39, 11)
  validation: F_1/7=0.998754, good=207628, bad=182, missed=4034, trie_nodes=6540, objective=0.998750
  Tested: weights=('24', '27', '7', '1/2'), thresholds=(10, 18, 35, 37)
  validation: F_1/7=0.996728, good=208970, bad=645, missed=2692, trie_nodes=7437, objective=0.996724
  Tested: weights=('14', '20', '9', '30'), thresholds=(41, 11, 21, 13)
  validation: F_1/7=0.996808, good=208466, bad=616, missed=3196, trie_nodes=4995, objective=0.996805
  Tested: weights=('1/5', '14', '11', '4'), thresholds=(6, 15, 40, 14)
  validation: F_1/7=0.985496, good=210628, bad=3142, missed=1034, trie_nodes=6353, objective=0.985493
  Tested: weights=('1', '13', '30', '5'), thresholds=(29, 32, 10, 31)
  validation: F_1/7=0.978969, good=210978, bad=4611, missed=684, trie_nodes=3953, objective=0.978966
  Best so far: weights=('6', '1/4', '17', '14'), thresholds=(3, 12, 39, 11), score=0.998750, elapsed=417.1s

============================================================
Iteration 5/30
  Tested: weights=('20', '10', '28', '1'), thresholds=(15, 5, 39, 37)
  validation: F_1/7=0.998230, good=208244, bad=307, missed=3418, trie_nodes=6475, objective=0.998226
  Tested: weights=('27', '18', '8', '8'), thresholds=(31, 38, 38, 33)
  validation: F_1/7=0.994429, good=206225, bad=1068, missed=5437, trie_nodes=4772, objective=0.994426
  Tested: weights=('1/4', '17', '20', '1/5'), thresholds=(22, 10, 28, 8)
  validation: F_1/7=0.998657, good=204936, bad=144, missed=6726, trie_nodes=8523, objective=0.998652
  Tested: weights=('9', '18', '18', '15'), thresholds=(4, 36, 14, 8)
  validation: F_1/7=0.996856, good=210725, bad=659, missed=937, trie_nodes=8065, objective=0.996851
  Tested: weights=('5', '19', '24', '15'), thresholds=(23, 11, 4, 38)
  validation: F_1/7=0.994788, good=211171, bad=1119, missed=491, trie_nodes=6895, objective=0.994784
  Best so far: weights=('6', '1/4', '17', '14'), thresholds=(3, 12, 39, 11), score=0.998750, elapsed=513.5s

============================================================
Iteration 6/30
  Tested: weights=('18', '1/3', '2', '27'), thresholds=(26, 1, 5, 28)
  validation: F_1/7=0.996836, good=210664, bad=662, missed=998, trie_nodes=8793, objective=0.996830
  Tested: weights=('16', '13', '3', '21'), thresholds=(12, 2, 28, 8)
  validation: F_1/7=0.998758, good=209418, bad=220, missed=2244, trie_nodes=7608, objective=0.998753
  Tested: weights=('6', '5', '30', '10'), thresholds=(38, 27, 34, 22)
  validation: F_1/7=0.994604, good=209012, bad=1103, missed=2650, trie_nodes=2869, objective=0.994602
  Tested: weights=('8', '22', '19', '25'), thresholds=(28, 24, 4, 16)
  validation: F_1/7=0.994003, good=210945, bad=1284, missed=717, trie_nodes=7920, objective=0.993998
  Tested: weights=('1/5', '2', '15', '20'), thresholds=(28, 10, 30, 10)
  validation: F_1/7=0.995201, good=209116, bad=977, missed=2546, trie_nodes=4042, objective=0.995199
  Best so far: weights=('16', '13', '3', '21'), thresholds=(12, 2, 28, 8), score=0.998753, elapsed=615.5s

============================================================
Iteration 7/30
  Tested: weights=('26', '22', '20', '20'), thresholds=(16, 13, 34, 35)
  validation: F_1/7=0.996751, good=207789, bad=612, missed=3873, trie_nodes=6523, objective=0.996748
  Tested: weights=('29', '26', '7', '10'), thresholds=(36, 14, 8, 24)
  validation: F_1/7=0.996246, good=209895, bad=771, missed=1767, trie_nodes=8609, objective=0.996241
  Tested: weights=('28', '20', '16', '1/2'), thresholds=(26, 42, 6, 22)
  validation: F_1/7=0.998033, good=209807, bad=384, missed=1855, trie_nodes=10237, objective=0.998027
  Tested: weights=('26', '28', '14', '14'), thresholds=(34, 28, 30, 34)
  validation: F_1/7=0.994477, good=206196, bad=1057, missed=5466, trie_nodes=4835, objective=0.994474
  Tested: weights=('28', '29', '28', '9'), thresholds=(1, 39, 18, 41)
  validation: F_1/7=0.993017, good=210505, bad=1487, missed=1157, trie_nodes=16996, objective=0.993006
  Best so far: weights=('16', '13', '3', '21'), thresholds=(12, 2, 28, 8), score=0.998753, elapsed=706.2s

============================================================
Iteration 8/30
  Tested: weights=('27', '8', '9', '1/2'), thresholds=(25, 2, 20, 23)
  validation: F_1/7=0.998719, good=207565, bad=188, missed=4097, trie_nodes=7147, objective=0.998715
  Tested: weights=('23', '4', '18', '1/3'), thresholds=(3, 23, 23, 27)
  validation: F_1/7=0.998134, good=210014, bad=367, missed=1648, trie_nodes=11443, objective=0.998127
  Tested: weights=('6', '17', '1/4', '1/4'), thresholds=(35, 16, 6, 22)
  validation: F_1/7=0.997833, good=204457, bad=306, missed=7205, trie_nodes=6550, objective=0.997829
  Tested: weights=('21', '30', '14', '7'), thresholds=(34, 12, 19, 4)
  validation: F_1/7=0.998430, good=208001, bad=259, missed=3661, trie_nodes=6503, objective=0.998426
  Tested: weights=('1/5', '29', '25', '20'), thresholds=(18, 8, 7, 11)
  validation: F_1/7=0.987158, good=211168, bad=2793, missed=494, trie_nodes=10281, objective=0.987152
  Best so far: weights=('16', '13', '3', '21'), thresholds=(12, 2, 28, 8), score=0.998753, elapsed=804.9s

============================================================
Iteration 9/30
  Tested: weights=('10', '17', '18', '1/4'), thresholds=(16, 27, 22, 36)
  validation: F_1/7=0.998288, good=208662, bad=304, missed=3000, trie_nodes=5114, objective=0.998285
  Tested: weights=('26', '20', '13', '1/2'), thresholds=(21, 20, 8, 19)
  validation: F_1/7=0.998089, good=209584, bad=367, missed=2078, trie_nodes=8857, objective=0.998084
  Tested: weights=('15', '21', '19', '6'), thresholds=(41, 31, 24, 26)
  validation: F_1/7=0.994553, good=207931, bad=1086, missed=3731, trie_nodes=4386, objective=0.994550
  Tested: weights=('19', '2', '1/3', '18'), thresholds=(2, 25, 40, 25)
  validation: F_1/7=0.993430, good=210915, bad=1408, missed=747, trie_nodes=11223, objective=0.993424
  Tested: weights=('11', '5', '9', '22'), thresholds=(1, 5, 2, 2)
  validation: F_1/7=0.998714, good=211243, bad=269, missed=419, trie_nodes=14314, objective=0.998705
  Best so far: weights=('16', '13', '3', '21'), thresholds=(12, 2, 28, 8), score=0.998753, elapsed=904.3s

============================================================
Iteration 10/30
  Tested: weights=('25', '1/5', '24', '6'), thresholds=(5, 30, 27, 37)
  validation: F_1/7=0.998639, good=208621, bad=228, missed=3041, trie_nodes=9989, objective=0.998633
  Tested: weights=('10', '18', '12', '15'), thresholds=(40, 17, 41, 39)
  validation: F_1/7=0.994941, good=207277, bad=986, missed=4385, trie_nodes=3695, objective=0.994939
  Tested: weights=('21', '24', '6', '3'), thresholds=(32, 34, 42, 18)
  validation: F_1/7=0.996144, good=206733, bad=716, missed=4929, trie_nodes=4347, objective=0.996141
  Tested: weights=('9', '23', '8', '28'), thresholds=(37, 19, 32, 32)
  validation: F_1/7=0.994342, good=208193, bad=1138, missed=3469, trie_nodes=3820, objective=0.994340
  Tested: weights=('3', '1/3', '1/2', '1/5'), thresholds=(4, 29, 3, 14)
  validation: F_1/7=0.994461, good=172223, bad=174, missed=39439, trie_nodes=5998, objective=0.994457
  Best so far: weights=('16', '13', '3', '21'), thresholds=(12, 2, 28, 8), score=0.998753, elapsed=1004.1s

============================================================
Iteration 11/30
  Tested: weights=('27', '1/2', '7', '29'), thresholds=(40, 25, 27, 19)
  validation: F_1/7=0.997453, good=206776, bad=439, missed=4886, trie_nodes=5118, objective=0.997450
  Tested: weights=('1/2', '27', '14', '25'), thresholds=(14, 38, 17, 1)
  validation: F_1/7=0.997179, good=210759, bad=590, missed=903, trie_nodes=23494, objective=0.997165
  Tested: weights=('1/4', '15', '12', '27'), thresholds=(15, 5, 7, 32)
  validation: F_1/7=0.991547, good=211072, bad=1824, missed=590, trie_nodes=10437, objective=0.991541
  Tested: weights=('18', '1/2', '1/3', '20'), thresholds=(4, 35, 30, 4)
  validation: F_1/7=0.997760, good=210698, bad=463, missed=964, trie_nodes=10689, objective=0.997754
  Tested: weights=('6', '8', '19', '22'), thresholds=(34, 34, 4, 21)
  validation: F_1/7=0.993378, good=211121, bad=1425, missed=541, trie_nodes=6248, objective=0.993374
  Best so far: weights=('16', '13', '3', '21'), thresholds=(12, 2, 28, 8), score=0.998753, elapsed=1122.1s

============================================================
Iteration 12/30
  Tested: weights=('9', '1/3', '23', '15'), thresholds=(18, 39, 5, 21)
  validation: F_1/7=0.997730, good=210502, bad=465, missed=1160, trie_nodes=8757, objective=0.997725
  Tested: weights=('1/3', '30', '9', '9'), thresholds=(35, 40, 42, 32)
  validation: F_1/7=0.969934, good=210931, bad=6657, missed=731, trie_nodes=4116, objective=0.969931
  Tested: weights=('29', '9', '6', '26'), thresholds=(10, 41, 1, 41)
  validation: F_1/7=0.993340, good=211221, bad=1436, missed=441, trie_nodes=17346, objective=0.993330
  Tested: weights=('1/4', '27', '14', '30'), thresholds=(4, 24, 41, 22)
  validation: F_1/7=0.973313, good=211024, bad=5891, missed=638, trie_nodes=5882, objective=0.973310
  Tested: weights=('1/5', '12', '1/4', '1'), thresholds=(5, 28, 32, 25)
  validation: F_1/7=0.985166, good=209983, bad=3192, missed=1679, trie_nodes=5025, objective=0.985163
  Best so far: weights=('16', '13', '3', '21'), thresholds=(12, 2, 28, 8), score=0.998753, elapsed=1218.3s

============================================================
Iteration 13/30
  Tested: weights=('16', '1/3', '30', '30'), thresholds=(30, 23, 14, 35)
  validation: F_1/7=0.998608, good=208454, bad=231, missed=3208, trie_nodes=6129, objective=0.998604
  Tested: weights=('29', '27', '12', '18'), thresholds=(12, 8, 20, 15)
  validation: F_1/7=0.997405, good=208583, bad=491, missed=3079, trie_nodes=8029, objective=0.997400
  Tested: weights=('20', '2', '27', '24'), thresholds=(40, 31, 26, 18)
  validation: F_1/7=0.996461, good=206917, bad=653, missed=4745, trie_nodes=4620, objective=0.996458
  Tested: weights=('28', '26', '1/4', '1/5'), thresholds=(16, 35, 42, 7)
  validation: F_1/7=0.998317, good=197966, bad=61, missed=13696, trie_nodes=7491, objective=0.998313
  Tested: weights=('18', '20', '12', '18'), thresholds=(25, 38, 2, 12)
  validation: F_1/7=0.996337, good=211084, bad=780, missed=578, trie_nodes=12701, objective=0.996330
  Best so far: weights=('16', '13', '3', '21'), thresholds=(12, 2, 28, 8), score=0.998753, elapsed=1311.5s

============================================================
Iteration 14/30
  Tested: weights=('15', '16', '26', '10'), thresholds=(6, 2, 32, 27)
  validation: F_1/7=0.998779, good=209998, bad=228, missed=1664, trie_nodes=9163, objective=0.998774
  Tested: weights=('25', '5', '12', '1'), thresholds=(41, 26, 10, 29)
  validation: F_1/7=0.996005, good=209360, bad=810, missed=2302, trie_nodes=7532, objective=0.996000
  Tested: weights=('1/4', '26', '24', '30'), thresholds=(42, 24, 33, 40)
  validation: F_1/7=0.972217, good=210932, bad=6136, missed=730, trie_nodes=4763, objective=0.972214
  Tested: weights=('18', '9', '1/2', '19'), thresholds=(22, 33, 22, 36)
  validation: F_1/7=0.989210, good=210522, bad=2320, missed=1140, trie_nodes=5581, objective=0.989206
  Tested: weights=('17', '9', '29', '25'), thresholds=(36, 20, 18, 12)
  validation: F_1/7=0.996974, good=208323, bad=577, missed=3339, trie_nodes=5437, objective=0.996971
  Best so far: weights=('15', '16', '26', '10'), thresholds=(6, 2, 32, 27), score=0.998774, elapsed=1409.1s

============================================================
Iteration 15/30
  Tested: weights=('27', '8', '14', '23'), thresholds=(17, 27, 37, 40)
  validation: F_1/7=0.995210, good=207533, bad=935, missed=4129, trie_nodes=6139, objective=0.995206
  Tested: weights=('2', '28', '13', '5'), thresholds=(20, 42, 21, 14)
  validation: F_1/7=0.989447, good=210459, bad=2266, missed=1203, trie_nodes=5057, objective=0.989444
  Tested: weights=('18', '5', '1/3', '1'), thresholds=(6, 7, 6, 27)
  validation: F_1/7=0.994301, good=210904, bad=1218, missed=758, trie_nodes=10087, objective=0.994295
  Tested: weights=('20', '4', '1', '1/5'), thresholds=(15, 25, 17, 19)
  validation: F_1/7=0.998910, good=207631, bad=149, missed=4031, trie_nodes=6389, objective=0.998906
  Tested: weights=('3', '8', '27', '13'), thresholds=(29, 8, 9, 2)
  validation: F_1/7=0.998064, good=210771, bad=399, missed=891, trie_nodes=8907, objective=0.998059
  Best so far: weights=('20', '4', '1', '1/5'), thresholds=(15, 25, 17, 19), score=0.998906, elapsed=1511.0s

============================================================
Iteration 16/30
  Tested: weights=('18', '9', '12', '22'), thresholds=(2, 11, 30, 38)
  validation: F_1/7=0.996818, good=210460, bad=661, missed=1202, trie_nodes=11149, objective=0.996811
  Tested: weights=('2', '6', '3', '1/2'), thresholds=(6, 20, 9, 16)
  validation: F_1/7=0.996768, good=210008, bad=661, missed=1654, trie_nodes=5506, objective=0.996765
  Tested: weights=('1/3', '6', '24', '22'), thresholds=(8, 9, 16, 21)
  validation: F_1/7=0.991862, good=210581, bad=1741, missed=1081, trie_nodes=5963, objective=0.991858
  Tested: weights=('14', '15', '1/2', '12'), thresholds=(23, 11, 12, 16)
  validation: F_1/7=0.993310, good=211014, bad=1437, missed=648, trie_nodes=6829, objective=0.993306
  Tested: weights=('14', '20', '1/4', '24'), thresholds=(27, 4, 37, 39)
  validation: F_1/7=0.986910, good=210877, bad=2838, missed=785, trie_nodes=6484, objective=0.986906
  Best so far: weights=('20', '4', '1', '1/5'), thresholds=(15, 25, 17, 19), score=0.998906, elapsed=1610.9s

============================================================
Iteration 17/30
  Tested: weights=('1/3', '14', '10', '30'), thresholds=(5, 17, 41, 37)
  validation: F_1/7=0.981387, good=210725, bad=4059, missed=937, trie_nodes=5422, objective=0.981384
  Tested: weights=('1/2', '2', '5', '2'), thresholds=(8, 12, 8, 38)
  validation: F_1/7=0.993750, good=210753, bad=1334, missed=909, trie_nodes=5181, objective=0.993747
  Tested: weights=('1/5', '7', '4', '8'), thresholds=(6, 38, 25, 29)
  validation: F_1/7=0.978346, good=210652, bad=4737, missed=1010, trie_nodes=3693, objective=0.978344
  Tested: weights=('6', '9', '18', '16'), thresholds=(15, 42, 26, 10)
  validation: F_1/7=0.996118, good=210153, bad=805, missed=1509, trie_nodes=4483, objective=0.996115
  Tested: weights=('23', '13', '1/3', '15'), thresholds=(25, 32, 19, 6)
  validation: F_1/7=0.995519, good=210978, bad=955, missed=684, trie_nodes=8898, objective=0.995514
  Best so far: weights=('20', '4', '1', '1/5'), thresholds=(15, 25, 17, 19), score=0.998906, elapsed=1728.7s

============================================================
Iteration 18/30
  Tested: weights=('23', '3', '8', '11'), thresholds=(22, 11, 5, 26)
  validation: F_1/7=0.997447, good=210493, bad=526, missed=1169, trie_nodes=9699, objective=0.997441
  Tested: weights=('1/3', '30', '7', '24'), thresholds=(11, 29, 32, 26)
  validation: F_1/7=0.969933, good=211101, bad=6666, missed=561, trie_nodes=5008, objective=0.969930
  Tested: weights=('24', '5', '2', '19'), thresholds=(40, 24, 25, 12)
  validation: F_1/7=0.996543, good=208477, bad=673, missed=3185, trie_nodes=5136, objective=0.996540
  Tested: weights=('13', '11', '8', '28'), thresholds=(35, 41, 6, 31)
  validation: F_1/7=0.993087, good=210593, bad=1474, missed=1069, trie_nodes=7259, objective=0.993083
  Tested: weights=('6', '16', '2', '13'), thresholds=(23, 3, 15, 6)
  validation: F_1/7=0.998274, good=210294, bad=343, missed=1368, trie_nodes=6948, objective=0.998270
  Best so far: weights=('20', '4', '1', '1/5'), thresholds=(15, 25, 17, 19), score=0.998906, elapsed=1835.4s

============================================================
Iteration 19/30
  Tested: weights=('10', '24', '11', '9'), thresholds=(20, 13, 32, 22)
  validation: F_1/7=0.995735, good=208869, bad=856, missed=2793, trie_nodes=4815, objective=0.995732
  Tested: weights=('18', '8', '1', '23'), thresholds=(27, 23, 38, 34)
  validation: F_1/7=0.993662, good=208484, bad=1292, missed=3178, trie_nodes=4354, objective=0.993660
  Tested: weights=('3', '2', '2', '24'), thresholds=(28, 22, 16, 37)
  validation: F_1/7=0.992916, good=210223, bad=1501, missed=1439, trie_nodes=3409, objective=0.992914
  Tested: weights=('4', '27', '10', '15'), thresholds=(39, 27, 5, 40)
  validation: F_1/7=0.987934, good=211146, bad=2621, missed=516, trie_nodes=5480, objective=0.987930
  Tested: weights=('28', '3', '1/3', '22'), thresholds=(25, 36, 6, 34)
  validation: F_1/7=0.983033, good=211404, bad=3718, missed=258, trie_nodes=8309, objective=0.983028
  Best so far: weights=('20', '4', '1', '1/5'), thresholds=(15, 25, 17, 19), score=0.998906, elapsed=1942.5s

============================================================
Iteration 20/30
  Tested: weights=('2', '7', '5', '22'), thresholds=(2, 24, 33, 37)
  validation: F_1/7=0.986027, good=210751, bad=3029, missed=911, trie_nodes=4525, objective=0.986024
  Tested: weights=('14', '17', '1/5', '26'), thresholds=(40, 24, 30, 39)
  validation: F_1/7=0.977094, good=211183, bad=5042, missed=479, trie_nodes=5478, objective=0.977091
  Tested: weights=('8', '24', '1/2', '25'), thresholds=(6, 17, 34, 7)
  validation: F_1/7=0.996175, good=210743, bad=807, missed=919, trie_nodes=7493, objective=0.996170
  Tested: weights=('4', '21', '21', '18'), thresholds=(30, 23, 11, 15)
  validation: F_1/7=0.992620, good=210707, bad=1579, missed=955, trie_nodes=4899, objective=0.992617
  Tested: weights=('3', '27', '16', '10'), thresholds=(20, 40, 7, 25)
  validation: F_1/7=0.984645, good=211081, bad=3347, missed=581, trie_nodes=4935, objective=0.984642
  Best so far: weights=('20', '4', '1', '1/5'), thresholds=(15, 25, 17, 19), score=0.998906, elapsed=2042.1s

============================================================
Iteration 21/30
  Tested: weights=('21', '2', '16', '17'), thresholds=(18, 31, 40, 39)
  validation: F_1/7=0.995474, good=207750, bad=884, missed=3912, trie_nodes=5188, objective=0.995471
  Tested: weights=('12', '1/2', '30', '25'), thresholds=(6, 39, 37, 22)
  validation: F_1/7=0.996962, good=209444, bad=606, missed=2218, trie_nodes=6690, objective=0.996958
  Tested: weights=('1', '2', '13', '11'), thresholds=(39, 16, 25, 27)
  validation: F_1/7=0.993515, good=209415, bad=1349, missed=2247, trie_nodes=3411, objective=0.993513
  Tested: weights=('15', '28', '8', '8'), thresholds=(31, 19, 10, 20)
  validation: F_1/7=0.995326, good=209906, bad=970, missed=1756, trie_nodes=6450, objective=0.995322
  Tested: weights=('17', '10', '1/4', '8'), thresholds=(34, 1, 15, 17)
  validation: F_1/7=0.990455, good=211149, bad=2066, missed=513, trie_nodes=8854, objective=0.990449
  Best so far: weights=('20', '4', '1', '1/5'), thresholds=(15, 25, 17, 19), score=0.998906, elapsed=2140.5s

============================================================
Iteration 22/30
  Tested: weights=('1/4', '13', '16', '1/3'), thresholds=(33, 20, 23, 19)
  validation: F_1/7=0.997188, good=206203, bad=482, missed=5459, trie_nodes=5548, objective=0.997184
  Tested: weights=('10', '16', '2', '3'), thresholds=(37, 40, 16, 12)
  validation: F_1/7=0.996874, good=209613, bad=629, missed=2049, trie_nodes=4876, objective=0.996871
  Tested: weights=('14', '17', '1/3', '22'), thresholds=(9, 38, 9, 9)
  validation: F_1/7=0.994614, good=211253, bad=1159, missed=409, trie_nodes=9171, objective=0.994608
  Tested: weights=('18', '10', '1/5', '2'), thresholds=(31, 28, 2, 10)
  validation: F_1/7=0.993427, good=210043, bad=1385, missed=1619, trie_nodes=8760, objective=0.993422
  Tested: weights=('1/5', '19', '3', '29'), thresholds=(7, 18, 4, 42)
  validation: F_1/7=0.978182, good=211329, bad=4803, missed=333, trie_nodes=6412, objective=0.978178
  Best so far: weights=('20', '4', '1', '1/5'), thresholds=(15, 25, 17, 19), score=0.998906, elapsed=2245.9s

============================================================
Iteration 23/30
  Tested: weights=('18', '10', '15', '11'), thresholds=(13, 40, 33, 6)
  validation: F_1/7=0.997953, good=208859, bad=380, missed=2803, trie_nodes=6507, objective=0.997949
  Tested: weights=('4', '19', '1/5', '1/2'), thresholds=(34, 8, 28, 11)
  validation: F_1/7=0.997481, good=207427, bad=448, missed=4235, trie_nodes=6190, objective=0.997478
  Tested: weights=('1/2', '5', '21', '26'), thresholds=(35, 17, 29, 9)
  validation: F_1/7=0.992738, good=210052, bad=1535, missed=1610, trie_nodes=5046, objective=0.992735
  Tested: weights=('6', '27', '1/5', '1/3'), thresholds=(9, 2, 8, 25)
  validation: F_1/7=0.997550, good=209239, bad=475, missed=2423, trie_nodes=10243, objective=0.997544
  Tested: weights=('11', '27', '24', '8'), thresholds=(11, 16, 25, 12)
  validation: F_1/7=0.996120, good=209719, bad=794, missed=1943, trie_nodes=5978, objective=0.996116
  Best so far: weights=('20', '4', '1', '1/5'), thresholds=(15, 25, 17, 19), score=0.998906, elapsed=2349.4s

============================================================
Iteration 24/30
  Tested: weights=('26', '13', '27', '24'), thresholds=(18, 1, 12, 23)
  validation: F_1/7=0.999142, good=208772, bad=124, missed=2890, trie_nodes=9605, objective=0.999136
  Tested: weights=('1/5', '28', '1', '16'), thresholds=(12, 24, 28, 35)
  validation: F_1/7=0.971101, good=211085, bad=6398, missed=577, trie_nodes=5252, objective=0.971098
  Tested: weights=('2', '28', '11', '10'), thresholds=(22, 2, 7, 31)
  validation: F_1/7=0.995397, good=210993, bad=982, missed=669, trie_nodes=14130, objective=0.995388
  Tested: weights=('18', '5', '1', '25'), thresholds=(42, 23, 8, 12)
  validation: F_1/7=0.995322, good=210703, bad=991, missed=959, trie_nodes=6391, objective=0.995318
  Tested: weights=('4', '1/5', '1', '27'), thresholds=(37, 26, 26, 28)
  validation: F_1/7=0.990682, good=209384, bad=1963, missed=2278, trie_nodes=3593, objective=0.990680
  Best so far: weights=('26', '13', '27', '24'), thresholds=(18, 1, 12, 23), score=0.999136, elapsed=2468.7s

============================================================
Iteration 25/30
  Tested: weights=('6', '17', '9', '1/2'), thresholds=(39, 6, 40, 19)
  validation: F_1/7=0.997840, good=208849, bad=404, missed=2813, trie_nodes=4833, objective=0.997837
  Tested: weights=('1/3', '17', '5', '10'), thresholds=(13, 15, 31, 13)
  validation: F_1/7=0.984731, good=210860, bad=3320, missed=802, trie_nodes=6521, objective=0.984727
  Tested: weights=('21', '13', '20', '11'), thresholds=(11, 35, 34, 30)
  validation: F_1/7=0.994268, good=208883, bad=1172, missed=2779, trie_nodes=6525, objective=0.994264
  Tested: weights=('16', '13', '19', '28'), thresholds=(31, 10, 2, 12)
  validation: F_1/7=0.997008, good=211058, bad=634, missed=604, trie_nodes=12806, objective=0.997000
  Tested: weights=('17', '1/4', '13', '17'), thresholds=(15, 33, 5, 4)
  validation: F_1/7=0.998749, good=210301, bad=241, missed=1361, trie_nodes=10047, objective=0.998743
  Best so far: weights=('26', '13', '27', '24'), thresholds=(18, 1, 12, 23), score=0.999136, elapsed=2564.3s

============================================================
Iteration 26/30
  Tested: weights=('5', '13', '4', '30'), thresholds=(40, 2, 30, 39)
  validation: F_1/7=0.998595, good=209512, bad=257, missed=2150, trie_nodes=6516, objective=0.998591
  Tested: weights=('3', '16', '28', '1/4'), thresholds=(30, 13, 39, 41)
  validation: F_1/7=0.996903, good=207970, bad=584, missed=3692, trie_nodes=4582, objective=0.996900
  Tested: weights=('3', '15', '26', '21'), thresholds=(34, 28, 30, 36)
  validation: F_1/7=0.984377, good=209975, bad=3366, missed=1687, trie_nodes=3195, objective=0.984375
  Tested: weights=('29', '13', '26', '25'), thresholds=(14, 35, 2, 26)
  validation: F_1/7=0.994887, good=210922, bad=1091, missed=740, trie_nodes=15822, objective=0.994878
  Tested: weights=('4', '1', '1/3', '20'), thresholds=(15, 31, 3, 14)
  validation: F_1/7=0.991013, good=211469, bad=1953, missed=193, trie_nodes=7893, objective=0.991008
  Best so far: weights=('26', '13', '27', '24'), thresholds=(18, 1, 12, 23), score=0.999136, elapsed=2666.5s

============================================================
Iteration 27/30
  Tested: weights=('26', '1/5', '26', '14'), thresholds=(40, 34, 42, 15)
  validation: F_1/7=0.998385, good=203801, bad=176, missed=7861, trie_nodes=4519, objective=0.998382
  Tested: weights=('1/4', '1/5', '30', '11'), thresholds=(17, 29, 10, 40)
  validation: F_1/7=0.996584, good=209225, bad=682, missed=2437, trie_nodes=8276, objective=0.996579
  Tested: weights=('23', '10', '13', '18'), thresholds=(37, 42, 33, 18)
  validation: F_1/7=0.995875, good=206196, bad=760, missed=5466, trie_nodes=4573, objective=0.995872
  Tested: weights=('11', '22', '5', '1/2'), thresholds=(15, 13, 13, 10)
  validation: F_1/7=0.998591, good=209566, bad=259, missed=2096, trie_nodes=6157, objective=0.998587
  Tested: weights=('15', '23', '7', '18'), thresholds=(38, 26, 10, 2)
  validation: F_1/7=0.998899, good=209941, bad=201, missed=1721, trie_nodes=8312, objective=0.998894
  Best so far: weights=('26', '13', '27', '24'), thresholds=(18, 1, 12, 23), score=0.999136, elapsed=2763.2s

============================================================
Iteration 28/30
  Tested: weights=('30', '2', '10', '22'), thresholds=(30, 7, 35, 10)
  validation: F_1/7=0.998097, good=205904, bad=283, missed=5758, trie_nodes=5336, objective=0.998094
  Tested: weights=('23', '1/2', '11', '26'), thresholds=(40, 20, 26, 8)
  validation: F_1/7=0.998245, good=206723, bad=270, missed=4939, trie_nodes=5017, objective=0.998242
  Tested: weights=('4', '3', '23', '8'), thresholds=(3, 41, 38, 39)
  validation: F_1/7=0.990953, good=210624, bad=1941, missed=1038, trie_nodes=4953, objective=0.990950
  Tested: weights=('30', '4', '29', '19'), thresholds=(26, 22, 10, 8)
  validation: F_1/7=0.997894, good=209012, bad=396, missed=2650, trie_nodes=8789, objective=0.997889
  Tested: weights=('4', '15', '17', '16'), thresholds=(4, 37, 12, 6)
  validation: F_1/7=0.996552, good=211067, bad=733, missed=595, trie_nodes=7219, objective=0.996548
  Best so far: weights=('26', '13', '27', '24'), thresholds=(18, 1, 12, 23), score=0.999136, elapsed=2874.5s

============================================================
Iteration 29/30
  Tested: weights=('25', '13', '13', '17'), thresholds=(35, 15, 29, 24)
  validation: F_1/7=0.996611, good=206412, bad=609, missed=5250, trie_nodes=5035, objective=0.996608
  Tested: weights=('6', '26', '24', '19'), thresholds=(36, 37, 30, 36)
  validation: F_1/7=0.987472, good=209439, bad=2666, missed=2223, trie_nodes=3080, objective=0.987470
  Tested: weights=('9', '5', '21', '13'), thresholds=(4, 10, 29, 4)
  validation: F_1/7=0.998452, good=210443, bad=308, missed=1219, trie_nodes=7902, objective=0.998448
  Tested: weights=('27', '29', '26', '24'), thresholds=(28, 24, 4, 18)
  validation: F_1/7=0.995804, good=210442, bad=880, missed=1220, trie_nodes=12283, objective=0.995796
  Tested: weights=('20', '20', '18', '22'), thresholds=(7, 37, 37, 2)
  validation: F_1/7=0.998778, good=209527, bad=218, missed=2135, trie_nodes=9514, objective=0.998772
  Best so far: weights=('26', '13', '27', '24'), thresholds=(18, 1, 12, 23), score=0.999136, elapsed=2974.3s

============================================================
Iteration 30/30
  Tested: weights=('23', '1/2', '22', '15'), thresholds=(41, 15, 27, 40)
  validation: F_1/7=0.998335, good=206181, bad=239, missed=5481, trie_nodes=4971, objective=0.998332
  Tested: weights=('25', '1', '8', '22'), thresholds=(7, 35, 35, 22)
  validation: F_1/7=0.996122, good=209252, bad=782, missed=2410, trie_nodes=8474, objective=0.996117
  Tested: weights=('1/2', '28', '20', '1/3'), thresholds=(13, 30, 3, 25)
  validation: F_1/7=0.996921, good=203938, bad=485, missed=7724, trie_nodes=6068, objective=0.996918
  Tested: weights=('1/5', '6', '17', '30'), thresholds=(27, 11, 27, 23)
  validation: F_1/7=0.990528, good=210290, bad=2024, missed=1372, trie_nodes=5085, objective=0.990525
  Tested: weights=('8', '18', '1/4', '26'), thresholds=(41, 41, 32, 6)
  validation: F_1/7=0.994000, good=211031, bad=1287, missed=631, trie_nodes=8285, objective=0.993995
  Best so far: weights=('26', '13', '27', '24'), thresholds=(18, 1, 12, 23), score=0.999136, elapsed=3081.0s

============================================================
Extra sampler evaluations: 3
  Tested: weights=('6', '30', '11', '12'), thresholds=(7, 34, 30, 10)
  validation: F_1/7=0.995282, good=210714, bad=1000, missed=948, trie_nodes=5853, objective=0.995278
  Tested: weights=('1/3', '20', '19', '6'), thresholds=(40, 7, 19, 40)
  validation: F_1/7=0.988955, good=210838, bad=2386, missed=824, trie_nodes=8813, objective=0.988950
  Tested: weights=('22', '1/5', '1/5', '8'), thresholds=(21, 33, 29, 19)
  validation: F_1/7=0.988276, good=210889, bad=2537, missed=773, trie_nodes=7543, objective=0.988272

============================================================
random per-level baseline complete
Selected weights: ('26', '13', '27', '24')
PATGEN good_wt: (1, 1, 1, 1); bad_wt: (26, 13, 27, 24); thresholds: (18, 1, 12, 23)
Held-out test: {'good': 209215, 'bad': 129, 'missed': 2964, 'train_good': 2179810, 'train_bad': 139, 'train_missed': 25151, 'n_patterns': 7006, 'trie_nodes': 9605}
History: results/hpo_baselines_grouped/random/cssk/cshyphen/final_history.csv
Selected profile: results/hpo_baselines_grouped/random/cssk/cshyphen/selected_profile.json
