Proportional trie_normalizer for nl/wiktionary: |D| = 528355
Method: random
Objective: F17+Trie(w=0.0005)
Dataset: /home/dev/hyph-bench/data/nl/wiktionary/nl_wiktionary.wlh_dis.wlh
Split counts: train=422684, validation=52835, test=52836
Pattern ranges: [(1, 4), (2, 5), (2, 6), (2, 7)]
Search space (8-D): per-level weight in ('1/5', '1/4', '1/3', '1/2', '1', '2', '3', '4', '5', '6', '7', '8', '9', '10', '11', '12', '13', '14', '15', '16', '17', '18', '19', '20', '21', '22', '23', '24', '25', '26', '27', '28', '29', '30'); per-level threshold in [1,42]
Budget: 30 rounds x batch 5 + 3 extra = 153 evaluations

============================================================
Iteration 1/30
  Tested: weights=('7', '14', '11', '6'), thresholds=(26, 6, 13, 16)
  validation: F_1/7=0.987325, good=145038, bad=1819, missed=3966, trie_nodes=7655, objective=0.987318
  Tested: weights=('9', '29', '21', '17'), thresholds=(7, 7, 3, 37)
  validation: F_1/7=0.986476, good=147305, bad=2026, missed=1699, trie_nodes=17862, objective=0.986459
  Tested: weights=('12', '23', '3', '14'), thresholds=(25, 2, 26, 8)
  validation: F_1/7=0.991325, good=143260, bad=1162, missed=5744, trie_nodes=10365, objective=0.991315
  Tested: weights=('1/3', '29', '29', '24'), thresholds=(13, 5, 29, 19)
  validation: F_1/7=0.978237, good=147786, bad=3330, missed=1218, trie_nodes=13047, objective=0.978225
  Tested: weights=('17', '21', '1/5', '29'), thresholds=(35, 9, 8, 8)
  validation: F_1/7=0.973539, good=148347, bad=4101, missed=657, trie_nodes=14411, objective=0.973525
  Best so far: weights=('12', '23', '3', '14'), thresholds=(25, 2, 26, 8), score=0.991315, elapsed=78.6s

============================================================
Iteration 2/30
  Tested: weights=('15', '3', '29', '23'), thresholds=(40, 38, 26, 39)
  validation: F_1/7=0.984221, good=140694, bad=2132, missed=8310, trie_nodes=4966, objective=0.984217
  Tested: weights=('6', '15', '1', '24'), thresholds=(4, 42, 33, 9)
  validation: F_1/7=0.982955, good=145921, bad=2519, missed=3083, trie_nodes=8516, objective=0.982947
  Tested: weights=('1', '13', '1/4', '27'), thresholds=(11, 28, 14, 22)
  validation: F_1/7=0.956455, good=148238, bad=6871, missed=766, trie_nodes=6209, objective=0.956449
  Tested: weights=('1/5', '24', '21', '21'), thresholds=(33, 4, 16, 5)
  validation: F_1/7=0.984084, good=147729, bad=2412, missed=1275, trie_nodes=17040, objective=0.984068
  Tested: weights=('1/2', '3', '1/4', '8'), thresholds=(17, 12, 35, 15)
  validation: F_1/7=0.971248, good=147385, bad=4419, missed=1619, trie_nodes=5742, objective=0.971243
  Best so far: weights=('12', '23', '3', '14'), thresholds=(25, 2, 26, 8), score=0.991315, elapsed=153.6s

============================================================
Iteration 3/30
  Tested: weights=('28', '24', '18', '26'), thresholds=(34, 8, 38, 23)
  validation: F_1/7=0.990752, good=138007, bad=1090, missed=10997, trie_nodes=5455, objective=0.990747
  Tested: weights=('27', '5', '10', '22'), thresholds=(10, 4, 13, 7)
  validation: F_1/7=0.992098, good=144132, bad=1072, missed=4872, trie_nodes=11217, objective=0.992087
  Tested: weights=('26', '18', '8', '1/3'), thresholds=(14, 14, 31, 27)
  validation: F_1/7=0.991321, good=141330, bad=1106, missed=7674, trie_nodes=7236, objective=0.991314
  Tested: weights=('27', '13', '1', '21'), thresholds=(32, 24, 33, 21)
  validation: F_1/7=0.973816, good=144924, bad=3893, missed=4080, trie_nodes=5066, objective=0.973811
  Tested: weights=('14', '11', '1/5', '1/2'), thresholds=(2, 27, 14, 22)
  validation: F_1/7=0.985167, good=127220, bad=1510, missed=21784, trie_nodes=13724, objective=0.985154
  Best so far: weights=('27', '5', '10', '22'), thresholds=(10, 4, 13, 7), score=0.992087, elapsed=222.7s

============================================================
Iteration 4/30
  Tested: weights=('24', '27', '7', '1/2'), thresholds=(10, 18, 35, 37)
  validation: F_1/7=0.988509, good=141986, bad=1541, missed=7018, trie_nodes=7509, objective=0.988502
  Tested: weights=('14', '20', '9', '30'), thresholds=(41, 11, 21, 13)
  validation: F_1/7=0.987366, good=142622, bad=1732, missed=6382, trie_nodes=5914, objective=0.987360
  Tested: weights=('1', '13', '30', '5'), thresholds=(29, 32, 10, 31)
  validation: F_1/7=0.960018, good=147141, bad=6215, missed=1863, trie_nodes=4084, objective=0.960014
  Tested: weights=('6', '1/4', '17', '14'), thresholds=(3, 12, 39, 11)
  validation: F_1/7=0.993160, good=141784, bad=849, missed=7220, trie_nodes=9624, objective=0.993151
  Tested: weights=('1/5', '14', '11', '4'), thresholds=(6, 15, 40, 14)
  validation: F_1/7=0.968189, good=147361, bad=4907, missed=1643, trie_nodes=7243, objective=0.968182
  Best so far: weights=('6', '1/4', '17', '14'), thresholds=(3, 12, 39, 11), score=0.993151, elapsed=296.7s

============================================================
Iteration 5/30
  Tested: weights=('20', '10', '28', '1'), thresholds=(15, 5, 39, 37)
  validation: F_1/7=0.991760, good=140410, bad=1015, missed=8594, trie_nodes=7094, objective=0.991753
  Tested: weights=('27', '18', '8', '8'), thresholds=(31, 38, 38, 33)
  validation: F_1/7=0.985862, good=139575, bad=1850, missed=9429, trie_nodes=4846, objective=0.985858
  Tested: weights=('9', '18', '18', '15'), thresholds=(4, 36, 14, 8)
  validation: F_1/7=0.987480, good=145562, bad=1813, missed=3442, trie_nodes=10277, objective=0.987470
  Tested: weights=('5', '19', '24', '15'), thresholds=(23, 11, 4, 38)
  validation: F_1/7=0.981124, good=147151, bad=2851, missed=1853, trie_nodes=12857, objective=0.981112
  Tested: weights=('1/4', '17', '20', '1/5'), thresholds=(22, 10, 28, 8)
  validation: F_1/7=0.994699, good=136846, bad=496, missed=12158, trie_nodes=12025, objective=0.994688
  Best so far: weights=('1/4', '17', '20', '1/5'), thresholds=(22, 10, 28, 8), score=0.994688, elapsed=368.7s

============================================================
Iteration 6/30
  Tested: weights=('6', '5', '30', '10'), thresholds=(38, 27, 34, 22)
  validation: F_1/7=0.979668, good=142139, bad=2870, missed=6865, trie_nodes=3354, objective=0.979665
  Tested: weights=('8', '22', '19', '25'), thresholds=(28, 24, 4, 16)
  validation: F_1/7=0.982997, good=146929, bad=2551, missed=2075, trie_nodes=14948, objective=0.982983
  Tested: weights=('16', '13', '3', '21'), thresholds=(12, 2, 28, 8)
  validation: F_1/7=0.991871, good=143611, bad=1091, missed=5393, trie_nodes=10848, objective=0.991860
  Tested: weights=('18', '1/3', '2', '27'), thresholds=(26, 1, 5, 28)
  validation: F_1/7=0.982194, good=146911, bad=2675, missed=2093, trie_nodes=13750, objective=0.982181
  Tested: weights=('1/5', '2', '15', '20'), thresholds=(28, 10, 30, 10)
  validation: F_1/7=0.983081, good=143535, bad=2409, missed=5469, trie_nodes=5201, objective=0.983077
  Best so far: weights=('1/4', '17', '20', '1/5'), thresholds=(22, 10, 28, 8), score=0.994688, elapsed=444.7s

============================================================
Iteration 7/30
  Tested: weights=('28', '29', '28', '9'), thresholds=(1, 39, 18, 41)
  validation: F_1/7=0.987408, good=144336, bad=1783, missed=4668, trie_nodes=18373, objective=0.987390
  Tested: weights=('26', '22', '20', '20'), thresholds=(16, 13, 34, 35)
  validation: F_1/7=0.989458, good=140405, bad=1351, missed=8599, trie_nodes=6775, objective=0.989451
  Tested: weights=('26', '28', '14', '14'), thresholds=(34, 28, 30, 34)
  validation: F_1/7=0.987100, good=139669, bad=1672, missed=9335, trie_nodes=5337, objective=0.987095
  Tested: weights=('29', '26', '7', '10'), thresholds=(36, 14, 8, 24)
  validation: F_1/7=0.986752, good=145504, bad=1922, missed=3500, trie_nodes=11209, objective=0.986741
  Tested: weights=('28', '20', '16', '1/2'), thresholds=(26, 42, 6, 22)
  validation: F_1/7=0.991588, good=145326, bad=1183, missed=3678, trie_nodes=15651, objective=0.991573
  Best so far: weights=('1/4', '17', '20', '1/5'), thresholds=(22, 10, 28, 8), score=0.994688, elapsed=519.2s

============================================================
Iteration 8/30
  Tested: weights=('27', '8', '9', '1/2'), thresholds=(25, 2, 20, 23)
  validation: F_1/7=0.993091, good=142102, bad=868, missed=6902, trie_nodes=9655, objective=0.993081
  Tested: weights=('23', '4', '18', '1/3'), thresholds=(3, 23, 23, 27)
  validation: F_1/7=0.991865, good=143199, bad=1080, missed=5805, trie_nodes=12811, objective=0.991853
  Tested: weights=('21', '30', '14', '7'), thresholds=(34, 12, 19, 4)
  validation: F_1/7=0.992993, good=142273, bad=887, missed=6731, trie_nodes=8850, objective=0.992985
  Tested: weights=('6', '17', '1/4', '1/4'), thresholds=(35, 16, 6, 22)
  validation: F_1/7=0.988751, good=119805, bad=795, missed=29199, trie_nodes=8191, objective=0.988743
  Tested: weights=('1/5', '29', '25', '20'), thresholds=(18, 8, 7, 11)
  validation: F_1/7=0.973246, good=148062, bad=4134, missed=942, trie_nodes=11240, objective=0.973235
  Best so far: weights=('1/4', '17', '20', '1/5'), thresholds=(22, 10, 28, 8), score=0.994688, elapsed=604.2s

============================================================
Iteration 9/30
  Tested: weights=('15', '21', '19', '6'), thresholds=(41, 31, 24, 26)
  validation: F_1/7=0.985212, good=141301, bad=2007, missed=7703, trie_nodes=5233, objective=0.985207
  Tested: weights=('10', '17', '18', '1/4'), thresholds=(16, 27, 22, 36)
  validation: F_1/7=0.990480, good=141477, bad=1234, missed=7527, trie_nodes=6052, objective=0.990474
  Tested: weights=('26', '20', '13', '1/2'), thresholds=(21, 20, 8, 19)
  validation: F_1/7=0.991355, good=144775, bad=1202, missed=4229, trie_nodes=12537, objective=0.991343
  Tested: weights=('19', '2', '1/3', '18'), thresholds=(2, 25, 40, 25)
  validation: F_1/7=0.966620, good=147396, bad=5161, missed=1608, trie_nodes=13834, objective=0.966607
  Tested: weights=('11', '5', '9', '22'), thresholds=(1, 5, 2, 2)
  validation: F_1/7=0.993716, good=147757, bad=928, missed=1247, trie_nodes=27986, objective=0.993689
  Best so far: weights=('1/4', '17', '20', '1/5'), thresholds=(22, 10, 28, 8), score=0.994688, elapsed=683.3s

============================================================
Iteration 10/30
  Tested: weights=('25', '1/5', '24', '6'), thresholds=(5, 30, 27, 37)
  validation: F_1/7=0.993072, good=141857, bad=864, missed=7147, trie_nodes=10970, objective=0.993061
  Tested: weights=('21', '24', '6', '3'), thresholds=(32, 34, 42, 18)
  validation: F_1/7=0.986928, good=139929, bad=1706, missed=9075, trie_nodes=4541, objective=0.986924
  Tested: weights=('9', '23', '8', '28'), thresholds=(37, 19, 32, 32)
  validation: F_1/7=0.981950, good=141731, bad=2510, missed=7273, trie_nodes=3862, objective=0.981946
  Tested: weights=('10', '18', '12', '15'), thresholds=(40, 17, 41, 39)
  validation: F_1/7=0.983086, good=140207, bad=2282, missed=8797, trie_nodes=3614, objective=0.983082
  Tested: weights=('3', '1/3', '1/2', '1/5'), thresholds=(4, 29, 3, 14)
  validation: F_1/7=0.990767, good=120029, bad=550, missed=28975, trie_nodes=12493, objective=0.990756
  Best so far: weights=('1/4', '17', '20', '1/5'), thresholds=(22, 10, 28, 8), score=0.994688, elapsed=756.3s

============================================================
Iteration 11/30
  Tested: weights=('27', '1/2', '7', '29'), thresholds=(40, 25, 27, 19)
  validation: F_1/7=0.988645, good=140807, bad=1483, missed=8197, trie_nodes=5466, objective=0.988639
  Tested: weights=('6', '8', '19', '22'), thresholds=(34, 34, 4, 21)
  validation: F_1/7=0.979329, good=147044, bad=3127, missed=1960, trie_nodes=13566, objective=0.979316
  Tested: weights=('1/2', '27', '14', '25'), thresholds=(14, 38, 17, 1)
  validation: F_1/7=0.995975, good=147438, bad=576, missed=1566, trie_nodes=32103, objective=0.995945
  Tested: weights=('1/4', '15', '12', '27'), thresholds=(15, 5, 7, 32)
  validation: F_1/7=0.978692, good=147800, bad=3259, missed=1204, trie_nodes=11912, objective=0.978681
  Tested: weights=('18', '1/2', '1/3', '20'), thresholds=(4, 35, 30, 4)
  validation: F_1/7=0.987132, good=147432, bad=1929, missed=1572, trie_nodes=17896, objective=0.987115
  Best so far: weights=('1/2', '27', '14', '25'), thresholds=(14, 38, 17, 1), score=0.995945, elapsed=829.4s

============================================================
Iteration 12/30
  Tested: weights=('9', '1/3', '23', '15'), thresholds=(18, 39, 5, 21)
  validation: F_1/7=0.988714, good=146364, bad=1651, missed=2640, trie_nodes=14008, objective=0.988700
  Tested: weights=('1/3', '30', '9', '9'), thresholds=(35, 40, 42, 32)
  validation: F_1/7=0.946703, good=147684, bad=8457, missed=1320, trie_nodes=3854, objective=0.946699
  Tested: weights=('29', '9', '6', '26'), thresholds=(10, 41, 1, 41)
  validation: F_1/7=0.982935, good=148253, bad=2611, missed=751, trie_nodes=30175, objective=0.982907
  Tested: weights=('1/4', '27', '14', '30'), thresholds=(4, 24, 41, 22)
  validation: F_1/7=0.950777, good=147985, bad=7797, missed=1019, trie_nodes=6501, objective=0.950770
  Tested: weights=('1/5', '12', '1/4', '1'), thresholds=(5, 28, 32, 25)
  validation: F_1/7=0.964418, good=146547, bad=5467, missed=2457, trie_nodes=5562, objective=0.964413
  Best so far: weights=('1/2', '27', '14', '25'), thresholds=(14, 38, 17, 1), score=0.995945, elapsed=904.7s

============================================================
Iteration 13/30
  Tested: weights=('16', '1/3', '30', '30'), thresholds=(30, 23, 14, 35)
  validation: F_1/7=0.992365, good=142784, bad=994, missed=6220, trie_nodes=8630, objective=0.992357
  Tested: weights=('29', '27', '12', '18'), thresholds=(12, 8, 20, 15)
  validation: F_1/7=0.990399, good=142802, bad=1286, missed=6202, trie_nodes=8784, objective=0.990391
  Tested: weights=('20', '2', '27', '24'), thresholds=(40, 31, 26, 18)
  validation: F_1/7=0.988679, good=139938, bad=1450, missed=9066, trie_nodes=5727, objective=0.988674
  Tested: weights=('18', '20', '12', '18'), thresholds=(25, 38, 2, 12)
  validation: F_1/7=0.987574, good=147586, bad=1866, missed=1418, trie_nodes=26138, objective=0.987549
  Tested: weights=('28', '26', '1/4', '1/5'), thresholds=(16, 35, 42, 7)
  validation: F_1/7=0.989678, good=106244, bad=258, missed=42760, trie_nodes=8476, objective=0.989670
  Best so far: weights=('1/2', '27', '14', '25'), thresholds=(14, 38, 17, 1), score=0.995945, elapsed=972.9s

============================================================
Iteration 14/30
  Tested: weights=('15', '16', '26', '10'), thresholds=(6, 2, 32, 27)
  validation: F_1/7=0.993149, good=143106, bad=887, missed=5898, trie_nodes=12265, objective=0.993137
  Tested: weights=('25', '5', '12', '1'), thresholds=(41, 26, 10, 29)
  validation: F_1/7=0.987954, good=144596, bad=1709, missed=4408, trie_nodes=10246, objective=0.987945
  Tested: weights=('18', '9', '1/2', '19'), thresholds=(22, 33, 22, 36)
  validation: F_1/7=0.956355, good=147379, bad=6830, missed=1625, trie_nodes=5818, objective=0.956350
  Tested: weights=('17', '9', '29', '25'), thresholds=(36, 20, 18, 12)
  validation: F_1/7=0.989514, good=142141, bad=1397, missed=6863, trie_nodes=7243, objective=0.989507
  Tested: weights=('1/4', '26', '24', '30'), thresholds=(42, 24, 33, 40)
  validation: F_1/7=0.949754, good=147716, bad=7948, missed=1288, trie_nodes=4638, objective=0.949750
  Best so far: weights=('1/2', '27', '14', '25'), thresholds=(14, 38, 17, 1), score=0.995945, elapsed=1042.3s

============================================================
Iteration 15/30
  Tested: weights=('27', '8', '14', '23'), thresholds=(17, 27, 37, 40)
  validation: F_1/7=0.987428, good=140356, bad=1647, missed=8648, trie_nodes=6280, objective=0.987422
  Tested: weights=('2', '28', '13', '5'), thresholds=(20, 42, 21, 14)
  validation: F_1/7=0.977216, good=145700, bad=3399, missed=3304, trie_nodes=4544, objective=0.977211
  Tested: weights=('18', '5', '1/3', '1'), thresholds=(6, 7, 6, 27)
  validation: F_1/7=0.971033, good=142225, bad=4191, missed=6779, trie_nodes=13168, objective=0.971020
  Tested: weights=('20', '4', '1', '1/5'), thresholds=(15, 25, 17, 19)
  validation: F_1/7=0.991837, good=130175, bad=709, missed=18829, trie_nodes=7813, objective=0.991829
  Tested: weights=('3', '8', '27', '13'), thresholds=(29, 8, 9, 2)
  validation: F_1/7=0.993706, good=146209, bad=888, missed=2795, trie_nodes=16565, objective=0.993690
  Best so far: weights=('1/2', '27', '14', '25'), thresholds=(14, 38, 17, 1), score=0.995945, elapsed=1119.6s

============================================================
Iteration 16/30
  Tested: weights=('18', '9', '12', '22'), thresholds=(2, 11, 30, 38)
  validation: F_1/7=0.987411, good=143993, bad=1771, missed=5011, trie_nodes=13294, objective=0.987399
  Tested: weights=('14', '15', '1/2', '12'), thresholds=(23, 11, 12, 16)
  validation: F_1/7=0.969825, good=147821, bad=4669, missed=1183, trie_nodes=7866, objective=0.969818
  Tested: weights=('2', '6', '3', '1/2'), thresholds=(6, 20, 9, 16)
  validation: F_1/7=0.986527, good=145408, bad=1953, missed=3596, trie_nodes=6815, objective=0.986520
  Tested: weights=('1/3', '6', '24', '22'), thresholds=(8, 9, 16, 21)
  validation: F_1/7=0.976167, good=146860, bad=3615, missed=2144, trie_nodes=6810, objective=0.976160
  Tested: weights=('14', '20', '1/4', '24'), thresholds=(27, 4, 37, 39)
  validation: F_1/7=0.949051, good=147881, bad=8078, missed=1123, trie_nodes=7322, objective=0.949044
  Best so far: weights=('1/2', '27', '14', '25'), thresholds=(14, 38, 17, 1), score=0.995945, elapsed=1202.6s

============================================================
Iteration 17/30
  Tested: weights=('6', '9', '18', '16'), thresholds=(15, 42, 26, 10)
  validation: F_1/7=0.984276, good=144238, bad=2254, missed=4766, trie_nodes=5654, objective=0.984271
  Tested: weights=('1/5', '7', '4', '8'), thresholds=(6, 38, 25, 29)
  validation: F_1/7=0.953849, good=147018, bad=7218, missed=1986, trie_nodes=4306, objective=0.953845
  Tested: weights=('1/3', '14', '10', '30'), thresholds=(5, 17, 41, 37)
  validation: F_1/7=0.959751, good=147529, bad=6283, missed=1475, trie_nodes=5788, objective=0.959746
  Tested: weights=('1/2', '2', '5', '2'), thresholds=(8, 12, 8, 38)
  validation: F_1/7=0.977470, good=146898, bad=3412, missed=2106, trie_nodes=6333, objective=0.977464
  Tested: weights=('23', '13', '1/3', '15'), thresholds=(25, 32, 19, 6)
  validation: F_1/7=0.981881, good=147763, bad=2757, missed=1241, trie_nodes=12997, objective=0.981869
  Best so far: weights=('1/2', '27', '14', '25'), thresholds=(14, 38, 17, 1), score=0.995945, elapsed=1275.4s

============================================================
Iteration 18/30
  Tested: weights=('13', '11', '8', '28'), thresholds=(35, 41, 6, 31)
  validation: F_1/7=0.982614, good=146373, bad=2589, missed=2631, trie_nodes=11907, objective=0.982603
  Tested: weights=('24', '5', '2', '19'), thresholds=(40, 24, 25, 12)
  validation: F_1/7=0.982159, good=144255, bad=2577, missed=4749, trie_nodes=5651, objective=0.982153
  Tested: weights=('23', '3', '8', '11'), thresholds=(22, 11, 5, 26)
  validation: F_1/7=0.988099, good=146489, bad=1749, missed=2515, trie_nodes=14914, objective=0.988085
  Tested: weights=('1/3', '30', '7', '24'), thresholds=(11, 29, 32, 26)
  validation: F_1/7=0.948450, good=147937, bad=8183, missed=1067, trie_nodes=5061, objective=0.948445
  Tested: weights=('6', '16', '2', '13'), thresholds=(23, 3, 15, 6)
  validation: F_1/7=0.989446, good=145718, bad=1519, missed=3286, trie_nodes=10462, objective=0.989436
  Best so far: weights=('1/2', '27', '14', '25'), thresholds=(14, 38, 17, 1), score=0.995945, elapsed=1346.3s

============================================================
Iteration 19/30
  Tested: weights=('10', '24', '11', '9'), thresholds=(20, 13, 32, 22)
  validation: F_1/7=0.984781, good=142487, bad=2114, missed=6517, trie_nodes=4862, objective=0.984776
  Tested: weights=('3', '2', '2', '24'), thresholds=(28, 22, 16, 37)
  validation: F_1/7=0.974511, good=145800, bad=3826, missed=3204, trie_nodes=3792, objective=0.974507
  Tested: weights=('4', '27', '10', '15'), thresholds=(39, 27, 5, 40)
  validation: F_1/7=0.973213, good=147150, bad=4095, missed=1854, trie_nodes=9904, objective=0.973204
  Tested: weights=('18', '8', '1', '23'), thresholds=(27, 23, 38, 34)
  validation: F_1/7=0.972143, good=144394, bad=4128, missed=4610, trie_nodes=4360, objective=0.972139
  Tested: weights=('28', '3', '1/3', '22'), thresholds=(25, 36, 6, 34)
  validation: F_1/7=0.945681, good=148418, bad=8687, missed=586, trie_nodes=9902, objective=0.945672
  Best so far: weights=('1/2', '27', '14', '25'), thresholds=(14, 38, 17, 1), score=0.995945, elapsed=1426.3s

============================================================
Iteration 20/30
  Tested: weights=('2', '7', '5', '22'), thresholds=(2, 24, 33, 37)
  validation: F_1/7=0.967802, good=146661, bad=4931, missed=2343, trie_nodes=6278, objective=0.967796
  Tested: weights=('3', '27', '16', '10'), thresholds=(20, 40, 7, 25)
  validation: F_1/7=0.971285, good=146869, bad=4387, missed=2135, trie_nodes=6936, objective=0.971279
  Tested: weights=('8', '24', '1/2', '25'), thresholds=(6, 17, 34, 7)
  validation: F_1/7=0.983549, good=146786, bad=2460, missed=2218, trie_nodes=9985, objective=0.983540
  Tested: weights=('14', '17', '1/5', '26'), thresholds=(40, 24, 30, 39)
  validation: F_1/7=0.939477, good=148179, bad=9724, missed=825, trie_nodes=5438, objective=0.939472
  Tested: weights=('4', '21', '21', '18'), thresholds=(30, 23, 11, 15)
  validation: F_1/7=0.979051, good=145825, bad=3119, missed=3179, trie_nodes=6172, objective=0.979046
  Best so far: weights=('1/2', '27', '14', '25'), thresholds=(14, 38, 17, 1), score=0.995945, elapsed=1520.3s

============================================================
Iteration 21/30
  Tested: weights=('21', '2', '16', '17'), thresholds=(18, 31, 40, 39)
  validation: F_1/7=0.986523, good=140236, bad=1776, missed=8768, trie_nodes=5574, objective=0.986517
  Tested: weights=('15', '28', '8', '8'), thresholds=(31, 19, 10, 20)
  validation: F_1/7=0.985021, good=145078, bad=2171, missed=3926, trie_nodes=8845, objective=0.985013
  Tested: weights=('12', '1/2', '30', '25'), thresholds=(6, 39, 37, 22)
  validation: F_1/7=0.986403, good=142771, bad=1881, missed=6233, trie_nodes=7347, objective=0.986396
  Tested: weights=('1', '2', '13', '11'), thresholds=(39, 16, 25, 27)
  validation: F_1/7=0.976221, good=144904, bad=3518, missed=4100, trie_nodes=3358, objective=0.976218
  Tested: weights=('17', '10', '1/4', '8'), thresholds=(34, 1, 15, 17)
  validation: F_1/7=0.967733, good=147706, bad=4999, missed=1298, trie_nodes=12827, objective=0.967721
  Best so far: weights=('1/2', '27', '14', '25'), thresholds=(14, 38, 17, 1), score=0.995945, elapsed=1609.1s

============================================================
Iteration 22/30
  Tested: weights=('10', '16', '2', '3'), thresholds=(37, 40, 16, 12)
  validation: F_1/7=0.983111, good=145183, bad=2467, missed=3821, trie_nodes=5627, objective=0.983106
  Tested: weights=('1/5', '19', '3', '29'), thresholds=(7, 18, 4, 42)
  validation: F_1/7=0.954341, good=148261, bad=7223, missed=743, trie_nodes=7088, objective=0.954334
  Tested: weights=('14', '17', '1/3', '22'), thresholds=(9, 38, 9, 9)
  validation: F_1/7=0.975257, good=148239, bad=3822, missed=765, trie_nodes=12894, objective=0.975245
  Tested: weights=('18', '10', '1/5', '2'), thresholds=(31, 28, 2, 10)
  validation: F_1/7=0.979904, good=142711, bad=2858, missed=6293, trie_nodes=10072, objective=0.979895
  Tested: weights=('1/4', '13', '16', '1/3'), thresholds=(33, 20, 23, 19)
  validation: F_1/7=0.988869, good=140117, bad=1428, missed=8887, trie_nodes=6300, objective=0.988863
  Best so far: weights=('1/2', '27', '14', '25'), thresholds=(14, 38, 17, 1), score=0.995945, elapsed=1684.7s

============================================================
Iteration 23/30
  Tested: weights=('11', '27', '24', '8'), thresholds=(11, 16, 25, 12)
  validation: F_1/7=0.986325, good=143417, bad=1915, missed=5587, trie_nodes=6600, objective=0.986319
  Tested: weights=('18', '10', '15', '11'), thresholds=(13, 40, 33, 6)
  validation: F_1/7=0.991520, good=141747, bad=1089, missed=7257, trie_nodes=7644, objective=0.991512
  Tested: weights=('1/2', '5', '21', '26'), thresholds=(35, 17, 29, 9)
  validation: F_1/7=0.979232, good=146089, bad=3102, missed=2915, trie_nodes=5814, objective=0.979227
  Tested: weights=('4', '19', '1/5', '1/2'), thresholds=(34, 8, 28, 11)
  validation: F_1/7=0.988827, good=132158, bad=1180, missed=16846, trie_nodes=6945, objective=0.988820
  Tested: weights=('6', '27', '1/5', '1/3'), thresholds=(9, 2, 8, 25)
  validation: F_1/7=0.989036, good=129192, bad=1057, missed=19812, trie_nodes=15260, objective=0.989022
  Best so far: weights=('1/2', '27', '14', '25'), thresholds=(14, 38, 17, 1), score=0.995945, elapsed=1757.4s

============================================================
Iteration 24/30
  Tested: weights=('26', '13', '27', '24'), thresholds=(18, 1, 12, 23)
  validation: F_1/7=0.996147, good=143251, bad=448, missed=5753, trie_nodes=14713, objective=0.996133
  Tested: weights=('4', '1/5', '1', '27'), thresholds=(37, 26, 26, 28)
  validation: F_1/7=0.972218, good=144893, bad=4141, missed=4111, trie_nodes=4704, objective=0.972214
  Tested: weights=('18', '5', '1', '25'), thresholds=(42, 23, 8, 12)
  validation: F_1/7=0.976530, good=147285, bad=3577, missed=1719, trie_nodes=7596, objective=0.976523
  Tested: weights=('1/5', '28', '1', '16'), thresholds=(12, 24, 28, 35)
  validation: F_1/7=0.947711, good=148001, bad=8312, missed=1003, trie_nodes=5428, objective=0.947706
  Tested: weights=('2', '28', '11', '10'), thresholds=(22, 2, 7, 31)
  validation: F_1/7=0.989272, good=146978, bad=1585, missed=2026, trie_nodes=17221, objective=0.989256
  Best so far: weights=('26', '13', '27', '24'), thresholds=(18, 1, 12, 23), score=0.996133, elapsed=1828.1s

============================================================
Iteration 25/30
  Tested: weights=('21', '13', '20', '11'), thresholds=(11, 35, 34, 30)
  validation: F_1/7=0.986568, good=141539, bad=1814, missed=7465, trie_nodes=7053, objective=0.986561
  Tested: weights=('6', '17', '9', '1/2'), thresholds=(39, 6, 40, 19)
  validation: F_1/7=0.989046, good=141627, bad=1450, missed=7377, trie_nodes=5744, objective=0.989041
  Tested: weights=('16', '13', '19', '28'), thresholds=(31, 10, 2, 12)
  validation: F_1/7=0.988620, good=147473, bad=1701, missed=1531, trie_nodes=27216, objective=0.988594
  Tested: weights=('17', '1/4', '13', '17'), thresholds=(15, 33, 5, 4)
  validation: F_1/7=0.993390, good=146223, bad=936, missed=2781, trie_nodes=16828, objective=0.993375
  Tested: weights=('1/3', '17', '5', '10'), thresholds=(13, 15, 31, 13)
  validation: F_1/7=0.967571, good=147613, bad=5020, missed=1391, trie_nodes=7003, objective=0.967564
  Best so far: weights=('26', '13', '27', '24'), thresholds=(18, 1, 12, 23), score=0.996133, elapsed=1904.7s

============================================================
Iteration 26/30
  Tested: weights=('3', '15', '26', '21'), thresholds=(34, 28, 30, 36)
  validation: F_1/7=0.969401, good=144324, bad=4553, missed=4680, trie_nodes=2857, objective=0.969398
  Tested: weights=('5', '13', '4', '30'), thresholds=(40, 2, 30, 39)
  validation: F_1/7=0.990015, good=143551, bad=1366, missed=5453, trie_nodes=11456, objective=0.990005
  Tested: weights=('3', '16', '28', '1/4'), thresholds=(30, 13, 39, 41)
  validation: F_1/7=0.986395, good=141287, bad=1831, missed=7717, trie_nodes=4530, objective=0.986391
  Tested: weights=('29', '13', '26', '25'), thresholds=(14, 35, 2, 26)
  validation: F_1/7=0.988552, good=147210, bad=1703, missed=1794, trie_nodes=30794, objective=0.988523
  Tested: weights=('4', '1', '1/3', '20'), thresholds=(15, 31, 3, 14)
  validation: F_1/7=0.966276, good=148584, bad=5283, missed=420, trie_nodes=13112, objective=0.966264
  Best so far: weights=('26', '13', '27', '24'), thresholds=(18, 1, 12, 23), score=0.996133, elapsed=1977.2s

============================================================
Iteration 27/30
  Tested: weights=('26', '1/5', '26', '14'), thresholds=(40, 34, 42, 15)
  validation: F_1/7=0.992916, good=136012, bad=725, missed=12992, trie_nodes=5116, objective=0.992911
  Tested: weights=('23', '10', '13', '18'), thresholds=(37, 42, 33, 18)
  validation: F_1/7=0.987788, good=139411, bad=1563, missed=9593, trie_nodes=4981, objective=0.987783
  Tested: weights=('11', '22', '5', '1/2'), thresholds=(15, 13, 13, 10)
  validation: F_1/7=0.992306, good=144026, bad=1038, missed=4978, trie_nodes=8354, objective=0.992298
  Tested: weights=('15', '23', '7', '18'), thresholds=(38, 26, 10, 2)
  validation: F_1/7=0.994817, good=145074, bad=691, missed=3930, trie_nodes=15001, objective=0.994803
  Tested: weights=('1/4', '1/5', '30', '11'), thresholds=(17, 29, 10, 40)
  validation: F_1/7=0.990647, good=143963, bad=1284, missed=5041, trie_nodes=12771, objective=0.990635
  Best so far: weights=('26', '13', '27', '24'), thresholds=(18, 1, 12, 23), score=0.996133, elapsed=2061.8s

============================================================
Iteration 28/30
  Tested: weights=('30', '2', '10', '22'), thresholds=(30, 7, 35, 10)
  validation: F_1/7=0.991152, good=139372, bad=1073, missed=9632, trie_nodes=5797, objective=0.991146
  Tested: weights=('4', '3', '23', '8'), thresholds=(3, 41, 38, 39)
  validation: F_1/7=0.970515, good=145633, bad=4446, missed=3371, trie_nodes=6240, objective=0.970509
  Tested: weights=('23', '1/2', '11', '26'), thresholds=(40, 20, 26, 8)
  validation: F_1/7=0.991201, good=140496, bad=1099, missed=8508, trie_nodes=6006, objective=0.991195
  Tested: weights=('30', '4', '29', '19'), thresholds=(26, 22, 10, 8)
  validation: F_1/7=0.992741, good=143810, bad=967, missed=5194, trie_nodes=12501, objective=0.992729
  Tested: weights=('4', '15', '17', '16'), thresholds=(4, 37, 12, 6)
  validation: F_1/7=0.986523, good=146526, bad=1992, missed=2478, trie_nodes=9920, objective=0.986514
  Best so far: weights=('26', '13', '27', '24'), thresholds=(18, 1, 12, 23), score=0.996133, elapsed=2134.7s

============================================================
Iteration 29/30
  Tested: weights=('25', '13', '13', '17'), thresholds=(35, 15, 29, 24)
  validation: F_1/7=0.988137, good=139959, bad=1530, missed=9045, trie_nodes=5429, objective=0.988132
  Tested: weights=('6', '26', '24', '19'), thresholds=(36, 37, 30, 36)
  validation: F_1/7=0.974596, good=142660, bad=3665, missed=6344, trie_nodes=3273, objective=0.974593
  Tested: weights=('27', '29', '26', '24'), thresholds=(28, 24, 4, 18)
  validation: F_1/7=0.989690, good=146236, bad=1498, missed=2768, trie_nodes=21083, objective=0.989670
  Tested: weights=('20', '20', '18', '22'), thresholds=(7, 37, 37, 2)
  validation: F_1/7=0.995167, good=142011, bad=561, missed=6993, trie_nodes=13205, objective=0.995155
  Tested: weights=('9', '5', '21', '13'), thresholds=(4, 10, 29, 4)
  validation: F_1/7=0.991221, good=144397, bad=1211, missed=4607, trie_nodes=11077, objective=0.991210
  Best so far: weights=('26', '13', '27', '24'), thresholds=(18, 1, 12, 23), score=0.996133, elapsed=2207.7s

============================================================
Iteration 30/30
  Tested: weights=('23', '1/2', '22', '15'), thresholds=(41, 15, 27, 40)
  validation: F_1/7=0.992312, good=139365, bad=905, missed=9639, trie_nodes=6119, objective=0.992307
  Tested: weights=('25', '1', '8', '22'), thresholds=(7, 35, 35, 22)
  validation: F_1/7=0.987522, good=142511, bad=1705, missed=6493, trie_nodes=8638, objective=0.987514
  Tested: weights=('1/5', '6', '17', '30'), thresholds=(27, 11, 27, 23)
  validation: F_1/7=0.973644, good=146302, bad=3986, missed=2702, trie_nodes=5626, objective=0.973639
  Tested: weights=('8', '18', '1/4', '26'), thresholds=(41, 41, 32, 6)
  validation: F_1/7=0.980876, good=147878, bad=2919, missed=1126, trie_nodes=12682, objective=0.980864
  Tested: weights=('1/2', '28', '20', '1/3'), thresholds=(13, 30, 3, 25)
  validation: F_1/7=0.986823, good=136951, bad=1620, missed=12053, trie_nodes=7523, objective=0.986816
  Best so far: weights=('26', '13', '27', '24'), thresholds=(18, 1, 12, 23), score=0.996133, elapsed=2282.3s

============================================================
Extra sampler evaluations: 3
  Tested: weights=('6', '30', '11', '12'), thresholds=(7, 34, 30, 10)
  validation: F_1/7=0.984055, good=144898, bad=2312, missed=4106, trie_nodes=6792, objective=0.984048
  Tested: weights=('1/3', '20', '19', '6'), thresholds=(40, 7, 19, 40)
  validation: F_1/7=0.973657, good=147512, bad=4042, missed=1492, trie_nodes=9371, objective=0.973648
  Tested: weights=('22', '1/5', '1/5', '8'), thresholds=(21, 33, 29, 19)
  validation: F_1/7=0.963578, good=147443, bad=5655, missed=1561, trie_nodes=7652, objective=0.963571

============================================================
random per-level baseline complete
Selected weights: ('26', '13', '27', '24')
PATGEN good_wt: (1, 1, 1, 1); bad_wt: (26, 13, 27, 24); thresholds: (18, 1, 12, 23)
Held-out test: {'good': 143095, 'bad': 433, 'missed': 5764, 'train_good': 1152391, 'train_bad': 1739, 'train_missed': 40803, 'n_patterns': 9163, 'trie_nodes': 14713}
History: results/hpo_baselines_grouped/random/nl/wiktionary/final_history.csv
Selected profile: results/hpo_baselines_grouped/random/nl/wiktionary/selected_profile.json
