Proportional trie_normalizer for nl/wiktionary: |D| = 528355
Method: tpe
Objective: F17+Trie(w=0.0005)
Dataset: /home/dev/hyph-bench/data/nl/wiktionary/nl_wiktionary.wlh_dis.wlh
Split counts: train=422684, validation=52835, test=52836
Pattern ranges: [(1, 4), (2, 5), (2, 6), (2, 7)]
Search space (8-D): per-level weight in ('1/5', '1/4', '1/3', '1/2', '1', '2', '3', '4', '5', '6', '7', '8', '9', '10', '11', '12', '13', '14', '15', '16', '17', '18', '19', '20', '21', '22', '23', '24', '25', '26', '27', '28', '29', '30'); per-level threshold in [1,42]
Budget: 30 rounds x batch 5 + 3 extra = 153 evaluations

============================================================
Iteration 1/30
  Tested: weights=('12', '23', '3', '14'), thresholds=(25, 2, 26, 8)
  validation: F_1/7=0.991325, good=143260, bad=1162, missed=5744, trie_nodes=10365, objective=0.991315
  Tested: weights=('7', '14', '11', '6'), thresholds=(26, 6, 13, 16)
  validation: F_1/7=0.987325, good=145038, bad=1819, missed=3966, trie_nodes=7655, objective=0.987318
  Tested: weights=('1/3', '29', '29', '24'), thresholds=(13, 5, 29, 19)
  validation: F_1/7=0.978237, good=147786, bad=3330, missed=1218, trie_nodes=13047, objective=0.978225
  Tested: weights=('9', '29', '21', '17'), thresholds=(7, 7, 3, 37)
  validation: F_1/7=0.986476, good=147305, bad=2026, missed=1699, trie_nodes=17862, objective=0.986459
  Tested: weights=('17', '21', '1/5', '29'), thresholds=(35, 9, 8, 8)
  validation: F_1/7=0.973539, good=148347, bad=4101, missed=657, trie_nodes=14411, objective=0.973525
  Best so far: weights=('12', '23', '3', '14'), thresholds=(25, 2, 26, 8), score=0.991315, elapsed=80.2s

============================================================
Iteration 2/30
  Tested: weights=('15', '3', '29', '23'), thresholds=(40, 38, 26, 39)
  validation: F_1/7=0.984221, good=140694, bad=2132, missed=8310, trie_nodes=4966, objective=0.984217
  Tested: weights=('6', '15', '1', '24'), thresholds=(4, 42, 33, 9)
  validation: F_1/7=0.982955, good=145921, bad=2519, missed=3083, trie_nodes=8516, objective=0.982947
  Tested: weights=('1', '13', '1/4', '27'), thresholds=(11, 28, 14, 22)
  validation: F_1/7=0.956455, good=148238, bad=6871, missed=766, trie_nodes=6209, objective=0.956449
  Tested: weights=('1/5', '24', '21', '21'), thresholds=(33, 4, 16, 5)
  validation: F_1/7=0.984084, good=147729, bad=2412, missed=1275, trie_nodes=17040, objective=0.984068
  Tested: weights=('1/2', '3', '1/4', '8'), thresholds=(17, 12, 35, 15)
  validation: F_1/7=0.971248, good=147385, bad=4419, missed=1619, trie_nodes=5742, objective=0.971243
  Best so far: weights=('12', '23', '3', '14'), thresholds=(25, 2, 26, 8), score=0.991315, elapsed=156.1s

============================================================
Iteration 3/30
  Tested: weights=('27', '1/5', '6', '1/4'), thresholds=(23, 19, 42, 28)
  validation: F_1/7=0.993328, good=139202, bad=754, missed=9802, trie_nodes=6374, objective=0.993322
  Tested: weights=('26', '1/5', '7', '1/5'), thresholds=(25, 18, 42, 28)
  validation: F_1/7=0.993510, good=138656, bad=713, missed=10348, trie_nodes=6216, objective=0.993505
  Tested: weights=('28', '1/5', '7', '1/5'), thresholds=(24, 19, 41, 28)
  validation: F_1/7=0.993514, good=138784, bad=716, missed=10220, trie_nodes=6387, objective=0.993508
  Tested: weights=('26', '20', '7', '1/2'), thresholds=(23, 19, 42, 1)
  validation: F_1/7=0.997121, good=138987, bad=205, missed=10017, trie_nodes=11131, objective=0.997111
  Tested: weights=('26', '1/4', '7', '1/4'), thresholds=(24, 20, 42, 28)
  validation: F_1/7=0.993001, good=139091, bad=798, missed=9913, trie_nodes=6015, objective=0.992996
  Best so far: weights=('26', '20', '7', '1/2'), thresholds=(23, 19, 42, 1), score=0.997111, elapsed=226.1s

============================================================
Iteration 4/30
  Tested: weights=('30', '8', '13', '4'), thresholds=(18, 28, 36, 31)
  validation: F_1/7=0.987798, good=140276, bad=1590, missed=8728, trie_nodes=6274, objective=0.987792
  Tested: weights=('21', '9', '14', '4'), thresholds=(31, 28, 36, 35)
  validation: F_1/7=0.986285, good=139371, bad=1781, missed=9633, trie_nodes=4728, objective=0.986281
  Tested: weights=('30', '9', '14', '4'), thresholds=(19, 28, 38, 2)
  validation: F_1/7=0.995572, good=139733, bad=445, missed=9271, trie_nodes=10271, objective=0.995562
  Tested: weights=('22', '7', '15', '4'), thresholds=(31, 28, 36, 1)
  validation: F_1/7=0.996954, good=139121, bad=232, missed=9883, trie_nodes=12437, objective=0.996942
  Tested: weights=('20', '8', '14', '4'), thresholds=(32, 28, 35, 1)
  validation: F_1/7=0.996998, good=139261, bad=229, missed=9743, trie_nodes=12592, objective=0.996986
  Best so far: weights=('26', '20', '7', '1/2'), thresholds=(23, 19, 42, 1), score=0.997111, elapsed=297.1s

============================================================
Iteration 5/30
  Tested: weights=('20', '19', '20', '1'), thresholds=(41, 33, 30, 12)
  validation: F_1/7=0.990826, good=139296, bad=1118, missed=9708, trie_nodes=5428, objective=0.990820
  Tested: weights=('21', '18', '20', '10'), thresholds=(40, 34, 31, 12)
  validation: F_1/7=0.989858, good=139258, bad=1257, missed=9746, trie_nodes=5421, objective=0.989853
  Tested: weights=('21', '18', '20', '10'), thresholds=(42, 34, 20, 12)
  validation: F_1/7=0.990133, good=141605, bad=1289, missed=7399, trie_nodes=6990, objective=0.990126
  Tested: weights=('21', '19', '21', '10'), thresholds=(42, 34, 30, 11)
  validation: F_1/7=0.990071, good=139382, bad=1230, missed=9622, trie_nodes=5531, objective=0.990066
  Tested: weights=('21', '19', '19', '9'), thresholds=(41, 34, 21, 12)
  validation: F_1/7=0.990055, good=141429, bad=1295, missed=7575, trie_nodes=6753, objective=0.990049
  Best so far: weights=('26', '20', '7', '1/2'), thresholds=(23, 19, 42, 1), score=0.997111, elapsed=362.0s

============================================================
Iteration 6/30
  Tested: weights=('17', '6', '10', '1'), thresholds=(30, 24, 38, 1)
  validation: F_1/7=0.997066, good=139458, bad=224, missed=9546, trie_nodes=11632, objective=0.997055
  Tested: weights=('24', '6', '11', '1'), thresholds=(30, 24, 39, 1)
  validation: F_1/7=0.997012, good=138835, bad=217, missed=10169, trie_nodes=11374, objective=0.997002
  Tested: weights=('24', '5', '11', '1'), thresholds=(30, 23, 38, 1)
  validation: F_1/7=0.997014, good=138890, bad=218, missed=10114, trie_nodes=11373, objective=0.997004
  Tested: weights=('17', '6', '11', '1'), thresholds=(29, 24, 38, 1)
  validation: F_1/7=0.997061, good=139431, bad=224, missed=9573, trie_nodes=11552, objective=0.997050
  Tested: weights=('24', '5', '11', '1'), thresholds=(29, 24, 38, 1)
  validation: F_1/7=0.997017, good=138946, bad=219, missed=10058, trie_nodes=11408, objective=0.997006
  Best so far: weights=('26', '20', '7', '1/2'), thresholds=(23, 19, 42, 1), score=0.997111, elapsed=432.7s

============================================================
Iteration 7/30
  Tested: weights=('12', '11', '4', '18'), thresholds=(36, 15, 27, 5)
  validation: F_1/7=0.990203, good=142865, bad=1317, missed=6139, trie_nodes=7086, objective=0.990197
  Tested: weights=('12', '11', '4', '15'), thresholds=(36, 14, 26, 5)
  validation: F_1/7=0.990223, good=142992, bad=1318, missed=6012, trie_nodes=7152, objective=0.990216
  Tested: weights=('11', '12', '4', '14'), thresholds=(36, 14, 5, 4)
  validation: F_1/7=0.990103, good=146951, bad=1457, missed=2053, trie_nodes=14006, objective=0.990090
  Tested: weights=('12', '1', '3', '15'), thresholds=(36, 9, 25, 5)
  validation: F_1/7=0.990702, good=143169, bad=1252, missed=5835, trie_nodes=6726, objective=0.990696
  Tested: weights=('11', '11', '3', '14'), thresholds=(37, 15, 2, 5)
  validation: F_1/7=0.987901, good=147939, bad=1827, missed=1065, trie_nodes=20164, objective=0.987882
  Best so far: weights=('26', '20', '7', '1/2'), thresholds=(23, 19, 42, 1), score=0.997111, elapsed=511.2s

============================================================
Iteration 8/30
  Tested: weights=('17', '26', '9', '1/2'), thresholds=(28, 24, 39, 9)
  validation: F_1/7=0.993168, good=139418, bad=783, missed=9586, trie_nodes=5824, objective=0.993162
  Tested: weights=('17', '1', '10', '1/2'), thresholds=(27, 24, 39, 8)
  validation: F_1/7=0.993627, good=139535, bad=720, missed=9469, trie_nodes=6346, objective=0.993621
  Tested: weights=('18', '25', '10', '1/2'), thresholds=(29, 24, 40, 8)
  validation: F_1/7=0.993624, good=139072, bad=708, missed=9932, trie_nodes=6320, objective=0.993618
  Tested: weights=('18', '27', '9', '1/2'), thresholds=(28, 24, 39, 8)
  validation: F_1/7=0.993534, good=139334, bad=728, missed=9670, trie_nodes=6420, objective=0.993528
  Tested: weights=('17', '25', '9', '1/2'), thresholds=(27, 24, 39, 7)
  validation: F_1/7=0.993635, good=139469, bad=717, missed=9535, trie_nodes=6443, objective=0.993629
  Best so far: weights=('26', '20', '7', '1/2'), thresholds=(23, 19, 42, 1), score=0.997111, elapsed=590.4s

============================================================
Iteration 9/30
  Tested: weights=('6', '16', '25', '6'), thresholds=(20, 17, 33, 20)
  validation: F_1/7=0.980328, good=143400, bad=2822, missed=5604, trie_nodes=4106, objective=0.980324
  Tested: weights=('15', '15', '17', '7'), thresholds=(22, 31, 34, 20)
  validation: F_1/7=0.985834, good=141055, bad=1906, missed=7949, trie_nodes=4955, objective=0.985830
  Tested: weights=('15', '16', '17', '6'), thresholds=(20, 21, 33, 22)
  validation: F_1/7=0.985832, good=141300, bad=1915, missed=7704, trie_nodes=5072, objective=0.985827
  Tested: weights=('8', '16', '16', '7'), thresholds=(22, 31, 32, 19)
  validation: F_1/7=0.981909, good=142647, bad=2552, missed=6357, trie_nodes=4243, objective=0.981905
  Tested: weights=('24', '15', '17', '7'), thresholds=(20, 30, 32, 20)
  validation: F_1/7=0.988466, good=140273, bad=1492, missed=8731, trie_nodes=6040, objective=0.988460
  Best so far: weights=('26', '20', '7', '1/2'), thresholds=(23, 19, 42, 1), score=0.997111, elapsed=660.7s

============================================================
Iteration 10/30
  Tested: weights=('24', '5', '12', '2'), thresholds=(15, 22, 37, 3)
  validation: F_1/7=0.994469, good=140777, bad=631, missed=8227, trie_nodes=8792, objective=0.994461
  Tested: weights=('24', '5', '12', '2'), thresholds=(33, 26, 36, 3)
  validation: F_1/7=0.994315, good=139010, bad=607, missed=9994, trie_nodes=7410, objective=0.994308
  Tested: weights=('24', '4', '12', '2'), thresholds=(34, 22, 37, 3)
  validation: F_1/7=0.994287, good=138893, bad=608, missed=10111, trie_nodes=7322, objective=0.994280
  Tested: weights=('24', '5', '12', '2'), thresholds=(14, 22, 36, 3)
  validation: F_1/7=0.994463, good=140973, bad=637, missed=8031, trie_nodes=8999, objective=0.994455
  Tested: weights=('24', '5', '12', '2'), thresholds=(14, 21, 37, 3)
  validation: F_1/7=0.994493, good=140908, bad=631, missed=8096, trie_nodes=8970, objective=0.994484
  Best so far: weights=('26', '20', '7', '1/2'), thresholds=(23, 19, 42, 1), score=0.997111, elapsed=728.9s

============================================================
Iteration 11/30
  Tested: weights=('29', '2', '6', '1/4'), thresholds=(25, 26, 41, 42)
  validation: F_1/7=0.990811, good=139428, bad=1124, missed=9576, trie_nodes=5531, objective=0.990806
  Tested: weights=('27', '2', '1', '1/4'), thresholds=(10, 26, 41, 15)
  validation: F_1/7=0.992544, good=133502, bad=707, missed=15502, trie_nodes=8711, objective=0.992536
  Tested: weights=('28', '1', '6', '1/4'), thresholds=(10, 17, 41, 16)
  validation: F_1/7=0.993932, good=140885, bad=712, missed=8119, trie_nodes=8883, objective=0.993923
  Tested: weights=('28', '1', '1/2', '1/4'), thresholds=(10, 26, 41, 16)
  validation: F_1/7=0.990423, good=121185, bad=628, missed=27819, trie_nodes=8834, objective=0.990415
  Tested: weights=('27', '1', '1/2', '1/4'), thresholds=(25, 17, 41, 1)
  validation: F_1/7=0.993441, good=116590, bad=124, missed=32414, trie_nodes=9428, objective=0.993432
  Best so far: weights=('26', '20', '7', '1/2'), thresholds=(23, 19, 42, 1), score=0.997111, elapsed=797.8s

============================================================
Iteration 12/30
  Tested: weights=('26', '7', '8', '3'), thresholds=(30, 19, 10, 1)
  validation: F_1/7=0.997332, good=144561, bad=304, missed=4443, trie_nodes=17446, objective=0.997315
  Tested: weights=('26', '1/3', '8', '28'), thresholds=(30, 19, 9, 1)
  validation: F_1/7=0.997365, good=144774, bad=304, missed=4230, trie_nodes=17546, objective=0.997348
  Tested: weights=('26', '6', '8', '3'), thresholds=(29, 20, 17, 1)
  validation: F_1/7=0.997291, good=142750, bad=268, missed=6254, trie_nodes=14956, objective=0.997277
  Tested: weights=('19', '7', '10', '3'), thresholds=(30, 20, 10, 1)
  validation: F_1/7=0.997442, good=144577, bad=288, missed=4427, trie_nodes=17283, objective=0.997426
  Tested: weights=('2', '7', '8', '3'), thresholds=(30, 20, 34, 1)
  validation: F_1/7=0.996861, good=144357, bad=369, missed=4647, trie_nodes=19312, objective=0.996843
  Best so far: weights=('19', '7', '10', '3'), thresholds=(30, 20, 10, 1), score=0.997426, elapsed=872.1s

============================================================
Iteration 13/30
  Tested: weights=('26', '1/3', '7', '26'), thresholds=(32, 12, 12, 6)
  validation: F_1/7=0.992714, good=143988, bad=976, missed=5016, trie_nodes=9847, objective=0.992705
  Tested: weights=('26', '9', '7', '28'), thresholds=(32, 11, 10, 6)
  validation: F_1/7=0.991268, good=144912, bad=1219, missed=4092, trie_nodes=10613, objective=0.991258
  Tested: weights=('26', '1/3', '8', '29'), thresholds=(1, 12, 11, 7)
  validation: F_1/7=0.992171, good=145605, bad=1103, missed=3399, trie_nodes=19579, objective=0.992153
  Tested: weights=('19', '22', '7', '28'), thresholds=(32, 11, 10, 6)
  validation: F_1/7=0.990964, good=145018, bad=1268, missed=3986, trie_nodes=10336, objective=0.990954
  Tested: weights=('22', '22', '7', '29'), thresholds=(32, 10, 10, 6)
  validation: F_1/7=0.990905, good=145023, bad=1277, missed=3981, trie_nodes=10439, objective=0.990895
  Best so far: weights=('19', '7', '10', '3'), thresholds=(30, 20, 10, 1), score=0.997426, elapsed=943.4s

============================================================
Iteration 14/30
  Tested: weights=('14', '7', '10', '19'), thresholds=(38, 19, 15, 4)
  validation: F_1/7=0.992081, good=143796, bad=1065, missed=5208, trie_nodes=9594, objective=0.992072
  Tested: weights=('14', '30', '5', '5'), thresholds=(38, 19, 16, 2)
  validation: F_1/7=0.994628, good=144096, bad=694, missed=4908, trie_nodes=12990, objective=0.994616
  Tested: weights=('22', '7', '5', '5'), thresholds=(34, 19, 15, 2)
  validation: F_1/7=0.994805, good=144030, bad=666, missed=4974, trie_nodes=13033, objective=0.994793
  Tested: weights=('22', '7', '5', '19'), thresholds=(26, 19, 17, 4)
  validation: F_1/7=0.991790, good=143647, bad=1104, missed=5357, trie_nodes=9359, objective=0.991781
  Tested: weights=('22', '7', '5', '5'), thresholds=(26, 19, 16, 2)
  validation: F_1/7=0.994909, good=143772, bad=644, missed=5232, trie_nodes=12883, objective=0.994896
  Best so far: weights=('19', '7', '10', '3'), thresholds=(30, 20, 10, 1), score=0.997426, elapsed=1014.7s

============================================================
Iteration 15/30
  Tested: weights=('30', '3', '13', '12'), thresholds=(23, 16, 6, 24)
  validation: F_1/7=0.989207, good=145835, bad=1559, missed=3169, trie_nodes=15159, objective=0.989192
  Tested: weights=('30', '10', '13', '23'), thresholds=(29, 16, 6, 4)
  validation: F_1/7=0.993049, good=145839, bad=977, missed=3165, trie_nodes=16335, objective=0.993034
  Tested: weights=('29', '10', '13', '11'), thresholds=(23, 16, 4, 10)
  validation: F_1/7=0.990137, good=146533, bad=1439, missed=2471, trie_nodes=19377, objective=0.990119
  Tested: weights=('30', '10', '13', '22'), thresholds=(23, 17, 6, 4)
  validation: F_1/7=0.993082, good=145835, bad=972, missed=3169, trie_nodes=16413, objective=0.993066
  Tested: weights=('29', '10', '13', '11'), thresholds=(23, 16, 7, 4)
  validation: F_1/7=0.993083, good=145443, bad=961, missed=3561, trie_nodes=15039, objective=0.993069
  Best so far: weights=('19', '7', '10', '3'), thresholds=(30, 20, 10, 1), score=0.997426, elapsed=1087.8s

============================================================
Iteration 16/30
  Tested: weights=('25', '13', '10', '3'), thresholds=(29, 21, 8, 1)
  validation: F_1/7=0.997427, good=145044, bad=301, missed=3960, trie_nodes=18781, objective=0.997409
  Tested: weights=('25', '4', '10', '3'), thresholds=(29, 21, 23, 1)
  validation: F_1/7=0.997212, good=141349, bad=247, missed=7655, trie_nodes=13733, objective=0.997199
  Tested: weights=('25', '13', '10', '3'), thresholds=(29, 21, 19, 1)
  validation: F_1/7=0.997297, good=142227, bad=255, missed=6777, trie_nodes=14413, objective=0.997284
  Tested: weights=('25', '4', '10', '3'), thresholds=(29, 1, 8, 1)
  validation: F_1/7=0.997413, good=145042, bad=303, missed=3962, trie_nodes=18794, objective=0.997395
  Tested: weights=('25', '3', '10', '1/3'), thresholds=(29, 21, 8, 1)
  validation: F_1/7=0.997534, good=143560, bad=251, missed=5444, trie_nodes=16535, objective=0.997519
  Best so far: weights=('25', '3', '10', '1/3'), thresholds=(29, 21, 8, 1), score=0.997519, elapsed=1168.9s

============================================================
Iteration 17/30
  Tested: weights=('25', '13', '8', '3'), thresholds=(27, 7, 8, 33)
  validation: F_1/7=0.988768, good=145372, bad=1611, missed=3632, trie_nodes=11581, objective=0.988757
  Tested: weights=('25', '13', '8', '3'), thresholds=(27, 6, 19, 2)
  validation: F_1/7=0.995367, good=142495, bad=544, missed=6509, trie_nodes=11615, objective=0.995356
  Tested: weights=('25', '14', '8', '8'), thresholds=(31, 2, 8, 2)
  validation: F_1/7=0.994994, good=145287, bad=670, missed=3717, trie_nodes=16142, objective=0.994979
  Tested: weights=('25', '13', '8', '3'), thresholds=(27, 1, 18, 2)
  validation: F_1/7=0.996345, good=142639, bad=404, missed=6365, trie_nodes=13380, objective=0.996333
  Tested: weights=('25', '14', '8', '3'), thresholds=(27, 2, 8, 2)
  validation: F_1/7=0.995141, good=145248, bad=647, missed=3756, trie_nodes=16001, objective=0.995126
  Best so far: weights=('25', '3', '10', '1/3'), thresholds=(29, 21, 8, 1), score=0.997519, elapsed=1244.8s

============================================================
Iteration 18/30
  Tested: weights=('23', '3', '10', '1/3'), thresholds=(34, 21, 24, 1)
  validation: F_1/7=0.997270, good=139644, bad=199, missed=9360, trie_nodes=11194, objective=0.997260
  Tested: weights=('23', '4', '10', '1/3'), thresholds=(30, 37, 23, 1)
  validation: F_1/7=0.997277, good=139725, bad=200, missed=9279, trie_nodes=11375, objective=0.997266
  Tested: weights=('23', '3', '10', '1/3'), thresholds=(34, 21, 13, 1)
  validation: F_1/7=0.997520, good=142161, bad=221, missed=6843, trie_nodes=13621, objective=0.997507
  Tested: weights=('23', '3', '10', '1/3'), thresholds=(30, 40, 24, 1)
  validation: F_1/7=0.997251, good=139525, bad=199, missed=9479, trie_nodes=11247, objective=0.997240
  Tested: weights=('23', '4', '10', '1/3'), thresholds=(30, 37, 3, 1)
  validation: F_1/7=0.997237, good=145203, bad=333, missed=3801, trie_nodes=24664, objective=0.997213
  Best so far: weights=('25', '3', '10', '1/3'), thresholds=(29, 21, 8, 1), score=0.997519, elapsed=1316.8s

============================================================
Iteration 19/30
  Tested: weights=('27', '8', '9', '1/5'), thresholds=(28, 23, 12, 3)
  validation: F_1/7=0.997388, good=141242, bad=219, missed=7762, trie_nodes=13629, objective=0.997375
  Tested: weights=('27', '1/3', '9', '4'), thresholds=(33, 23, 13, 3)
  validation: F_1/7=0.994540, good=143554, bad=693, missed=5450, trie_nodes=10703, objective=0.994530
  Tested: weights=('27', '1/3', '15', '1/5'), thresholds=(28, 23, 13, 3)
  validation: F_1/7=0.997615, good=141850, bad=200, missed=7154, trie_nodes=13318, objective=0.997603
  Tested: weights=('27', '1/4', '9', '4'), thresholds=(28, 23, 13, 3)
  validation: F_1/7=0.994610, good=143454, bad=680, missed=5550, trie_nodes=10686, objective=0.994600
  Tested: weights=('27', '1/3', '9', '1/5'), thresholds=(28, 23, 13, 3)
  validation: F_1/7=0.997557, good=141918, bad=210, missed=7086, trie_nodes=13341, objective=0.997545
  Best so far: weights=('27', '1/3', '15', '1/5'), thresholds=(28, 23, 13, 3), score=0.997603, elapsed=1391.9s

============================================================
Iteration 20/30
  Tested: weights=('28', '1/2', '15', '1/5'), thresholds=(31, 25, 9, 5)
  validation: F_1/7=0.997574, good=143292, bad=239, missed=5712, trie_nodes=15656, objective=0.997559
  Tested: weights=('28', '1/2', '11', '1/5'), thresholds=(31, 27, 9, 5)
  validation: F_1/7=0.997559, good=143239, bad=240, missed=5765, trie_nodes=15528, objective=0.997544
  Tested: weights=('28', '1/2', '15', '1/5'), thresholds=(31, 25, 9, 5)
  validation: F_1/7=0.997574, good=143292, bad=239, missed=5712, trie_nodes=15656, objective=0.997559
  Tested: weights=('28', '1/2', '11', '1/5'), thresholds=(31, 25, 11, 5)
  validation: F_1/7=0.997526, good=142591, bad=230, missed=6413, trie_nodes=14287, objective=0.997512
  Tested: weights=('28', '1/2', '11', '1/5'), thresholds=(31, 25, 9, 5)
  validation: F_1/7=0.997555, good=143257, bad=241, missed=5747, trie_nodes=15516, objective=0.997540
  Best so far: weights=('27', '1/3', '15', '1/5'), thresholds=(28, 23, 13, 3), score=0.997603, elapsed=1485.8s

============================================================
Iteration 21/30
  Tested: weights=('28', '1/2', '16', '1/5'), thresholds=(35, 27, 11, 7)
  validation: F_1/7=0.996366, good=142723, bad=403, missed=6281, trie_nodes=12687, objective=0.996354
  Tested: weights=('28', '1/2', '15', '1/5'), thresholds=(33, 27, 12, 7)
  validation: F_1/7=0.996232, good=142405, bad=415, missed=6599, trie_nodes=12085, objective=0.996220
  Tested: weights=('28', '1/2', '16', '1/5'), thresholds=(35, 27, 11, 7)
  validation: F_1/7=0.996366, good=142723, bad=403, missed=6281, trie_nodes=12687, objective=0.996354
  Tested: weights=('28', '1/2', '15', '1/5'), thresholds=(35, 27, 12, 7)
  validation: F_1/7=0.996233, good=142411, bad=415, missed=6593, trie_nodes=12080, objective=0.996221
  Tested: weights=('28', '1/2', '16', '1/5'), thresholds=(35, 27, 12, 7)
  validation: F_1/7=0.996341, good=142404, bad=399, missed=6600, trie_nodes=12132, objective=0.996329
  Best so far: weights=('27', '1/3', '15', '1/5'), thresholds=(28, 23, 13, 3), score=0.997603, elapsed=1578.8s

============================================================
Iteration 22/30
  Tested: weights=('29', '1/5', '11', '1/3'), thresholds=(31, 25, 9, 5)
  validation: F_1/7=0.996208, good=144114, bad=460, missed=4890, trie_nodes=14037, objective=0.996194
  Tested: weights=('29', '1/5', '14', '1/3'), thresholds=(31, 25, 9, 5)
  validation: F_1/7=0.996201, good=144034, bad=459, missed=4970, trie_nodes=14279, objective=0.996188
  Tested: weights=('29', '1/5', '11', '1/3'), thresholds=(31, 25, 14, 5)
  validation: F_1/7=0.996124, good=142500, bad=433, missed=6504, trie_nodes=11438, objective=0.996114
  Tested: weights=('29', '1/5', '18', '1/3'), thresholds=(31, 25, 9, 5)
  validation: F_1/7=0.996280, good=143898, bad=444, missed=5106, trie_nodes=14555, objective=0.996267
  Tested: weights=('29', '1/5', '11', '1/3'), thresholds=(31, 25, 9, 5)
  validation: F_1/7=0.996208, good=144114, bad=460, missed=4890, trie_nodes=14037, objective=0.996194
  Best so far: weights=('27', '1/3', '15', '1/5'), thresholds=(28, 23, 13, 3), score=0.997603, elapsed=1653.6s

============================================================
Iteration 23/30
  Tested: weights=('20', '2', '12', '1/4'), thresholds=(32, 29, 7, 9)
  validation: F_1/7=0.995272, good=144042, bad=597, missed=4962, trie_nodes=14090, objective=0.995258
  Tested: weights=('27', '2', '12', '1/4'), thresholds=(32, 29, 7, 9)
  validation: F_1/7=0.995208, good=144105, bad=608, missed=4899, trie_nodes=14588, objective=0.995195
  Tested: weights=('27', '2', '12', '1/4'), thresholds=(33, 29, 7, 10)
  validation: F_1/7=0.995182, good=144185, bad=614, missed=4819, trie_nodes=14565, objective=0.995168
  Tested: weights=('27', '2', '12', '1/4'), thresholds=(33, 29, 5, 10)
  validation: F_1/7=0.995015, good=144979, bad=659, missed=4025, trie_nodes=17413, objective=0.994999
  Tested: weights=('27', '2', '12', '1/4'), thresholds=(33, 22, 7, 4)
  validation: F_1/7=0.997516, good=143792, bad=259, missed=5212, trie_nodes=17605, objective=0.997499
  Best so far: weights=('27', '1/3', '15', '1/5'), thresholds=(28, 23, 13, 3), score=0.997603, elapsed=1725.7s

============================================================
Iteration 24/30
  Tested: weights=('26', '1/3', '15', '1/2'), thresholds=(34, 22, 14, 4)
  validation: F_1/7=0.996097, good=142625, bad=440, missed=6379, trie_nodes=11566, objective=0.996087
  Tested: weights=('26', '1/4', '15', '1/2'), thresholds=(34, 22, 14, 4)
  validation: F_1/7=0.996107, good=142561, bad=437, missed=6443, trie_nodes=11525, objective=0.996096
  Tested: weights=('26', '1/4', '15', '1/2'), thresholds=(37, 23, 11, 4)
  validation: F_1/7=0.996119, good=143495, bad=458, missed=5509, trie_nodes=12934, objective=0.996107
  Tested: weights=('26', '1/4', '15', '1/2'), thresholds=(37, 22, 11, 4)
  validation: F_1/7=0.996131, good=143484, bad=456, missed=5520, trie_nodes=12927, objective=0.996119
  Tested: weights=('26', '1/3', '15', '1/2'), thresholds=(37, 23, 1, 4)
  validation: F_1/7=0.994777, good=147826, bad=768, missed=1178, trie_nodes=36883, objective=0.994742
  Best so far: weights=('27', '1/3', '15', '1/5'), thresholds=(28, 23, 13, 3), score=0.997603, elapsed=1801.3s

============================================================
Iteration 25/30
  Tested: weights=('30', '1', '18', '1/5'), thresholds=(25, 18, 4, 6)
  validation: F_1/7=0.996031, good=144923, bad=506, missed=4081, trie_nodes=22011, objective=0.996010
  Tested: weights=('30', '1', '11', '1/5'), thresholds=(28, 20, 5, 6)
  validation: F_1/7=0.995908, good=144420, bad=512, missed=4584, trie_nodes=18384, objective=0.995890
  Tested: weights=('30', '1', '14', '1/5'), thresholds=(28, 20, 5, 6)
  validation: F_1/7=0.996057, good=144468, bad=491, missed=4536, trie_nodes=18878, objective=0.996039
  Tested: weights=('30', '1', '14', '1/5'), thresholds=(28, 18, 5, 6)
  validation: F_1/7=0.996073, good=144526, bad=490, missed=4478, trie_nodes=18877, objective=0.996055
  Tested: weights=('30', '1', '14', '1/5'), thresholds=(26, 20, 4, 13)
  validation: F_1/7=0.995044, good=145185, bad=660, missed=3819, trie_nodes=20374, objective=0.995024
  Best so far: weights=('27', '1/3', '15', '1/5'), thresholds=(28, 23, 13, 3), score=0.997603, elapsed=1873.7s

============================================================
Iteration 26/30
  Tested: weights=('28', '3', '9', '1'), thresholds=(29, 26, 10, 3)
  validation: F_1/7=0.994655, good=144404, bad=698, missed=4600, trie_nodes=12167, objective=0.994643
  Tested: weights=('28', '1/2', '11', '1'), thresholds=(29, 26, 10, 3)
  validation: F_1/7=0.994887, good=144309, bad=661, missed=4695, trie_nodes=12265, objective=0.994875
  Tested: weights=('28', '3', '9', '1'), thresholds=(29, 26, 10, 3)
  validation: F_1/7=0.994655, good=144404, bad=698, missed=4600, trie_nodes=12167, objective=0.994643
  Tested: weights=('28', '1/2', '30', '1'), thresholds=(32, 26, 10, 3)
  validation: F_1/7=0.995447, good=143646, bad=561, missed=5358, trie_nodes=13365, objective=0.995435
  Tested: weights=('28', '1/2', '9', '1'), thresholds=(29, 26, 10, 3)
  validation: F_1/7=0.994742, good=144407, bad=685, missed=4597, trie_nodes=12101, objective=0.994731
  Best so far: weights=('27', '1/3', '15', '1/5'), thresholds=(28, 23, 13, 3), score=0.997603, elapsed=1949.6s

============================================================
Iteration 27/30
  Tested: weights=('25', '2', '13', '1/4'), thresholds=(26, 24, 8, 2)
  validation: F_1/7=0.997520, good=143119, bad=243, missed=5885, trie_nodes=16497, objective=0.997504
  Tested: weights=('25', '2', '13', '1/4'), thresholds=(26, 24, 8, 2)
  validation: F_1/7=0.997520, good=143119, bad=243, missed=5885, trie_nodes=16497, objective=0.997504
  Tested: weights=('25', '2', '26', '1/4'), thresholds=(26, 24, 8, 2)
  validation: F_1/7=0.997597, good=143043, bad=230, missed=5961, trie_nodes=17016, objective=0.997580
  Tested: weights=('27', '2', '13', '1/4'), thresholds=(26, 24, 8, 2)
  validation: F_1/7=0.997528, good=143081, bad=241, missed=5923, trie_nodes=16597, objective=0.997512
  Tested: weights=('1/5', '2', '13', '1/4'), thresholds=(26, 24, 8, 2)
  validation: F_1/7=0.996857, good=139212, bad=248, missed=9792, trie_nodes=13735, objective=0.996844
  Best so far: weights=('27', '1/3', '15', '1/5'), thresholds=(28, 23, 13, 3), score=0.997603, elapsed=2038.7s

============================================================
Iteration 28/30
  Tested: weights=('27', '1/3', '24', '1/4'), thresholds=(25, 24, 6, 2)
  validation: F_1/7=0.997607, good=144600, bad=264, missed=4404, trie_nodes=19896, objective=0.997589
  Tested: weights=('27', '1/3', '13', '1/4'), thresholds=(24, 24, 7, 2)
  validation: F_1/7=0.997606, good=144066, bad=252, missed=4938, trie_nodes=17777, objective=0.997589
  Tested: weights=('27', '1/3', '28', '1/4'), thresholds=(24, 24, 6, 2)
  validation: F_1/7=0.997551, good=144499, bad=270, missed=4505, trie_nodes=20109, objective=0.997532
  Tested: weights=('27', '1/3', '24', '1/4'), thresholds=(26, 24, 6, 2)
  validation: F_1/7=0.997606, good=144592, bad=264, missed=4412, trie_nodes=19893, objective=0.997587
  Tested: weights=('27', '1/3', '26', '1/4'), thresholds=(26, 24, 6, 2)
  validation: F_1/7=0.997558, good=144541, bad=270, missed=4463, trie_nodes=19993, objective=0.997539
  Best so far: weights=('27', '1/3', '15', '1/5'), thresholds=(28, 23, 13, 3), score=0.997603, elapsed=2119.1s

============================================================
Iteration 29/30
  Tested: weights=('27', '1/4', '25', '1/5'), thresholds=(24, 25, 6, 26)
  validation: F_1/7=0.994084, good=145310, bad=807, missed=3694, trie_nodes=17166, objective=0.994068
  Tested: weights=('27', '1/4', '26', '1/5'), thresholds=(21, 28, 6, 26)
  validation: F_1/7=0.994141, good=145254, bad=797, missed=3750, trie_nodes=17232, objective=0.994125
  Tested: weights=('27', '1/4', '27', '1/5'), thresholds=(24, 28, 6, 5)
  validation: F_1/7=0.997505, good=144681, bad=281, missed=4323, trie_nodes=20141, objective=0.997486
  Tested: weights=('27', '1/4', '26', '1/5'), thresholds=(24, 28, 6, 5)
  validation: F_1/7=0.997511, good=144721, bad=281, missed=4283, trie_nodes=20074, objective=0.997492
  Tested: weights=('27', '1/4', '26', '1/5'), thresholds=(24, 28, 6, 5)
  validation: F_1/7=0.997511, good=144721, bad=281, missed=4283, trie_nodes=20074, objective=0.997492
  Best so far: weights=('27', '1/3', '15', '1/5'), thresholds=(28, 23, 13, 3), score=0.997603, elapsed=2195.2s

============================================================
Iteration 30/30
  Tested: weights=('29', '1/2', '27', '1/4'), thresholds=(25, 23, 3, 2)
  validation: F_1/7=0.997225, good=145689, bad=346, missed=3315, trie_nodes=27688, objective=0.997199
  Tested: weights=('29', '1/3', '23', '1/4'), thresholds=(25, 25, 3, 2)
  validation: F_1/7=0.997291, good=145898, bad=341, missed=3106, trie_nodes=27414, objective=0.997265
  Tested: weights=('29', '1/3', '23', '1/4'), thresholds=(25, 23, 3, 3)
  validation: F_1/7=0.997252, good=146077, bad=351, missed=2927, trie_nodes=27483, objective=0.997226
  Tested: weights=('29', '1/3', '23', '1/4'), thresholds=(25, 23, 3, 2)
  validation: F_1/7=0.997320, good=145956, bad=338, missed=3048, trie_nodes=27439, objective=0.997294
  Tested: weights=('29', '1/3', '23', '1/4'), thresholds=(25, 23, 3, 2)
  validation: F_1/7=0.997320, good=145956, bad=338, missed=3048, trie_nodes=27439, objective=0.997294
  Best so far: weights=('27', '1/3', '15', '1/5'), thresholds=(28, 23, 13, 3), score=0.997603, elapsed=2269.1s

============================================================
Extra sampler evaluations: 3
  Tested: weights=('26', '1/2', '28', '1/3'), thresholds=(21, 24, 9, 8)
  validation: F_1/7=0.995622, good=143841, bad=540, missed=5163, trie_nodes=13878, objective=0.995609
  Tested: weights=('26', '1/2', '28', '1/3'), thresholds=(22, 24, 7, 8)
  validation: F_1/7=0.995605, good=144580, bad=561, missed=4424, trie_nodes=16110, objective=0.995590
  Tested: weights=('26', '1/2', '24', '1/3'), thresholds=(22, 24, 7, 8)
  validation: F_1/7=0.995533, good=144710, bad=575, missed=4294, trie_nodes=15916, objective=0.995518

============================================================
tpe per-level baseline complete
Selected weights: ('27', '1/3', '15', '1/5')
PATGEN good_wt: (1, 3, 1, 5); bad_wt: (27, 1, 15, 1); thresholds: (28, 23, 13, 3)
Held-out test: {'good': 141757, 'bad': 194, 'missed': 7102, 'train_good': 1142341, 'train_bad': 43, 'train_missed': 50853, 'n_patterns': 8460, 'trie_nodes': 13318}
History: results/hpo_baselines_grouped/tpe/nl/wiktionary/final_history.csv
Selected profile: results/hpo_baselines_grouped/tpe/nl/wiktionary/selected_profile.json
