Proportional trie_normalizer for ru/wiktionary: |D| = 152433
Method: tpe
Objective: F17+Trie(w=0.0005)
Dataset: /home/dev/hyph-bench/data/ru/wiktionary/ru_wiktionary.wlh_dis.wlh
Split counts: train=121946, validation=15243, test=15244
Pattern ranges: [(1, 4), (2, 5), (2, 6), (2, 7)]
Search space (8-D): per-level weight in ('1/5', '1/4', '1/3', '1/2', '1', '2', '3', '4', '5', '6', '7', '8', '9', '10', '11', '12', '13', '14', '15', '16', '17', '18', '19', '20', '21', '22', '23', '24', '25', '26', '27', '28', '29', '30'); per-level threshold in [1,42]
Budget: 30 rounds x batch 5 + 3 extra = 153 evaluations

============================================================
Iteration 1/30
  Tested: weights=('1/3', '29', '29', '24'), thresholds=(13, 5, 29, 19)
  validation: F_1/7=0.850047, good=40942, bad=7357, missed=626, trie_nodes=5936, objective=0.850028
  Tested: weights=('12', '23', '3', '14'), thresholds=(25, 2, 26, 8)
  validation: F_1/7=0.925432, good=36416, bad=2889, missed=5152, trie_nodes=3825, objective=0.925420
  Tested: weights=('7', '14', '11', '6'), thresholds=(26, 6, 13, 16)
  validation: F_1/7=0.930062, good=34819, bad=2534, missed=6749, trie_nodes=2490, objective=0.930054
  Tested: weights=('9', '29', '21', '17'), thresholds=(7, 7, 3, 37)
  validation: F_1/7=0.930813, good=36490, bad=2664, missed=5078, trie_nodes=13802, objective=0.930768
  Tested: weights=('17', '21', '1/5', '29'), thresholds=(35, 9, 8, 8)
  validation: F_1/7=0.843015, good=41042, bad=7788, missed=526, trie_nodes=5681, objective=0.842997
  Best so far: weights=('9', '29', '21', '17'), thresholds=(7, 7, 3, 37), score=0.930768, elapsed=21.6s

============================================================
Iteration 2/30
  Tested: weights=('15', '3', '29', '23'), thresholds=(40, 38, 26, 39)
  validation: F_1/7=0.946506, good=24313, bad=1050, missed=17255, trie_nodes=2162, objective=0.946499
  Tested: weights=('1', '13', '1/4', '27'), thresholds=(11, 28, 14, 22)
  validation: F_1/7=0.832782, good=41080, bad=8407, missed=488, trie_nodes=1619, objective=0.832777
  Tested: weights=('6', '15', '1', '24'), thresholds=(4, 42, 33, 9)
  validation: F_1/7=0.905529, good=39147, bad=4118, missed=2421, trie_nodes=4162, objective=0.905516
  Tested: weights=('1/5', '24', '21', '21'), thresholds=(33, 4, 16, 5)
  validation: F_1/7=0.863971, good=40832, bad=6545, missed=736, trie_nodes=8256, objective=0.863944
  Tested: weights=('1/2', '3', '1/4', '8'), thresholds=(17, 12, 35, 15)
  validation: F_1/7=0.865806, good=40665, bad=6413, missed=903, trie_nodes=1737, objective=0.865800
  Best so far: weights=('15', '3', '29', '23'), thresholds=(40, 38, 26, 39), score=0.946499, elapsed=43.0s

============================================================
Iteration 3/30
  Tested: weights=('26', '1/4', '30', '1/2'), thresholds=(42, 41, 42, 42)
  validation: F_1/7=0.941683, good=14322, bad=349, missed=27246, trie_nodes=1879, objective=0.941677
  Tested: weights=('28', '1/4', '30', '1/4'), thresholds=(42, 42, 42, 41)
  validation: F_1/7=0.941523, good=14004, bad=325, missed=27564, trie_nodes=1911, objective=0.941516
  Tested: weights=('28', '1/5', '30', '1/4'), thresholds=(39, 42, 42, 40)
  validation: F_1/7=0.942951, good=14296, bad=326, missed=27272, trie_nodes=2012, objective=0.942944
  Tested: weights=('28', '1/5', '28', '1/5'), thresholds=(41, 42, 42, 39)
  validation: F_1/7=0.942472, good=14201, bad=326, missed=27367, trie_nodes=1970, objective=0.942466
  Tested: weights=('29', '1/5', '29', '1/5'), thresholds=(42, 39, 41, 42)
  validation: F_1/7=0.941660, good=13899, bad=314, missed=27669, trie_nodes=1998, objective=0.941654
  Best so far: weights=('15', '3', '29', '23'), thresholds=(40, 38, 26, 39), score=0.946499, elapsed=61.8s

============================================================
Iteration 4/30
  Tested: weights=('20', '5', '20', '7'), thresholds=(32, 32, 25, 31)
  validation: F_1/7=0.952672, good=21481, bad=679, missed=20087, trie_nodes=3038, objective=0.952662
  Tested: weights=('21', '5', '22', '6'), thresholds=(33, 32, 22, 32)
  validation: F_1/7=0.953998, good=21495, bad=648, missed=20073, trie_nodes=3542, objective=0.953986
  Tested: weights=('21', '5', '20', '9'), thresholds=(32, 32, 21, 31)
  validation: F_1/7=0.954526, good=22056, bad=674, missed=19512, trie_nodes=3755, objective=0.954514
  Tested: weights=('20', '5', '23', '7'), thresholds=(32, 32, 22, 31)
  validation: F_1/7=0.953149, good=21786, bad=689, missed=19782, trie_nodes=3456, objective=0.953138
  Tested: weights=('20', '5', '22', '5'), thresholds=(34, 32, 25, 32)
  validation: F_1/7=0.952451, good=21098, bad=657, missed=20470, trie_nodes=3001, objective=0.952442
  Best so far: weights=('21', '5', '20', '9'), thresholds=(32, 32, 21, 31), score=0.954514, elapsed=80.7s

============================================================
Iteration 5/30
  Tested: weights=('24', '10', '15', '12'), thresholds=(26, 20, 18, 25)
  validation: F_1/7=0.955485, good=24185, bad=795, missed=17383, trie_nodes=4736, objective=0.955469
  Tested: weights=('24', '10', '13', '12'), thresholds=(24, 21, 18, 26)
  validation: F_1/7=0.954665, good=25838, bad=931, missed=15730, trie_nodes=4598, objective=0.954650
  Tested: weights=('24', '9', '15', '12'), thresholds=(27, 20, 19, 26)
  validation: F_1/7=0.954842, good=23932, bad=795, missed=17636, trie_nodes=4475, objective=0.954828
  Tested: weights=('24', '9', '14', '11'), thresholds=(28, 20, 18, 26)
  validation: F_1/7=0.954392, good=25160, bad=892, missed=16408, trie_nodes=4549, objective=0.954378
  Tested: weights=('23', '9', '13', '11'), thresholds=(27, 21, 17, 26)
  validation: F_1/7=0.953675, good=26414, bad=1000, missed=15154, trie_nodes=4690, objective=0.953659
  Best so far: weights=('24', '10', '15', '12'), thresholds=(26, 20, 18, 25), score=0.955469, elapsed=100.7s

============================================================
Iteration 6/30
  Tested: weights=('25', '10', '8', '16'), thresholds=(21, 16, 11, 25)
  validation: F_1/7=0.945615, good=32598, bad=1730, missed=8970, trie_nodes=5877, objective=0.945596
  Tested: weights=('25', '10', '9', '16'), thresholds=(21, 17, 9, 26)
  validation: F_1/7=0.947691, good=32338, bad=1633, missed=9230, trie_nodes=7316, objective=0.947667
  Tested: weights=('17', '10', '8', '15'), thresholds=(21, 17, 9, 25)
  validation: F_1/7=0.946354, good=32936, bad=1729, missed=8632, trie_nodes=6395, objective=0.946333
  Tested: weights=('25', '10', '8', '15'), thresholds=(21, 16, 11, 25)
  validation: F_1/7=0.945615, good=32598, bad=1730, missed=8970, trie_nodes=5877, objective=0.945596
  Tested: weights=('25', '10', '8', '17'), thresholds=(21, 15, 8, 25)
  validation: F_1/7=0.944636, good=33652, bad=1851, missed=7916, trie_nodes=7485, objective=0.944612
  Best so far: weights=('24', '10', '15', '12'), thresholds=(26, 20, 18, 25), score=0.955469, elapsed=121.9s

============================================================
Iteration 7/30
  Tested: weights=('30', '20', '15', '19'), thresholds=(17, 26, 5, 34)
  validation: F_1/7=0.952803, good=30926, bad=1346, missed=10642, trie_nodes=17878, objective=0.952744
  Tested: weights=('30', '17', '16', '19'), thresholds=(17, 26, 4, 21)
  validation: F_1/7=0.951812, good=31488, bad=1421, missed=10080, trie_nodes=22788, objective=0.951737
  Tested: weights=('13', '17', '17', '3'), thresholds=(17, 25, 20, 36)
  validation: F_1/7=0.943213, good=29292, bad=1549, missed=12276, trie_nodes=3004, objective=0.943203
  Tested: weights=('30', '17', '16', '2'), thresholds=(17, 25, 2, 21)
  validation: F_1/7=0.943387, good=34116, bad=1937, missed=7452, trie_nodes=41920, objective=0.943250
  Tested: weights=('12', '17', '16', '12'), thresholds=(16, 27, 4, 21)
  validation: F_1/7=0.940168, good=34428, bad=2090, missed=7140, trie_nodes=14304, objective=0.940121
  Best so far: weights=('24', '10', '15', '12'), thresholds=(26, 20, 18, 25), score=0.955469, elapsed=143.1s

============================================================
Iteration 8/30
  Tested: weights=('22', '13', '18', '9'), thresholds=(29, 9, 20, 29)
  validation: F_1/7=0.955126, good=22229, bad=671, missed=19339, trie_nodes=4118, objective=0.955113
  Tested: weights=('22', '7', '19', '9'), thresholds=(29, 23, 20, 28)
  validation: F_1/7=0.955414, good=21893, bad=641, missed=19675, trie_nodes=4141, objective=0.955400
  Tested: weights=('22', '13', '18', '10'), thresholds=(30, 11, 20, 28)
  validation: F_1/7=0.955094, good=22261, bad=674, missed=19307, trie_nodes=4119, objective=0.955080
  Tested: weights=('22', '7', '19', '9'), thresholds=(29, 10, 15, 28)
  validation: F_1/7=0.955893, good=23815, bad=759, missed=17753, trie_nodes=5720, objective=0.955874
  Tested: weights=('22', '7', '19', '9'), thresholds=(29, 10, 20, 28)
  validation: F_1/7=0.955414, good=21893, bad=641, missed=19675, trie_nodes=4141, objective=0.955400
  Best so far: weights=('22', '7', '19', '9'), thresholds=(29, 10, 15, 28), score=0.955874, elapsed=164.6s

============================================================
Iteration 9/30
  Tested: weights=('17', '1', '25', '3'), thresholds=(36, 2, 15, 18)
  validation: F_1/7=0.954397, good=25610, bad=923, missed=15958, trie_nodes=5396, objective=0.954379
  Tested: weights=('17', '2', '25', '4'), thresholds=(38, 13, 15, 17)
  validation: F_1/7=0.952947, good=25629, bad=966, missed=15939, trie_nodes=4893, objective=0.952931
  Tested: weights=('17', '1', '25', '3'), thresholds=(37, 1, 14, 17)
  validation: F_1/7=0.956619, good=25604, bad=859, missed=15964, trie_nodes=9364, objective=0.956588
  Tested: weights=('17', '1', '25', '4'), thresholds=(37, 7, 15, 15)
  validation: F_1/7=0.953017, good=25615, bad=963, missed=15953, trie_nodes=4895, objective=0.953001
  Tested: weights=('18', '1', '24', '3'), thresholds=(37, 8, 15, 16)
  validation: F_1/7=0.954137, good=25114, bad=896, missed=16454, trie_nodes=5136, objective=0.954120
  Best so far: weights=('17', '1', '25', '3'), thresholds=(37, 1, 14, 17), score=0.956588, elapsed=188.3s

============================================================
Iteration 10/30
  Tested: weights=('15', '7', '11', '1'), thresholds=(24, 5, 29, 11)
  validation: F_1/7=0.946883, good=27036, bad=1251, missed=14532, trie_nodes=2563, objective=0.946875
  Tested: weights=('10', '7', '11', '13'), thresholds=(24, 4, 29, 12)
  validation: F_1/7=0.939641, good=31078, bad=1823, missed=10490, trie_nodes=2088, objective=0.939634
  Tested: weights=('8', '8', '27', '13'), thresholds=(30, 1, 12, 10)
  validation: F_1/7=0.943957, good=33082, bad=1831, missed=8486, trie_nodes=15810, objective=0.943905
  Tested: weights=('19', '7', '11', '13'), thresholds=(24, 1, 12, 12)
  validation: F_1/7=0.953922, good=29030, bad=1175, missed=12538, trie_nodes=9573, objective=0.953891
  Tested: weights=('10', '7', '27', '13'), thresholds=(24, 1, 12, 11)
  validation: F_1/7=0.947681, good=31838, bad=1595, missed=9730, trie_nodes=14275, objective=0.947634
  Best so far: weights=('17', '1', '25', '3'), thresholds=(37, 1, 14, 17), score=0.956588, elapsed=216.7s

============================================================
Iteration 11/30
  Tested: weights=('15', '30', '20', '7'), thresholds=(35, 10, 23, 23)
  validation: F_1/7=0.947281, good=25381, bad=1111, missed=16187, trie_nodes=2643, objective=0.947273
  Tested: weights=('22', '12', '20', '8'), thresholds=(26, 10, 23, 23)
  validation: F_1/7=0.954542, good=20917, bad=595, missed=20651, trie_nodes=3639, objective=0.954530
  Tested: weights=('5', '12', '19', '8'), thresholds=(26, 11, 23, 23)
  validation: F_1/7=0.917070, good=36335, bad=3246, missed=5233, trie_nodes=1328, objective=0.917066
  Tested: weights=('15', '12', '19', '8'), thresholds=(35, 10, 23, 23)
  validation: F_1/7=0.947404, good=25427, bad=1111, missed=16141, trie_nodes=2633, objective=0.947395
  Tested: weights=('14', '12', '19', '8'), thresholds=(35, 10, 7, 23)
  validation: F_1/7=0.946992, good=31336, bad=1581, missed=10232, trie_nodes=9807, objective=0.946960
  Best so far: weights=('17', '1', '25', '3'), thresholds=(37, 1, 14, 17), score=0.956588, elapsed=237.1s

============================================================
Iteration 12/30
  Tested: weights=('27', '3', '22', '10'), thresholds=(30, 13, 17, 29)
  validation: F_1/7=0.955090, good=21470, bad=620, missed=20098, trie_nodes=5523, objective=0.955072
  Tested: weights=('27', '15', '22', '6'), thresholds=(29, 23, 17, 29)
  validation: F_1/7=0.955101, good=21474, bad=620, missed=20094, trie_nodes=5533, objective=0.955083
  Tested: weights=('27', '15', '18', '10'), thresholds=(30, 13, 17, 29)
  validation: F_1/7=0.955291, good=22876, bad=711, missed=18692, trie_nodes=5282, objective=0.955274
  Tested: weights=('27', '15', '22', '10'), thresholds=(30, 13, 18, 29)
  validation: F_1/7=0.955020, good=21022, bad=591, missed=20546, trie_nodes=5118, objective=0.955003
  Tested: weights=('22', '15', '22', '10'), thresholds=(30, 14, 17, 29)
  validation: F_1/7=0.955856, good=22364, bad=662, missed=19204, trie_nodes=5130, objective=0.955839
  Best so far: weights=('17', '1', '25', '3'), thresholds=(37, 1, 14, 17), score=0.956588, elapsed=256.6s

============================================================
Iteration 13/30
  Tested: weights=('19', '1/3', '24', '26'), thresholds=(33, 19, 27, 35)
  validation: F_1/7=0.951377, good=21132, bad=685, missed=20436, trie_nodes=2615, objective=0.951368
  Tested: weights=('23', '1/3', '24', '27'), thresholds=(32, 29, 14, 4)
  validation: F_1/7=0.956486, good=23153, bad=699, missed=18415, trie_nodes=6596, objective=0.956464
  Tested: weights=('19', '26', '24', '1/2'), thresholds=(33, 30, 27, 1)
  validation: F_1/7=0.956630, good=20644, bad=528, missed=20924, trie_nodes=9696, objective=0.956598
  Tested: weights=('21', '1/3', '24', '28'), thresholds=(3, 19, 27, 2)
  validation: F_1/7=0.950137, good=28277, bad=1243, missed=13291, trie_nodes=15731, objective=0.950086
  Tested: weights=('19', '1/3', '24', '29'), thresholds=(1, 19, 14, 2)
  validation: F_1/7=0.941268, good=31225, bad=1777, missed=10343, trie_nodes=30431, objective=0.941169
  Best so far: weights=('19', '26', '24', '1/2'), thresholds=(33, 30, 27, 1), score=0.956598, elapsed=277.4s

============================================================
Iteration 14/30
  Tested: weights=('23', '22', '27', '1/3'), thresholds=(39, 36, 34, 4)
  validation: F_1/7=0.949628, good=16547, bad=385, missed=25021, trie_nodes=2949, objective=0.949618
  Tested: weights=('23', '27', '27', '22'), thresholds=(40, 30, 38, 6)
  validation: F_1/7=0.946628, good=16055, bad=403, missed=25513, trie_nodes=2044, objective=0.946621
  Tested: weights=('20', '25', '27', '1/2'), thresholds=(32, 30, 34, 6)
  validation: F_1/7=0.950316, good=19718, bad=606, missed=21850, trie_nodes=2402, objective=0.950308
  Tested: weights=('20', '24', '27', '1/4'), thresholds=(32, 35, 13, 6)
  validation: F_1/7=0.958493, good=24542, bad=737, missed=17026, trie_nodes=7596, objective=0.958468
  Tested: weights=('23', '24', '27', '1/2'), thresholds=(40, 29, 13, 6)
  validation: F_1/7=0.956770, good=23098, bad=688, missed=18470, trie_nodes=7488, objective=0.956746
  Best so far: weights=('20', '24', '27', '1/4'), thresholds=(32, 35, 13, 6), score=0.958468, elapsed=298.8s

============================================================
Iteration 15/30
  Tested: weights=('20', '26', '29', '1/5'), thresholds=(40, 36, 10, 8)
  validation: F_1/7=0.958282, good=25718, bad=819, missed=15850, trie_nodes=10017, objective=0.958249
  Tested: weights=('18', '25', '28', '1/5'), thresholds=(40, 35, 14, 8)
  validation: F_1/7=0.958240, good=24713, bad=755, missed=16855, trie_nodes=6820, objective=0.958217
  Tested: weights=('20', '27', '29', '1/5'), thresholds=(34, 35, 10, 1)
  validation: F_1/7=0.961167, good=24910, bad=687, missed=16658, trie_nodes=13722, objective=0.961122
  Tested: weights=('18', '27', '29', '1/5'), thresholds=(34, 35, 9, 1)
  validation: F_1/7=0.960981, good=26040, bad=762, missed=15528, trie_nodes=14983, objective=0.960931
  Tested: weights=('18', '27', '29', '1/5'), thresholds=(34, 36, 13, 1)
  validation: F_1/7=0.961669, good=24121, bad=625, missed=17447, trie_nodes=11965, objective=0.961630
  Best so far: weights=('18', '27', '29', '1/5'), thresholds=(34, 36, 13, 1), score=0.961630, elapsed=323.0s

============================================================
Iteration 16/30
  Tested: weights=('18', '27', '29', '1/5'), thresholds=(41, 35, 10, 1)
  validation: F_1/7=0.961183, good=25404, bad=717, missed=16164, trie_nodes=14007, objective=0.961137
  Tested: weights=('18', '27', '29', '1/5'), thresholds=(41, 35, 10, 8)
  validation: F_1/7=0.958074, good=26503, bad=876, missed=15065, trie_nodes=9619, objective=0.958043
  Tested: weights=('16', '27', '30', '1/5'), thresholds=(41, 35, 10, 1)
  validation: F_1/7=0.961053, good=25847, bad=748, missed=15721, trie_nodes=14125, objective=0.961007
  Tested: weights=('18', '27', '29', '1/5'), thresholds=(41, 35, 10, 1)
  validation: F_1/7=0.961183, good=25404, bad=717, missed=16164, trie_nodes=14007, objective=0.961137
  Tested: weights=('18', '27', '29', '1/5'), thresholds=(41, 35, 10, 1)
  validation: F_1/7=0.961183, good=25404, bad=717, missed=16164, trie_nodes=14007, objective=0.961137
  Best so far: weights=('18', '27', '29', '1/5'), thresholds=(34, 36, 13, 1), score=0.961630, elapsed=350.7s

============================================================
Iteration 17/30
  Tested: weights=('16', '29', '30', '1/4'), thresholds=(42, 39, 6, 1)
  validation: F_1/7=0.958145, good=28720, bad=1018, missed=12848, trie_nodes=20426, objective=0.958078
  Tested: weights=('16', '29', '30', '1/4'), thresholds=(42, 39, 6, 1)
  validation: F_1/7=0.958145, good=28720, bad=1018, missed=12848, trie_nodes=20426, objective=0.958078
  Tested: weights=('16', '29', '30', '1/4'), thresholds=(42, 39, 6, 3)
  validation: F_1/7=0.958049, good=29211, bad=1053, missed=12357, trie_nodes=20981, objective=0.957980
  Tested: weights=('13', '29', '30', '1/4'), thresholds=(42, 39, 6, 1)
  validation: F_1/7=0.958326, good=29365, bad=1054, missed=12203, trie_nodes=20087, objective=0.958260
  Tested: weights=('16', '29', '30', '1/4'), thresholds=(42, 39, 6, 1)
  validation: F_1/7=0.958145, good=28720, bad=1018, missed=12848, trie_nodes=20426, objective=0.958078
  Best so far: weights=('18', '27', '29', '1/5'), thresholds=(34, 36, 13, 1), score=0.961630, elapsed=374.8s

============================================================
Iteration 18/30
  Tested: weights=('13', '27', '28', '1/3'), thresholds=(38, 34, 8, 3)
  validation: F_1/7=0.957897, good=29687, bad=1089, missed=11881, trie_nodes=18603, objective=0.957836
  Tested: weights=('13', '27', '28', '1/3'), thresholds=(38, 34, 8, 3)
  validation: F_1/7=0.957897, good=29687, bad=1089, missed=11881, trie_nodes=18603, objective=0.957836
  Tested: weights=('13', '27', '28', '1/3'), thresholds=(38, 34, 8, 3)
  validation: F_1/7=0.957897, good=29687, bad=1089, missed=11881, trie_nodes=18603, objective=0.957836
  Tested: weights=('14', '27', '28', '1/3'), thresholds=(39, 34, 8, 3)
  validation: F_1/7=0.958388, good=29319, bad=1049, missed=12249, trie_nodes=18368, objective=0.958328
  Tested: weights=('14', '27', '28', '1/3'), thresholds=(38, 34, 8, 3)
  validation: F_1/7=0.958324, good=29333, bad=1052, missed=12235, trie_nodes=18365, objective=0.958263
  Best so far: weights=('18', '27', '29', '1/5'), thresholds=(34, 36, 13, 1), score=0.961630, elapsed=397.5s

============================================================
Iteration 19/30
  Tested: weights=('18', '23', '26', '1'), thresholds=(34, 37, 10, 5)
  validation: F_1/7=0.954772, good=27250, bad=1025, missed=14318, trie_nodes=8321, objective=0.954744
  Tested: weights=('18', '23', '26', '1'), thresholds=(36, 37, 10, 5)
  validation: F_1/7=0.954856, good=27244, bad=1022, missed=14324, trie_nodes=8366, objective=0.954829
  Tested: weights=('11', '23', '29', '1'), thresholds=(36, 37, 10, 5)
  validation: F_1/7=0.944708, good=31565, bad=1681, missed=10003, trie_nodes=5160, objective=0.944691
  Tested: weights=('18', '23', '26', '1'), thresholds=(9, 37, 10, 4)
  validation: F_1/7=0.953629, good=28394, bad=1140, missed=13174, trie_nodes=8531, objective=0.953601
  Tested: weights=('18', '23', '26', '1'), thresholds=(36, 37, 1, 5)
  validation: F_1/7=0.926328, good=35912, bad=2799, missed=5656, trie_nodes=75737, objective=0.926079
  Best so far: weights=('18', '27', '29', '1/5'), thresholds=(34, 36, 13, 1), score=0.961630, elapsed=420.0s

============================================================
Iteration 20/30
  Tested: weights=('14', '28', '29', '1/5'), thresholds=(41, 32, 11, 2)
  validation: F_1/7=0.961692, good=26326, bad=759, missed=15242, trie_nodes=13921, objective=0.961647
  Tested: weights=('14', '30', '29', '1/5'), thresholds=(39, 33, 11, 2)
  validation: F_1/7=0.961677, good=26384, bad=763, missed=15184, trie_nodes=13926, objective=0.961631
  Tested: weights=('14', '28', '29', '1/5'), thresholds=(39, 33, 11, 2)
  validation: F_1/7=0.961677, good=26384, bad=763, missed=15184, trie_nodes=13926, objective=0.961631
  Tested: weights=('14', '28', '29', '1/5'), thresholds=(41, 33, 4, 2)
  validation: F_1/7=0.956695, good=30547, bad=1186, missed=11021, trie_nodes=25963, objective=0.956610
  Tested: weights=('14', '28', '29', '1/5'), thresholds=(39, 33, 4, 2)
  validation: F_1/7=0.956740, good=30555, bad=1185, missed=11013, trie_nodes=25921, objective=0.956655
  Best so far: weights=('14', '28', '29', '1/5'), thresholds=(41, 32, 11, 2), score=0.961647, elapsed=443.2s

============================================================
Iteration 21/30
  Tested: weights=('12', '30', '29', '1/5'), thresholds=(41, 41, 11, 2)
  validation: F_1/7=0.961996, good=26916, bad=786, missed=14652, trie_nodes=14295, objective=0.961949
  Tested: weights=('12', '28', '29', '1/5'), thresholds=(41, 41, 11, 2)
  validation: F_1/7=0.961996, good=26916, bad=786, missed=14652, trie_nodes=14295, objective=0.961949
  Tested: weights=('12', '30', '29', '1/5'), thresholds=(41, 31, 11, 2)
  validation: F_1/7=0.962051, good=26943, bad=786, missed=14625, trie_nodes=14298, objective=0.962005
  Tested: weights=('15', '30', '29', '1/5'), thresholds=(41, 31, 11, 2)
  validation: F_1/7=0.961829, good=26030, bad=737, missed=15538, trie_nodes=13720, objective=0.961784
  Tested: weights=('12', '30', '29', '1/5'), thresholds=(41, 41, 11, 2)
  validation: F_1/7=0.961996, good=26916, bad=786, missed=14652, trie_nodes=14295, objective=0.961949
  Best so far: weights=('12', '30', '29', '1/5'), thresholds=(41, 31, 11, 2), score=0.962005, elapsed=465.5s

============================================================
Iteration 22/30
  Tested: weights=('11', '30', '1/2', '1/2'), thresholds=(41, 41, 12, 4)
  validation: F_1/7=0.937726, good=32315, bad=2001, missed=9253, trie_nodes=6680, objective=0.937704
  Tested: weights=('11', '30', '28', '1/2'), thresholds=(41, 42, 12, 4)
  validation: F_1/7=0.951754, good=30323, bad=1339, missed=11245, trie_nodes=6485, objective=0.951733
  Tested: weights=('11', '30', '1/2', '1/2'), thresholds=(41, 41, 11, 4)
  validation: F_1/7=0.937765, good=32309, bad=1999, missed=9259, trie_nodes=6688, objective=0.937743
  Tested: weights=('11', '30', '2', '1/2'), thresholds=(41, 41, 12, 4)
  validation: F_1/7=0.938496, good=36438, bad=2332, missed=5130, trie_nodes=7540, objective=0.938471
  Tested: weights=('11', '30', '1/2', '1/2'), thresholds=(41, 41, 12, 4)
  validation: F_1/7=0.937726, good=32315, bad=2001, missed=9253, trie_nodes=6680, objective=0.937704
  Best so far: weights=('12', '30', '29', '1/5'), thresholds=(41, 31, 11, 2), score=0.962005, elapsed=488.3s

============================================================
Iteration 23/30
  Tested: weights=('9', '28', '26', '1/4'), thresholds=(39, 31, 11, 7)
  validation: F_1/7=0.954169, good=30543, bad=1272, missed=11025, trie_nodes=6791, objective=0.954147
  Tested: weights=('12', '28', '28', '1/4'), thresholds=(39, 32, 11, 7)
  validation: F_1/7=0.956695, good=28955, bad=1080, missed=12613, trie_nodes=7338, objective=0.956671
  Tested: weights=('9', '28', '26', '1/4'), thresholds=(39, 32, 11, 7)
  validation: F_1/7=0.954133, good=30540, bad=1273, missed=11028, trie_nodes=6785, objective=0.954111
  Tested: weights=('12', '28', '26', '1/4'), thresholds=(39, 31, 13, 7)
  validation: F_1/7=0.956599, good=28459, bad=1050, missed=13109, trie_nodes=6487, objective=0.956578
  Tested: weights=('9', '28', '26', '1/4'), thresholds=(39, 32, 11, 2)
  validation: F_1/7=0.959790, good=28980, bad=982, missed=12588, trie_nodes=16305, objective=0.959736
  Best so far: weights=('12', '30', '29', '1/5'), thresholds=(41, 31, 11, 2), score=0.962005, elapsed=510.4s

============================================================
Iteration 24/30
  Tested: weights=('15', '25', '29', '1/5'), thresholds=(40, 40, 9, 2)
  validation: F_1/7=0.961376, good=27023, bad=811, missed=14545, trie_nodes=15321, objective=0.961325
  Tested: weights=('15', '26', '29', '1/5'), thresholds=(37, 40, 9, 2)
  validation: F_1/7=0.961246, good=27090, bad=819, missed=14478, trie_nodes=15332, objective=0.961195
  Tested: weights=('15', '26', '6', '1/5'), thresholds=(40, 40, 9, 2)
  validation: F_1/7=0.960548, good=30205, bad=1034, missed=11363, trie_nodes=17409, objective=0.960491
  Tested: weights=('15', '26', '29', '1/5'), thresholds=(40, 40, 9, 2)
  validation: F_1/7=0.961376, good=27023, bad=811, missed=14545, trie_nodes=15321, objective=0.961325
  Tested: weights=('15', '26', '29', '1/5'), thresholds=(40, 40, 9, 2)
  validation: F_1/7=0.961376, good=27023, bad=811, missed=14545, trie_nodes=15321, objective=0.961325
  Best so far: weights=('12', '30', '29', '1/5'), thresholds=(41, 31, 11, 2), score=0.962005, elapsed=532.6s

============================================================
Iteration 25/30
  Tested: weights=('10', '25', '30', '1/3'), thresholds=(37, 38, 13, 3)
  validation: F_1/7=0.957131, good=29909, bad=1129, missed=11659, trie_nodes=17449, objective=0.957074
  Tested: weights=('12', '25', '30', '1/3'), thresholds=(37, 38, 7, 3)
  validation: F_1/7=0.957493, good=30686, bad=1168, missed=10882, trie_nodes=20185, objective=0.957427
  Tested: weights=('15', '25', '30', '1/3'), thresholds=(37, 40, 7, 3)
  validation: F_1/7=0.958328, good=29536, bad=1065, missed=12032, trie_nodes=19514, objective=0.958264
  Tested: weights=('10', '25', '30', '1/3'), thresholds=(37, 38, 7, 3)
  validation: F_1/7=0.956472, good=31615, bad=1265, missed=9953, trie_nodes=20716, objective=0.956404
  Tested: weights=('10', '25', '30', '1/3'), thresholds=(37, 38, 7, 3)
  validation: F_1/7=0.956472, good=31615, bad=1265, missed=9953, trie_nodes=20716, objective=0.956404
  Best so far: weights=('12', '30', '29', '1/5'), thresholds=(41, 31, 11, 2), score=0.962005, elapsed=556.6s

============================================================
Iteration 26/30
  Tested: weights=('15', '29', '27', '1/5'), thresholds=(40, 40, 9, 2)
  validation: F_1/7=0.961405, good=27086, bad=814, missed=14482, trie_nodes=15336, objective=0.961354
  Tested: weights=('15', '29', '27', '1/5'), thresholds=(40, 40, 9, 2)
  validation: F_1/7=0.961405, good=27086, bad=814, missed=14482, trie_nodes=15336, objective=0.961354
  Tested: weights=('15', '29', '27', '1/5'), thresholds=(40, 40, 9, 2)
  validation: F_1/7=0.961405, good=27086, bad=814, missed=14482, trie_nodes=15336, objective=0.961354
  Tested: weights=('13', '29', '27', '1/5'), thresholds=(40, 40, 9, 2)
  validation: F_1/7=0.961433, good=27475, bad=837, missed=14093, trie_nodes=15443, objective=0.961383
  Tested: weights=('15', '29', '27', '1/5'), thresholds=(40, 40, 9, 2)
  validation: F_1/7=0.961405, good=27086, bad=814, missed=14482, trie_nodes=15336, objective=0.961354
  Best so far: weights=('12', '30', '29', '1/5'), thresholds=(41, 31, 11, 2), score=0.962005, elapsed=580.6s

============================================================
Iteration 27/30
  Tested: weights=('13', '29', '27', '1/4'), thresholds=(42, 42, 14, 5)
  validation: F_1/7=0.956924, good=27348, bad=966, missed=14220, trie_nodes=6617, objective=0.956902
  Tested: weights=('13', '29', '27', '1/4'), thresholds=(14, 42, 14, 5)
  validation: F_1/7=0.956280, good=28651, bad=1073, missed=12917, trie_nodes=6642, objective=0.956259
  Tested: weights=('12', '29', '27', '1/4'), thresholds=(42, 42, 14, 5)
  validation: F_1/7=0.957348, good=27848, bad=986, missed=13720, trie_nodes=6590, objective=0.957327
  Tested: weights=('13', '29', '27', '1/4'), thresholds=(42, 42, 14, 5)
  validation: F_1/7=0.956924, good=27348, bad=966, missed=14220, trie_nodes=6617, objective=0.956902
  Tested: weights=('13', '29', '27', '1/4'), thresholds=(42, 42, 16, 5)
  validation: F_1/7=0.956522, good=26850, bad=945, missed=14718, trie_nodes=6074, objective=0.956502
  Best so far: weights=('12', '30', '29', '1/5'), thresholds=(41, 31, 11, 2), score=0.962005, elapsed=605.4s

============================================================
Iteration 28/30
  Tested: weights=('14', '30', '25', '1/5'), thresholds=(38, 41, 11, 1)
  validation: F_1/7=0.961875, good=26183, bad=745, missed=15385, trie_nodes=13712, objective=0.961830
  Tested: weights=('14', '30', '25', '1/5'), thresholds=(38, 41, 11, 1)
  validation: F_1/7=0.961875, good=26183, bad=745, missed=15385, trie_nodes=13712, objective=0.961830
  Tested: weights=('14', '30', '25', '2'), thresholds=(38, 41, 13, 1)
  validation: F_1/7=0.955503, good=27917, bad=1048, missed=13651, trie_nodes=17350, objective=0.955446
  Tested: weights=('14', '30', '28', '1/5'), thresholds=(38, 41, 11, 1)
  validation: F_1/7=0.961667, good=26085, bad=745, missed=15483, trie_nodes=13700, objective=0.961623
  Tested: weights=('14', '28', '25', '2'), thresholds=(38, 28, 11, 1)
  validation: F_1/7=0.955531, good=28622, bad=1095, missed=12946, trie_nodes=18282, objective=0.955471
  Best so far: weights=('12', '30', '29', '1/5'), thresholds=(41, 31, 11, 2), score=0.962005, elapsed=628.0s

============================================================
Iteration 29/30
  Tested: weights=('12', '30', '28', '1/3'), thresholds=(38, 31, 12, 1)
  validation: F_1/7=0.960098, good=27896, bad=904, missed=13672, trie_nodes=15757, objective=0.960047
  Tested: weights=('12', '30', '28', '1/3'), thresholds=(35, 31, 12, 1)
  validation: F_1/7=0.960136, good=28010, bad=910, missed=13558, trie_nodes=15794, objective=0.960084
  Tested: weights=('12', '30', '28', '1/3'), thresholds=(38, 31, 12, 1)
  validation: F_1/7=0.960098, good=27896, bad=904, missed=13672, trie_nodes=15757, objective=0.960047
  Tested: weights=('12', '30', '28', '1/3'), thresholds=(38, 33, 12, 1)
  validation: F_1/7=0.960098, good=27896, bad=904, missed=13672, trie_nodes=15756, objective=0.960047
  Tested: weights=('12', '30', '28', '1/3'), thresholds=(38, 31, 13, 1)
  validation: F_1/7=0.960084, good=27714, bad=893, missed=13854, trie_nodes=15453, objective=0.960033
  Best so far: weights=('12', '30', '29', '1/5'), thresholds=(41, 31, 11, 2), score=0.962005, elapsed=651.1s

============================================================
Iteration 30/30
  Tested: weights=('16', '19', '23', '1/5'), thresholds=(19, 41, 11, 4)
  validation: F_1/7=0.961172, good=26762, bad=801, missed=14806, trie_nodes=14186, objective=0.961125
  Tested: weights=('16', '28', '23', '1/5'), thresholds=(39, 41, 11, 4)
  validation: F_1/7=0.961017, good=26413, bad=784, missed=15155, trie_nodes=14065, objective=0.960971
  Tested: weights=('16', '28', '29', '1/5'), thresholds=(39, 41, 11, 4)
  validation: F_1/7=0.960644, good=26093, bad=775, missed=15475, trie_nodes=13953, objective=0.960598
  Tested: weights=('16', '28', '25', '1/5'), thresholds=(39, 41, 11, 4)
  validation: F_1/7=0.960837, good=26296, bad=782, missed=15272, trie_nodes=14006, objective=0.960791
  Tested: weights=('16', '28', '23', '1/5'), thresholds=(39, 41, 11, 4)
  validation: F_1/7=0.961017, good=26413, bad=784, missed=15155, trie_nodes=14065, objective=0.960971
  Best so far: weights=('12', '30', '29', '1/5'), thresholds=(41, 31, 11, 2), score=0.962005, elapsed=672.2s

============================================================
Extra sampler evaluations: 3
  Tested: weights=('14', '29', '28', '1/4'), thresholds=(40, 39, 8, 2)
  validation: F_1/7=0.960218, good=28354, bad=929, missed=13214, trie_nodes=17276, objective=0.960162
  Tested: weights=('14', '29', '28', '1/4'), thresholds=(40, 39, 8, 2)
  validation: F_1/7=0.960218, good=28354, bad=929, missed=13214, trie_nodes=17276, objective=0.960162
  Tested: weights=('14', '29', '28', '1/4'), thresholds=(40, 39, 8, 2)
  validation: F_1/7=0.960218, good=28354, bad=929, missed=13214, trie_nodes=17276, objective=0.960162

============================================================
tpe per-level baseline complete
Selected weights: ('12', '30', '29', '1/5')
PATGEN good_wt: (1, 1, 1, 5); bad_wt: (12, 30, 29, 1); thresholds: (41, 31, 11, 2)
Held-out test: {'good': 27125, 'bad': 912, 'missed': 14788, 'train_good': 223700, 'train_bad': 390, 'train_missed': 109854, 'n_patterns': 8045, 'trie_nodes': 14298}
History: results/hpo_baselines_grouped/tpe/ru/wiktionary/final_history.csv
Selected profile: results/hpo_baselines_grouped/tpe/ru/wiktionary/selected_profile.json
