Proportional trie_normalizer for ru/wiktionary: |D| = 152433
Method: random
Objective: F17+Trie(w=0.0005)
Dataset: /home/dev/hyph-bench/data/ru/wiktionary/ru_wiktionary.wlh_dis.wlh
Split counts: train=121946, validation=15243, test=15244
Pattern ranges: [(1, 4), (2, 5), (2, 6), (2, 7)]
Search space (8-D): per-level weight in ('1/5', '1/4', '1/3', '1/2', '1', '2', '3', '4', '5', '6', '7', '8', '9', '10', '11', '12', '13', '14', '15', '16', '17', '18', '19', '20', '21', '22', '23', '24', '25', '26', '27', '28', '29', '30'); per-level threshold in [1,42]
Budget: 30 rounds x batch 5 + 3 extra = 153 evaluations

============================================================
Iteration 1/30
  Tested: weights=('1/3', '29', '29', '24'), thresholds=(13, 5, 29, 19)
  validation: F_1/7=0.850047, good=40942, bad=7357, missed=626, trie_nodes=5936, objective=0.850028
  Tested: weights=('7', '14', '11', '6'), thresholds=(26, 6, 13, 16)
  validation: F_1/7=0.930062, good=34819, bad=2534, missed=6749, trie_nodes=2490, objective=0.930054
  Tested: weights=('9', '29', '21', '17'), thresholds=(7, 7, 3, 37)
  validation: F_1/7=0.930813, good=36490, bad=2664, missed=5078, trie_nodes=13802, objective=0.930768
  Tested: weights=('17', '21', '1/5', '29'), thresholds=(35, 9, 8, 8)
  validation: F_1/7=0.843015, good=41042, bad=7788, missed=526, trie_nodes=5681, objective=0.842997
  Tested: weights=('12', '23', '3', '14'), thresholds=(25, 2, 26, 8)
  validation: F_1/7=0.925432, good=36416, bad=2889, missed=5152, trie_nodes=3825, objective=0.925420
  Best so far: weights=('9', '29', '21', '17'), thresholds=(7, 7, 3, 37), score=0.930768, elapsed=19.6s

============================================================
Iteration 2/30
  Tested: weights=('15', '3', '29', '23'), thresholds=(40, 38, 26, 39)
  validation: F_1/7=0.946506, good=24313, bad=1050, missed=17255, trie_nodes=2162, objective=0.946499
  Tested: weights=('6', '15', '1', '24'), thresholds=(4, 42, 33, 9)
  validation: F_1/7=0.905529, good=39147, bad=4118, missed=2421, trie_nodes=4162, objective=0.905516
  Tested: weights=('1/5', '24', '21', '21'), thresholds=(33, 4, 16, 5)
  validation: F_1/7=0.863971, good=40832, bad=6545, missed=736, trie_nodes=8256, objective=0.863944
  Tested: weights=('1/2', '3', '1/4', '8'), thresholds=(17, 12, 35, 15)
  validation: F_1/7=0.865806, good=40665, bad=6413, missed=903, trie_nodes=1737, objective=0.865800
  Tested: weights=('1', '13', '1/4', '27'), thresholds=(11, 28, 14, 22)
  validation: F_1/7=0.832782, good=41080, bad=8407, missed=488, trie_nodes=1619, objective=0.832777
  Best so far: weights=('15', '3', '29', '23'), thresholds=(40, 38, 26, 39), score=0.946499, elapsed=41.5s

============================================================
Iteration 3/30
  Tested: weights=('27', '13', '1', '21'), thresholds=(32, 24, 33, 21)
  validation: F_1/7=0.865358, good=39879, bad=6297, missed=1689, trie_nodes=2636, objective=0.865349
  Tested: weights=('28', '24', '18', '26'), thresholds=(34, 8, 38, 23)
  validation: F_1/7=0.950387, good=18002, bad=478, missed=23566, trie_nodes=2374, objective=0.950379
  Tested: weights=('27', '5', '10', '22'), thresholds=(10, 4, 13, 7)
  validation: F_1/7=0.952548, good=29117, bad=1226, missed=12451, trie_nodes=8107, objective=0.952521
  Tested: weights=('26', '18', '8', '1/3'), thresholds=(14, 14, 31, 27)
  validation: F_1/7=0.949411, good=28033, bad=1248, missed=13535, trie_nodes=5155, objective=0.949394
  Tested: weights=('14', '11', '1/5', '1/2'), thresholds=(2, 27, 14, 22)
  validation: F_1/7=0.918678, good=31646, bad=2656, missed=9922, trie_nodes=15236, objective=0.918628
  Best so far: weights=('27', '5', '10', '22'), thresholds=(10, 4, 13, 7), score=0.952521, elapsed=63.5s

============================================================
Iteration 4/30
  Tested: weights=('1/5', '14', '11', '4'), thresholds=(6, 15, 40, 14)
  validation: F_1/7=0.865818, good=40663, bad=6412, missed=905, trie_nodes=2362, objective=0.865810
  Tested: weights=('24', '27', '7', '1/2'), thresholds=(10, 18, 35, 37)
  validation: F_1/7=0.948701, good=29018, bad=1345, missed=12550, trie_nodes=6448, objective=0.948679
  Tested: weights=('14', '20', '9', '30'), thresholds=(41, 11, 21, 13)
  validation: F_1/7=0.943922, good=30104, bad=1591, missed=11464, trie_nodes=2644, objective=0.943913
  Tested: weights=('6', '1/4', '17', '14'), thresholds=(3, 12, 39, 11)
  validation: F_1/7=0.944211, good=34304, bad=1920, missed=7264, trie_nodes=5785, objective=0.944192
  Tested: weights=('1', '13', '30', '5'), thresholds=(29, 32, 10, 31)
  validation: F_1/7=0.851069, good=40550, bad=7220, missed=1018, trie_nodes=1110, objective=0.851065
  Best so far: weights=('27', '5', '10', '22'), thresholds=(10, 4, 13, 7), score=0.952521, elapsed=85.1s

============================================================
Iteration 5/30
  Tested: weights=('20', '10', '28', '1'), thresholds=(15, 5, 39, 37)
  validation: F_1/7=0.953387, good=23206, bad=783, missed=18362, trie_nodes=4189, objective=0.953374
  Tested: weights=('1/4', '17', '20', '1/5'), thresholds=(22, 10, 28, 8)
  validation: F_1/7=0.951687, good=26386, bad=1057, missed=15182, trie_nodes=6108, objective=0.951667
  Tested: weights=('5', '19', '24', '15'), thresholds=(23, 11, 4, 38)
  validation: F_1/7=0.914954, good=37771, bad=3505, missed=3797, trie_nodes=6115, objective=0.914934
  Tested: weights=('27', '18', '8', '8'), thresholds=(31, 38, 38, 33)
  validation: F_1/7=0.941287, good=29615, bad=1641, missed=11953, trie_nodes=2528, objective=0.941279
  Tested: weights=('9', '18', '18', '15'), thresholds=(4, 36, 14, 8)
  validation: F_1/7=0.933272, good=35273, bad=2445, missed=6295, trie_nodes=6047, objective=0.933252
  Best so far: weights=('20', '10', '28', '1'), thresholds=(15, 5, 39, 37), score=0.953374, elapsed=106.8s

============================================================
Iteration 6/30
  Tested: weights=('6', '5', '30', '10'), thresholds=(38, 27, 34, 22)
  validation: F_1/7=0.921287, good=34458, bad=2859, missed=7110, trie_nodes=1040, objective=0.921284
  Tested: weights=('1/5', '2', '15', '20'), thresholds=(28, 10, 30, 10)
  validation: F_1/7=0.900445, good=38786, bad=4319, missed=2782, trie_nodes=1551, objective=0.900440
  Tested: weights=('8', '22', '19', '25'), thresholds=(28, 24, 4, 16)
  validation: F_1/7=0.929014, good=35967, bad=2690, missed=5601, trie_nodes=10479, objective=0.928980
  Tested: weights=('18', '1/3', '2', '27'), thresholds=(26, 1, 5, 28)
  validation: F_1/7=0.893929, good=39476, bad=4737, missed=2092, trie_nodes=8351, objective=0.893902
  Tested: weights=('16', '13', '3', '21'), thresholds=(12, 2, 28, 8)
  validation: F_1/7=0.926994, good=35936, bad=2773, missed=5632, trie_nodes=5382, objective=0.926976
  Best so far: weights=('20', '10', '28', '1'), thresholds=(15, 5, 39, 37), score=0.953374, elapsed=128.7s

============================================================
Iteration 7/30
  Tested: weights=('28', '29', '28', '9'), thresholds=(1, 39, 18, 41)
  validation: F_1/7=0.938382, good=28272, bad=1623, missed=13296, trie_nodes=34086, objective=0.938270
  Tested: weights=('26', '28', '14', '14'), thresholds=(34, 28, 30, 34)
  validation: F_1/7=0.951153, good=22652, bad=801, missed=18916, trie_nodes=2779, objective=0.951144
  Tested: weights=('26', '22', '20', '20'), thresholds=(16, 13, 34, 35)
  validation: F_1/7=0.953587, good=20526, bad=590, missed=21042, trie_nodes=4617, objective=0.953572
  Tested: weights=('29', '26', '7', '10'), thresholds=(36, 14, 8, 24)
  validation: F_1/7=0.934402, good=35367, bad=2407, missed=6201, trie_nodes=5312, objective=0.934384
  Tested: weights=('28', '20', '16', '1/2'), thresholds=(26, 42, 6, 22)
  validation: F_1/7=0.953517, good=29911, bad=1250, missed=11657, trie_nodes=15010, objective=0.953468
  Best so far: weights=('26', '22', '20', '20'), thresholds=(16, 13, 34, 35), score=0.953572, elapsed=148.7s

============================================================
Iteration 8/30
  Tested: weights=('21', '30', '14', '7'), thresholds=(34, 12, 19, 4)
  validation: F_1/7=0.953827, good=24960, bad=894, missed=16608, trie_nodes=4058, objective=0.953813
  Tested: weights=('27', '8', '9', '1/2'), thresholds=(25, 2, 20, 23)
  validation: F_1/7=0.947140, good=29465, bad=1431, missed=12103, trie_nodes=4097, objective=0.947127
  Tested: weights=('1/5', '29', '25', '20'), thresholds=(18, 8, 7, 11)
  validation: F_1/7=0.841803, good=41030, bad=7857, missed=538, trie_nodes=4043, objective=0.841790
  Tested: weights=('23', '4', '18', '1/3'), thresholds=(3, 23, 23, 27)
  validation: F_1/7=0.950445, good=27677, bad=1189, missed=13891, trie_nodes=16027, objective=0.950393
  Tested: weights=('6', '17', '1/4', '1/4'), thresholds=(35, 16, 6, 22)
  validation: F_1/7=0.932901, good=26261, bad=1615, missed=15307, trie_nodes=2993, objective=0.932891
  Best so far: weights=('21', '30', '14', '7'), thresholds=(34, 12, 19, 4), score=0.953813, elapsed=172.1s

============================================================
Iteration 9/30
  Tested: weights=('15', '21', '19', '6'), thresholds=(41, 31, 24, 26)
  validation: F_1/7=0.947356, good=25059, bad=1084, missed=16509, trie_nodes=2487, objective=0.947348
  Tested: weights=('26', '20', '13', '1/2'), thresholds=(21, 20, 8, 19)
  validation: F_1/7=0.953536, good=30006, bad=1256, missed=11562, trie_nodes=10135, objective=0.953503
  Tested: weights=('10', '17', '18', '1/4'), thresholds=(16, 27, 22, 36)
  validation: F_1/7=0.944317, good=31340, bad=1677, missed=10228, trie_nodes=2482, objective=0.944309
  Tested: weights=('19', '2', '1/3', '18'), thresholds=(2, 25, 40, 25)
  validation: F_1/7=0.843556, good=40717, bad=7688, missed=851, trie_nodes=18986, objective=0.843494
  Tested: weights=('11', '5', '9', '22'), thresholds=(1, 5, 2, 2)
  validation: F_1/7=0.932463, good=37007, bad=2642, missed=4561, trie_nodes=32611, objective=0.932356
  Best so far: weights=('21', '30', '14', '7'), thresholds=(34, 12, 19, 4), score=0.953813, elapsed=197.6s

============================================================
Iteration 10/30
  Tested: weights=('10', '18', '12', '15'), thresholds=(40, 17, 41, 39)
  validation: F_1/7=0.936257, good=29543, bad=1807, missed=12025, trie_nodes=1216, objective=0.936253
  Tested: weights=('25', '1/5', '24', '6'), thresholds=(5, 30, 27, 37)
  validation: F_1/7=0.952715, good=25155, bad=939, missed=16413, trie_nodes=11545, objective=0.952677
  Tested: weights=('9', '23', '8', '28'), thresholds=(37, 19, 32, 32)
  validation: F_1/7=0.931809, good=31618, bad=2158, missed=9950, trie_nodes=1402, objective=0.931805
  Tested: weights=('21', '24', '6', '3'), thresholds=(32, 34, 42, 18)
  validation: F_1/7=0.935905, good=31768, bad=2020, missed=9800, trie_nodes=2289, objective=0.935898
  Tested: weights=('3', '1/3', '1/2', '1/5'), thresholds=(4, 29, 3, 14)
  validation: F_1/7=0.943706, good=26961, bad=1343, missed=14607, trie_nodes=5840, objective=0.943687
  Best so far: weights=('21', '30', '14', '7'), thresholds=(34, 12, 19, 4), score=0.953813, elapsed=227.3s

============================================================
Iteration 11/30
  Tested: weights=('27', '1/2', '7', '29'), thresholds=(40, 25, 27, 19)
  validation: F_1/7=0.935445, good=32384, bad=2093, missed=9184, trie_nodes=2341, objective=0.935437
  Tested: weights=('6', '8', '19', '22'), thresholds=(34, 34, 4, 21)
  validation: F_1/7=0.919964, good=36996, bad=3191, missed=4572, trie_nodes=7827, objective=0.919938
  Tested: weights=('1/4', '15', '12', '27'), thresholds=(15, 5, 7, 32)
  validation: F_1/7=0.860828, good=40880, bad=6730, missed=688, trie_nodes=4886, objective=0.860812
  Tested: weights=('1/2', '27', '14', '25'), thresholds=(14, 38, 17, 1)
  validation: F_1/7=0.901745, good=39275, bad=4320, missed=2293, trie_nodes=62974, objective=0.901538
  Tested: weights=('18', '1/2', '1/3', '20'), thresholds=(4, 35, 30, 4)
  validation: F_1/7=0.875005, good=40586, bad=5896, missed=982, trie_nodes=15510, objective=0.874954
  Best so far: weights=('21', '30', '14', '7'), thresholds=(34, 12, 19, 4), score=0.953813, elapsed=249.8s

============================================================
Iteration 12/30
  Tested: weights=('1/3', '30', '9', '9'), thresholds=(35, 40, 42, 32)
  validation: F_1/7=0.828277, good=40999, bad=8662, missed=569, trie_nodes=1164, objective=0.828273
  Tested: weights=('1/4', '27', '14', '30'), thresholds=(4, 24, 41, 22)
  validation: F_1/7=0.815283, good=41130, bad=9500, missed=438, trie_nodes=2251, objective=0.815275
  Tested: weights=('29', '9', '6', '26'), thresholds=(10, 41, 1, 41)
  validation: F_1/7=0.919790, good=38269, bad=3338, missed=3299, trie_nodes=42662, objective=0.919650
  Tested: weights=('1/5', '12', '1/4', '1'), thresholds=(5, 28, 32, 25)
  validation: F_1/7=0.895033, good=38866, bad=4596, missed=2702, trie_nodes=2003, objective=0.895026
  Tested: weights=('9', '1/3', '23', '15'), thresholds=(18, 39, 5, 21)
  validation: F_1/7=0.938126, good=34960, bad=2218, missed=6608, trie_nodes=8796, objective=0.938097
  Best so far: weights=('21', '30', '14', '7'), thresholds=(34, 12, 19, 4), score=0.953813, elapsed=271.8s

============================================================
Iteration 13/30
  Tested: weights=('28', '26', '1/4', '1/5'), thresholds=(16, 35, 42, 7)
  validation: F_1/7=0.912499, good=11816, bad=549, missed=29752, trie_nodes=6053, objective=0.912479
  Tested: weights=('20', '2', '27', '24'), thresholds=(40, 31, 26, 18)
  validation: F_1/7=0.951268, good=20326, bad=629, missed=21242, trie_nodes=2804, objective=0.951259
  Tested: weights=('16', '1/3', '30', '30'), thresholds=(30, 23, 14, 35)
  validation: F_1/7=0.952015, good=26480, bad=1054, missed=15088, trie_nodes=5002, objective=0.951999
  Tested: weights=('18', '20', '12', '18'), thresholds=(25, 38, 2, 12)
  validation: F_1/7=0.940362, good=35494, bad=2173, missed=6074, trie_nodes=33337, objective=0.940253
  Tested: weights=('29', '27', '12', '18'), thresholds=(12, 8, 20, 15)
  validation: F_1/7=0.954567, good=26072, bad=950, missed=15496, trie_nodes=6495, objective=0.954545
  Best so far: weights=('29', '27', '12', '18'), thresholds=(12, 8, 20, 15), score=0.954545, elapsed=292.9s

============================================================
Iteration 14/30
  Tested: weights=('1/4', '26', '24', '30'), thresholds=(42, 24, 33, 40)
  validation: F_1/7=0.815718, good=41072, bad=9458, missed=496, trie_nodes=1303, objective=0.815713
  Tested: weights=('25', '5', '12', '1'), thresholds=(41, 26, 10, 29)
  validation: F_1/7=0.951004, good=30369, bad=1368, missed=11199, trie_nodes=6903, objective=0.950981
  Tested: weights=('18', '9', '1/2', '19'), thresholds=(22, 33, 22, 36)
  validation: F_1/7=0.837189, good=40696, bad=8058, missed=872, trie_nodes=3171, objective=0.837179
  Tested: weights=('17', '9', '29', '25'), thresholds=(36, 20, 18, 12)
  validation: F_1/7=0.952341, good=24545, bad=906, missed=17023, trie_nodes=3840, objective=0.952328
  Tested: weights=('15', '16', '26', '10'), thresholds=(6, 2, 32, 27)
  validation: F_1/7=0.949229, good=30063, bad=1406, missed=11505, trie_nodes=7955, objective=0.949203
  Best so far: weights=('29', '27', '12', '18'), thresholds=(12, 8, 20, 15), score=0.954545, elapsed=314.3s

============================================================
Iteration 15/30
  Tested: weights=('27', '8', '14', '23'), thresholds=(17, 27, 37, 40)
  validation: F_1/7=0.954068, good=22066, bad=686, missed=19502, trie_nodes=4410, objective=0.954054
  Tested: weights=('2', '28', '13', '5'), thresholds=(20, 42, 21, 14)
  validation: F_1/7=0.888989, good=39622, bad=5009, missed=1946, trie_nodes=1423, objective=0.888984
  Tested: weights=('20', '4', '1', '1/5'), thresholds=(15, 25, 17, 19)
  validation: F_1/7=0.941231, good=26109, bad=1348, missed=15459, trie_nodes=4948, objective=0.941214
  Tested: weights=('18', '5', '1/3', '1'), thresholds=(6, 7, 6, 27)
  validation: F_1/7=0.899342, good=37078, bad=4143, missed=4490, trie_nodes=9050, objective=0.899312
  Tested: weights=('3', '8', '27', '13'), thresholds=(29, 8, 9, 2)
  validation: F_1/7=0.920825, good=38405, bad=3305, missed=3163, trie_nodes=10991, objective=0.920789
  Best so far: weights=('29', '27', '12', '18'), thresholds=(12, 8, 20, 15), score=0.954545, elapsed=340.4s

============================================================
Iteration 16/30
  Tested: weights=('18', '9', '12', '22'), thresholds=(2, 11, 30, 38)
  validation: F_1/7=0.944892, good=30860, bad=1618, missed=10708, trie_nodes=18158, objective=0.944833
  Tested: weights=('2', '6', '3', '1/2'), thresholds=(6, 20, 9, 16)
  validation: F_1/7=0.924955, good=37291, bad=3000, missed=4277, trie_nodes=2053, objective=0.924949
  Tested: weights=('1/3', '6', '24', '22'), thresholds=(8, 9, 16, 21)
  validation: F_1/7=0.875954, good=40430, bad=5819, missed=1138, trie_nodes=2181, objective=0.875947
  Tested: weights=('14', '20', '1/4', '24'), thresholds=(27, 4, 37, 39)
  validation: F_1/7=0.816915, good=40977, bad=9359, missed=591, trie_nodes=2566, objective=0.816907
  Tested: weights=('14', '15', '1/2', '12'), thresholds=(23, 11, 12, 16)
  validation: F_1/7=0.859453, good=40669, bad=6768, missed=899, trie_nodes=3226, objective=0.859443
  Best so far: weights=('29', '27', '12', '18'), thresholds=(12, 8, 20, 15), score=0.954545, elapsed=366.4s

============================================================
Iteration 17/30
  Tested: weights=('6', '9', '18', '16'), thresholds=(15, 42, 26, 10)
  validation: F_1/7=0.923140, good=35745, bad=2918, missed=5823, trie_nodes=1752, objective=0.923134
  Tested: weights=('1/3', '14', '10', '30'), thresholds=(5, 17, 41, 37)
  validation: F_1/7=0.844445, good=40841, bad=7662, missed=727, trie_nodes=1815, objective=0.844439
  Tested: weights=('1/5', '7', '4', '8'), thresholds=(6, 38, 25, 29)
  validation: F_1/7=0.847055, good=40680, bad=7477, missed=888, trie_nodes=1368, objective=0.847050
  Tested: weights=('1/2', '2', '5', '2'), thresholds=(8, 12, 8, 38)
  validation: F_1/7=0.897769, good=39613, bad=4563, missed=1955, trie_nodes=1828, objective=0.897763
  Tested: weights=('23', '13', '1/3', '15'), thresholds=(25, 32, 19, 6)
  validation: F_1/7=0.867763, good=40745, bad=6319, missed=823, trie_nodes=6087, objective=0.867743
  Best so far: weights=('29', '27', '12', '18'), thresholds=(12, 8, 20, 15), score=0.954545, elapsed=387.4s

============================================================
Iteration 18/30
  Tested: weights=('1/3', '30', '7', '24'), thresholds=(11, 29, 32, 26)
  validation: F_1/7=0.809725, good=41125, bad=9852, missed=443, trie_nodes=1453, objective=0.809721
  Tested: weights=('13', '11', '8', '28'), thresholds=(35, 41, 6, 31)
  validation: F_1/7=0.939078, good=34932, bad=2177, missed=6636, trie_nodes=7498, objective=0.939054
  Tested: weights=('24', '5', '2', '19'), thresholds=(40, 24, 25, 12)
  validation: F_1/7=0.894043, good=39071, bad=4674, missed=2497, trie_nodes=2442, objective=0.894035
  Tested: weights=('23', '3', '8', '11'), thresholds=(22, 11, 5, 26)
  validation: F_1/7=0.942571, good=34843, bad=2029, missed=6725, trie_nodes=10861, objective=0.942535
  Tested: weights=('6', '16', '2', '13'), thresholds=(23, 3, 15, 6)
  validation: F_1/7=0.915262, good=38721, bad=3600, missed=2847, trie_nodes=3491, objective=0.915250
  Best so far: weights=('29', '27', '12', '18'), thresholds=(12, 8, 20, 15), score=0.954545, elapsed=409.1s

============================================================
Iteration 19/30
  Tested: weights=('10', '24', '11', '9'), thresholds=(20, 13, 32, 22)
  validation: F_1/7=0.937208, good=31409, bad=1940, missed=10159, trie_nodes=1925, objective=0.937201
  Tested: weights=('3', '2', '2', '24'), thresholds=(28, 22, 16, 37)
  validation: F_1/7=0.900774, good=39065, bad=4340, missed=2503, trie_nodes=1263, objective=0.900770
  Tested: weights=('4', '27', '10', '15'), thresholds=(39, 27, 5, 40)
  validation: F_1/7=0.901669, good=38138, bad=4174, missed=3430, trie_nodes=3768, objective=0.901657
  Tested: weights=('18', '8', '1', '23'), thresholds=(27, 23, 38, 34)
  validation: F_1/7=0.867586, good=39503, bad=6110, missed=2065, trie_nodes=2463, objective=0.867578
  Tested: weights=('28', '3', '1/3', '22'), thresholds=(25, 36, 6, 34)
  validation: F_1/7=0.820235, good=41076, bad=9176, missed=492, trie_nodes=4066, objective=0.820222
  Best so far: weights=('29', '27', '12', '18'), thresholds=(12, 8, 20, 15), score=0.954545, elapsed=429.6s

============================================================
Iteration 20/30
  Tested: weights=('4', '21', '21', '18'), thresholds=(30, 23, 11, 15)
  validation: F_1/7=0.906180, good=37645, bad=3897, missed=3923, trie_nodes=1723, objective=0.906174
  Tested: weights=('14', '17', '1/5', '26'), thresholds=(40, 24, 30, 39)
  validation: F_1/7=0.806151, good=41092, bad=10073, missed=476, trie_nodes=2103, objective=0.806144
  Tested: weights=('2', '7', '5', '22'), thresholds=(2, 24, 33, 37)
  validation: F_1/7=0.877419, good=40029, bad=5675, missed=1539, trie_nodes=2372, objective=0.877412
  Tested: weights=('8', '24', '1/2', '25'), thresholds=(6, 17, 34, 7)
  validation: F_1/7=0.887753, good=39948, bad=5121, missed=1620, trie_nodes=4946, objective=0.887737
  Tested: weights=('3', '27', '16', '10'), thresholds=(20, 40, 7, 25)
  validation: F_1/7=0.890474, good=39059, bad=4851, missed=2509, trie_nodes=1943, objective=0.890468
  Best so far: weights=('29', '27', '12', '18'), thresholds=(12, 8, 20, 15), score=0.954545, elapsed=451.0s

============================================================
Iteration 21/30
  Tested: weights=('21', '2', '16', '17'), thresholds=(18, 31, 40, 39)
  validation: F_1/7=0.954539, good=22655, bad=715, missed=18913, trie_nodes=3673, objective=0.954527
  Tested: weights=('12', '1/2', '30', '25'), thresholds=(6, 39, 37, 22)
  validation: F_1/7=0.942278, good=32217, bad=1823, missed=9351, trie_nodes=5523, objective=0.942260
  Tested: weights=('15', '28', '8', '8'), thresholds=(31, 19, 10, 20)
  validation: F_1/7=0.943148, good=33245, bad=1875, missed=8323, trie_nodes=5078, objective=0.943132
  Tested: weights=('1', '2', '13', '11'), thresholds=(39, 16, 25, 27)
  validation: F_1/7=0.892030, good=39414, bad=4824, missed=2154, trie_nodes=1155, objective=0.892026
  Tested: weights=('17', '10', '1/4', '8'), thresholds=(34, 1, 15, 17)
  validation: F_1/7=0.861227, good=40639, bad=6663, missed=929, trie_nodes=7463, objective=0.861203
  Best so far: weights=('29', '27', '12', '18'), thresholds=(12, 8, 20, 15), score=0.954545, elapsed=472.5s

============================================================
Iteration 22/30
  Tested: weights=('1/5', '19', '3', '29'), thresholds=(7, 18, 4, 42)
  validation: F_1/7=0.828200, good=41108, bad=8692, missed=460, trie_nodes=1935, objective=0.828194
  Tested: weights=('1/4', '13', '16', '1/3'), thresholds=(33, 20, 23, 19)
  validation: F_1/7=0.934888, good=33433, bad=2210, missed=8135, trie_nodes=1986, objective=0.934882
  Tested: weights=('10', '16', '2', '3'), thresholds=(37, 40, 16, 12)
  validation: F_1/7=0.909056, good=38887, bad=3915, missed=2681, trie_nodes=1928, objective=0.909050
  Tested: weights=('14', '17', '1/3', '22'), thresholds=(9, 38, 9, 9)
  validation: F_1/7=0.852826, good=40958, bad=7200, missed=610, trie_nodes=6803, objective=0.852804
  Tested: weights=('18', '10', '1/5', '2'), thresholds=(31, 28, 2, 10)
  validation: F_1/7=0.897220, good=38553, bad=4445, missed=3015, trie_nodes=4858, objective=0.897204
  Best so far: weights=('29', '27', '12', '18'), thresholds=(12, 8, 20, 15), score=0.954545, elapsed=495.1s

============================================================
Iteration 23/30
  Tested: weights=('11', '27', '24', '8'), thresholds=(11, 16, 25, 12)
  validation: F_1/7=0.940009, good=31864, bad=1877, missed=9704, trie_nodes=3226, objective=0.939999
  Tested: weights=('1/2', '5', '21', '26'), thresholds=(35, 17, 29, 9)
  validation: F_1/7=0.878210, good=40300, bad=5677, missed=1268, trie_nodes=1897, objective=0.878203
  Tested: weights=('18', '10', '15', '11'), thresholds=(13, 40, 33, 6)
  validation: F_1/7=0.952529, good=25853, bad=994, missed=15715, trie_nodes=4500, objective=0.952515
  Tested: weights=('4', '19', '1/5', '1/2'), thresholds=(34, 8, 28, 11)
  validation: F_1/7=0.928131, good=34452, bad=2577, missed=7116, trie_nodes=2472, objective=0.928122
  Tested: weights=('6', '27', '1/5', '1/3'), thresholds=(9, 2, 8, 25)
  validation: F_1/7=0.928352, good=30106, bad=2137, missed=11462, trie_nodes=7161, objective=0.928329
  Best so far: weights=('29', '27', '12', '18'), thresholds=(12, 8, 20, 15), score=0.954545, elapsed=517.2s

============================================================
Iteration 24/30
  Tested: weights=('1/5', '28', '1', '16'), thresholds=(12, 24, 28, 35)
  validation: F_1/7=0.813486, good=41139, bad=9616, missed=429, trie_nodes=1585, objective=0.813481
  Tested: weights=('26', '13', '27', '24'), thresholds=(18, 1, 12, 23)
  validation: F_1/7=0.957363, good=23284, bad=685, missed=18284, trie_nodes=10196, objective=0.957329
  Tested: weights=('18', '5', '1', '25'), thresholds=(42, 23, 8, 12)
  validation: F_1/7=0.873718, good=40248, bad=5909, missed=1320, trie_nodes=2961, objective=0.873708
  Tested: weights=('4', '1/5', '1', '27'), thresholds=(37, 26, 26, 28)
  validation: F_1/7=0.890838, good=39061, bad=4833, missed=2507, trie_nodes=1682, objective=0.890832
  Tested: weights=('2', '28', '11', '10'), thresholds=(22, 2, 7, 31)
  validation: F_1/7=0.901813, good=39506, bad=4347, missed=2062, trie_nodes=12019, objective=0.901774
  Best so far: weights=('26', '13', '27', '24'), thresholds=(18, 1, 12, 23), score=0.957329, elapsed=538.8s

============================================================
Iteration 25/30
  Tested: weights=('1/3', '17', '5', '10'), thresholds=(13, 15, 31, 13)
  validation: F_1/7=0.846464, good=40971, bad=7571, missed=597, trie_nodes=2180, objective=0.846457
  Tested: weights=('21', '13', '20', '11'), thresholds=(11, 35, 34, 30)
  validation: F_1/7=0.954085, good=24244, bad=837, missed=17324, trie_nodes=5595, objective=0.954066
  Tested: weights=('6', '17', '9', '1/2'), thresholds=(39, 6, 40, 19)
  validation: F_1/7=0.933447, good=34009, bad=2320, missed=7559, trie_nodes=1590, objective=0.933442
  Tested: weights=('16', '13', '19', '28'), thresholds=(31, 10, 2, 12)
  validation: F_1/7=0.940073, good=34899, bad=2134, missed=6669, trie_nodes=37638, objective=0.939950
  Tested: weights=('17', '1/4', '13', '17'), thresholds=(15, 33, 5, 4)
  validation: F_1/7=0.949867, good=32200, bad=1543, missed=9368, trie_nodes=14807, objective=0.949818
  Best so far: weights=('26', '13', '27', '24'), thresholds=(18, 1, 12, 23), score=0.957329, elapsed=562.3s

============================================================
Iteration 26/30
  Tested: weights=('29', '13', '26', '25'), thresholds=(14, 35, 2, 26)
  validation: F_1/7=0.943323, good=32984, bad=1847, missed=8584, trie_nodes=48521, objective=0.943164
  Tested: weights=('3', '15', '26', '21'), thresholds=(34, 28, 30, 36)
  validation: F_1/7=0.888304, good=38391, bad=4861, missed=3177, trie_nodes=946, objective=0.888301
  Tested: weights=('3', '16', '28', '1/4'), thresholds=(30, 13, 39, 41)
  validation: F_1/7=0.933054, good=34237, bad=2357, missed=7331, trie_nodes=1493, objective=0.933049
  Tested: weights=('4', '1', '1/3', '20'), thresholds=(15, 31, 3, 14)
  validation: F_1/7=0.847964, good=41017, bad=7493, missed=551, trie_nodes=7696, objective=0.847939
  Tested: weights=('5', '13', '4', '30'), thresholds=(40, 2, 30, 39)
  validation: F_1/7=0.927495, good=36319, bad=2790, missed=5249, trie_nodes=5776, objective=0.927476
  Best so far: weights=('26', '13', '27', '24'), thresholds=(18, 1, 12, 23), score=0.957329, elapsed=585.2s

============================================================
Iteration 27/30
  Tested: weights=('23', '10', '13', '18'), thresholds=(37, 42, 33, 18)
  validation: F_1/7=0.950540, good=23051, bad=846, missed=18517, trie_nodes=2423, objective=0.950532
  Tested: weights=('26', '1/5', '26', '14'), thresholds=(40, 34, 42, 15)
  validation: F_1/7=0.943959, good=14784, bad=349, missed=26784, trie_nodes=1974, objective=0.943952
  Tested: weights=('1/4', '1/5', '30', '11'), thresholds=(17, 29, 10, 40)
  validation: F_1/7=0.947548, good=28134, bad=1315, missed=13434, trie_nodes=8793, objective=0.947519
  Tested: weights=('11', '22', '5', '1/2'), thresholds=(15, 13, 13, 10)
  validation: F_1/7=0.941669, good=34638, bad=2048, missed=6930, trie_nodes=3850, objective=0.941656
  Tested: weights=('15', '23', '7', '18'), thresholds=(38, 26, 10, 2)
  validation: F_1/7=0.945180, good=34204, bad=1874, missed=7364, trie_nodes=7580, objective=0.945156
  Best so far: weights=('26', '13', '27', '24'), thresholds=(18, 1, 12, 23), score=0.957329, elapsed=609.7s

============================================================
Iteration 28/30
  Tested: weights=('30', '4', '29', '19'), thresholds=(26, 22, 10, 8)
  validation: F_1/7=0.956347, good=23831, bad=748, missed=17737, trie_nodes=10787, objective=0.956312
  Tested: weights=('23', '1/2', '11', '26'), thresholds=(40, 20, 26, 8)
  validation: F_1/7=0.949312, good=26429, bad=1131, missed=15139, trie_nodes=2849, objective=0.949303
  Tested: weights=('4', '3', '23', '8'), thresholds=(3, 41, 38, 39)
  validation: F_1/7=0.902934, good=38549, bad=4167, missed=3019, trie_nodes=3198, objective=0.902924
  Tested: weights=('30', '2', '10', '22'), thresholds=(30, 7, 35, 10)
  validation: F_1/7=0.945931, good=26257, bad=1219, missed=15311, trie_nodes=2781, objective=0.945922
  Tested: weights=('4', '15', '17', '16'), thresholds=(4, 37, 12, 6)
  validation: F_1/7=0.911874, good=38449, bad=3728, missed=3119, trie_nodes=3540, objective=0.911862
  Best so far: weights=('26', '13', '27', '24'), thresholds=(18, 1, 12, 23), score=0.957329, elapsed=631.1s

============================================================
Iteration 29/30
  Tested: weights=('25', '13', '13', '17'), thresholds=(35, 15, 29, 24)
  validation: F_1/7=0.950591, good=23709, bad=893, missed=17859, trie_nodes=2798, objective=0.950582
  Tested: weights=('6', '26', '24', '19'), thresholds=(36, 37, 30, 36)
  validation: F_1/7=0.918428, good=34703, bad=3005, missed=6865, trie_nodes=1078, objective=0.918425
  Tested: weights=('9', '5', '21', '13'), thresholds=(4, 10, 29, 4)
  validation: F_1/7=0.935237, good=35065, bad=2345, missed=6503, trie_nodes=6235, objective=0.935217
  Tested: weights=('27', '29', '26', '24'), thresholds=(28, 24, 4, 18)
  validation: F_1/7=0.951862, good=30124, bad=1321, missed=11444, trie_nodes=26200, objective=0.951776
  Tested: weights=('20', '20', '18', '22'), thresholds=(7, 37, 37, 2)
  validation: F_1/7=0.953977, good=26241, bad=979, missed=15327, trie_nodes=8554, objective=0.953949
  Best so far: weights=('26', '13', '27', '24'), thresholds=(18, 1, 12, 23), score=0.957329, elapsed=651.8s

============================================================
Iteration 30/30
  Tested: weights=('23', '1/2', '22', '15'), thresholds=(41, 15, 27, 40)
  validation: F_1/7=0.952028, good=18786, bad=501, missed=22782, trie_nodes=2975, objective=0.952018
  Tested: weights=('1/2', '28', '20', '1/3'), thresholds=(13, 30, 3, 25)
  validation: F_1/7=0.929773, good=30912, bad=2165, missed=10656, trie_nodes=1907, objective=0.929767
  Tested: weights=('25', '1', '8', '22'), thresholds=(7, 35, 35, 22)
  validation: F_1/7=0.951096, good=28258, bad=1211, missed=13310, trie_nodes=8855, objective=0.951067
  Tested: weights=('1/5', '6', '17', '30'), thresholds=(27, 11, 27, 23)
  validation: F_1/7=0.872924, good=40445, bad=5985, missed=1123, trie_nodes=1797, objective=0.872919
  Tested: weights=('8', '18', '1/4', '26'), thresholds=(41, 41, 32, 6)
  validation: F_1/7=0.861215, good=40803, bad=6694, missed=765, trie_nodes=5243, objective=0.861198
  Best so far: weights=('26', '13', '27', '24'), thresholds=(18, 1, 12, 23), score=0.957329, elapsed=673.5s

============================================================
Extra sampler evaluations: 3
  Tested: weights=('1/3', '20', '19', '6'), thresholds=(40, 7, 19, 40)
  validation: F_1/7=0.853272, good=40910, bad=7165, missed=658, trie_nodes=3622, objective=0.853260
  Tested: weights=('6', '30', '11', '12'), thresholds=(7, 34, 30, 10)
  validation: F_1/7=0.922315, good=36616, bad=3046, missed=4952, trie_nodes=2727, objective=0.922306
  Tested: weights=('22', '1/5', '1/5', '8'), thresholds=(21, 33, 29, 19)
  validation: F_1/7=0.857097, good=40623, bad=6892, missed=945, trie_nodes=3893, objective=0.857084

============================================================
random per-level baseline complete
Selected weights: ('26', '13', '27', '24')
PATGEN good_wt: (1, 1, 1, 1); bad_wt: (26, 13, 27, 24); thresholds: (18, 1, 12, 23)
Held-out test: {'good': 23387, 'bad': 770, 'missed': 18526, 'train_good': 193574, 'train_bad': 1333, 'train_missed': 139980, 'n_patterns': 5632, 'trie_nodes': 10196}
History: results/hpo_baselines_grouped/random/ru/wiktionary/final_history.csv
Selected profile: results/hpo_baselines_grouped/random/ru/wiktionary/selected_profile.json
