Proportional trie_normalizer for th/orchid: |D| = 34681
Method: tpe
Objective: F17+Trie(w=0.0005)
Dataset: /home/dev/hyph-bench/data/th/orchid/orchid.wlh
Split counts: train=27744, validation=3468, test=3469
Pattern ranges: [(1, 4), (2, 5), (2, 6), (2, 7)]
Search space (8-D): per-level weight in ('1/5', '1/4', '1/3', '1/2', '1', '2', '3', '4', '5', '6', '7', '8', '9', '10', '11', '12', '13', '14', '15', '16', '17', '18', '19', '20', '21', '22', '23', '24', '25', '26', '27', '28', '29', '30'); per-level threshold in [1,42]
Budget: 30 rounds x batch 5 + 3 extra = 153 evaluations

============================================================
Iteration 1/30
  Tested: weights=('1/3', '29', '29', '24'), thresholds=(13, 5, 29, 19)
  validation: F_1/7=0.884327, good=20134, bad=2675, missed=605, trie_nodes=5762, objective=0.884244
  Tested: weights=('9', '29', '21', '17'), thresholds=(7, 7, 3, 37)
  validation: F_1/7=0.962544, good=18718, bad=702, missed=2021, trie_nodes=11033, objective=0.962385
  Tested: weights=('7', '14', '11', '6'), thresholds=(26, 6, 13, 16)
  validation: F_1/7=0.963661, good=16918, bad=573, missed=3821, trie_nodes=3309, objective=0.963614
  Tested: weights=('12', '23', '3', '14'), thresholds=(25, 2, 26, 8)
  validation: F_1/7=0.963595, good=16524, bad=551, missed=4215, trie_nodes=3039, objective=0.963551
  Tested: weights=('17', '21', '1/5', '29'), thresholds=(35, 9, 8, 8)
  validation: F_1/7=0.873974, good=20294, bad=2977, missed=445, trie_nodes=7196, objective=0.873871
  Best so far: weights=('7', '14', '11', '6'), thresholds=(26, 6, 13, 16), score=0.963614, elapsed=22.3s

============================================================
Iteration 2/30
  Tested: weights=('15', '3', '29', '23'), thresholds=(40, 38, 26, 39)
  validation: F_1/7=0.971433, good=14088, bad=287, missed=6651, trie_nodes=2140, objective=0.971403
  Tested: weights=('6', '15', '1', '24'), thresholds=(4, 42, 33, 9)
  validation: F_1/7=0.950003, good=18732, bad=965, missed=2007, trie_nodes=7449, objective=0.949895
  Tested: weights=('1/5', '24', '21', '21'), thresholds=(33, 4, 16, 5)
  validation: F_1/7=0.899781, good=20067, bad=2267, missed=672, trie_nodes=7184, objective=0.899677
  Tested: weights=('1', '13', '1/4', '27'), thresholds=(11, 28, 14, 22)
  validation: F_1/7=0.854044, good=20166, bad=3505, missed=573, trie_nodes=3387, objective=0.853995
  Tested: weights=('1/2', '3', '1/4', '8'), thresholds=(17, 12, 35, 15)
  validation: F_1/7=0.891367, good=19868, bad=2453, missed=871, trie_nodes=3100, objective=0.891322
  Best so far: weights=('15', '3', '29', '23'), thresholds=(40, 38, 26, 39), score=0.971403, elapsed=44.5s

============================================================
Iteration 3/30
  Tested: weights=('26', '1/4', '30', '1/2'), thresholds=(42, 41, 42, 42)
  validation: F_1/7=0.973754, good=11902, bad=147, missed=8837, trie_nodes=1661, objective=0.973730
  Tested: weights=('28', '1/4', '30', '1/4'), thresholds=(42, 42, 42, 41)
  validation: F_1/7=0.974355, good=11832, bad=136, missed=8907, trie_nodes=1677, objective=0.974331
  Tested: weights=('28', '1/5', '30', '1/4'), thresholds=(39, 42, 42, 40)
  validation: F_1/7=0.974609, good=11986, bad=140, missed=8753, trie_nodes=1759, objective=0.974584
  Tested: weights=('28', '1/5', '28', '1/5'), thresholds=(41, 42, 42, 39)
  validation: F_1/7=0.974647, good=11911, bad=136, missed=8828, trie_nodes=1708, objective=0.974622
  Tested: weights=('29', '1/5', '29', '1/5'), thresholds=(42, 39, 41, 42)
  validation: F_1/7=0.974459, good=11839, bad=135, missed=8900, trie_nodes=1696, objective=0.974435
  Best so far: weights=('28', '1/5', '28', '1/5'), thresholds=(41, 42, 42, 39), score=0.974622, elapsed=64.8s

============================================================
Iteration 4/30
  Tested: weights=('22', '5', '22', '4'), thresholds=(32, 32, 35, 30)
  validation: F_1/7=0.974936, good=13191, bad=192, missed=7548, trie_nodes=2041, objective=0.974906
  Tested: weights=('22', '5', '23', '3'), thresholds=(32, 31, 36, 32)
  validation: F_1/7=0.974886, good=13176, bad=192, missed=7563, trie_nodes=2027, objective=0.974857
  Tested: weights=('22', '6', '22', '4'), thresholds=(31, 31, 36, 32)
  validation: F_1/7=0.974976, good=13246, bad=194, missed=7493, trie_nodes=2072, objective=0.974946
  Tested: weights=('25', '6', '23', '5'), thresholds=(32, 31, 38, 31)
  validation: F_1/7=0.975376, good=12871, bad=171, missed=7868, trie_nodes=2024, objective=0.975347
  Tested: weights=('22', '5', '23', '6'), thresholds=(30, 31, 36, 32)
  validation: F_1/7=0.974868, good=13256, bad=196, missed=7483, trie_nodes=2131, objective=0.974837
  Best so far: weights=('25', '6', '23', '5'), thresholds=(32, 31, 38, 31), score=0.975347, elapsed=84.5s

============================================================
Iteration 5/30
  Tested: weights=('19', '10', '16', '12'), thresholds=(21, 20, 19, 26)
  validation: F_1/7=0.975496, good=14927, bad=264, missed=5812, trie_nodes=3214, objective=0.975450
  Tested: weights=('19', '9', '13', '10'), thresholds=(23, 21, 22, 26)
  validation: F_1/7=0.974614, good=14754, bad=270, missed=5985, trie_nodes=2884, objective=0.974572
  Tested: weights=('19', '9', '16', '9'), thresholds=(20, 20, 21, 26)
  validation: F_1/7=0.975237, good=14816, bad=263, missed=5923, trie_nodes=3117, objective=0.975192
  Tested: weights=('19', '10', '15', '10'), thresholds=(21, 20, 21, 26)
  validation: F_1/7=0.974969, good=14789, bad=266, missed=5950, trie_nodes=3051, objective=0.974925
  Tested: weights=('19', '10', '16', '10'), thresholds=(22, 19, 22, 27)
  validation: F_1/7=0.975128, good=14628, bad=256, missed=6111, trie_nodes=2930, objective=0.975086
  Best so far: weights=('19', '10', '16', '12'), thresholds=(21, 20, 19, 26), score=0.975450, elapsed=105.3s

============================================================
Iteration 6/30
  Tested: weights=('25', '18', '18', '14'), thresholds=(18, 25, 17, 22)
  validation: F_1/7=0.976720, good=14895, bad=243, missed=5844, trie_nodes=3663, objective=0.976667
  Tested: weights=('25', '17', '8', '15'), thresholds=(18, 16, 19, 22)
  validation: F_1/7=0.974318, good=15606, bad=315, missed=5133, trie_nodes=3619, objective=0.974266
  Tested: weights=('13', '17', '9', '14'), thresholds=(16, 16, 18, 23)
  validation: F_1/7=0.969072, good=16069, bad=428, missed=4670, trie_nodes=3519, objective=0.969021
  Tested: weights=('25', '17', '8', '15'), thresholds=(20, 14, 18, 22)
  validation: F_1/7=0.974336, good=15676, bad=318, missed=5063, trie_nodes=3534, objective=0.974285
  Tested: weights=('24', '17', '9', '14'), thresholds=(16, 14, 18, 21)
  validation: F_1/7=0.975266, good=15690, bad=303, missed=5049, trie_nodes=3882, objective=0.975210
  Best so far: weights=('25', '18', '18', '14'), thresholds=(18, 25, 17, 22), score=0.976667, elapsed=123.8s

============================================================
Iteration 7/30
  Tested: weights=('16', '12', '19', '18'), thresholds=(27, 25, 9, 35)
  validation: F_1/7=0.974785, good=16564, bad=352, missed=4175, trie_nodes=5389, objective=0.974708
  Tested: weights=('30', '20', '19', '18'), thresholds=(28, 25, 8, 34)
  validation: F_1/7=0.977690, good=16530, bad=299, missed=4209, trie_nodes=6619, objective=0.977595
  Tested: weights=('30', '20', '18', '17'), thresholds=(28, 25, 4, 34)
  validation: F_1/7=0.974872, good=17796, bad=408, missed=2943, trie_nodes=11431, objective=0.974707
  Tested: weights=('30', '20', '20', '18'), thresholds=(28, 26, 2, 36)
  validation: F_1/7=0.970327, good=18566, bad=535, missed=2173, trie_nodes=19770, objective=0.970042
  Tested: weights=('11', '26', '19', '18'), thresholds=(27, 24, 4, 36)
  validation: F_1/7=0.965085, good=18199, bad=620, missed=2540, trie_nodes=9292, objective=0.964951
  Best so far: weights=('30', '20', '19', '18'), thresholds=(28, 25, 8, 34), score=0.977595, elapsed=140.9s

============================================================
Iteration 8/30
  Tested: weights=('27', '23', '25', '12'), thresholds=(37, 35, 9, 29)
  validation: F_1/7=0.977809, good=16234, bad=284, missed=4505, trie_nodes=6014, objective=0.977723
  Tested: weights=('26', '22', '25', '12'), thresholds=(37, 35, 10, 29)
  validation: F_1/7=0.978112, good=15962, bad=267, missed=4777, trie_nodes=5479, objective=0.978033
  Tested: weights=('27', '22', '25', '12'), thresholds=(36, 35, 11, 29)
  validation: F_1/7=0.978514, good=15725, bad=250, missed=5014, trie_nodes=5003, objective=0.978442
  Tested: weights=('26', '22', '26', '12'), thresholds=(37, 35, 9, 18)
  validation: F_1/7=0.978020, good=16203, bad=279, missed=4536, trie_nodes=6041, objective=0.977933
  Tested: weights=('26', '25', '26', '11'), thresholds=(36, 34, 10, 15)
  validation: F_1/7=0.978706, good=15941, bad=256, missed=4798, trie_nodes=5445, objective=0.978627
  Best so far: weights=('26', '25', '26', '11'), thresholds=(36, 34, 10, 15), score=0.978627, elapsed=159.1s

============================================================
Iteration 9/30
  Tested: weights=('4', '27', '26', '7'), thresholds=(35, 35, 12, 14)
  validation: F_1/7=0.945519, good=17578, bad=969, missed=3161, trie_nodes=2856, objective=0.945478
  Tested: weights=('4', '27', '27', '7'), thresholds=(36, 35, 12, 13)
  validation: F_1/7=0.946244, good=17572, bad=954, missed=3167, trie_nodes=2863, objective=0.946203
  Tested: weights=('24', '27', '26', '8'), thresholds=(36, 35, 12, 15)
  validation: F_1/7=0.978380, good=15556, bad=245, missed=5183, trie_nodes=4542, objective=0.978314
  Tested: weights=('8', '27', '26', '8'), thresholds=(36, 35, 13, 14)
  validation: F_1/7=0.964457, good=16535, bad=536, missed=4204, trie_nodes=3200, objective=0.964411
  Tested: weights=('6', '27', '26', '7'), thresholds=(36, 35, 12, 13)
  validation: F_1/7=0.958679, good=16994, bad=671, missed=3745, trie_nodes=3158, objective=0.958633
  Best so far: weights=('26', '25', '26', '11'), thresholds=(36, 34, 10, 15), score=0.978627, elapsed=181.1s

============================================================
Iteration 10/30
  Tested: weights=('27', '25', '24', '12'), thresholds=(39, 39, 6, 18)
  validation: F_1/7=0.977547, good=17111, bad=327, missed=3628, trie_nodes=8368, objective=0.977426
  Tested: weights=('23', '25', '24', '12'), thresholds=(39, 38, 6, 19)
  validation: F_1/7=0.977099, good=17152, bad=337, missed=3587, trie_nodes=8146, objective=0.976982
  Tested: weights=('23', '24', '24', '12'), thresholds=(39, 39, 6, 17)
  validation: F_1/7=0.977099, good=17152, bad=337, missed=3587, trie_nodes=8146, objective=0.976982
  Tested: weights=('23', '25', '24', '12'), thresholds=(39, 38, 6, 10)
  validation: F_1/7=0.977367, good=17150, bad=332, missed=3589, trie_nodes=8150, objective=0.977250
  Tested: weights=('24', '24', '24', '16'), thresholds=(39, 38, 6, 17)
  validation: F_1/7=0.977239, good=17142, bad=334, missed=3597, trie_nodes=8182, objective=0.977121
  Best so far: weights=('26', '25', '26', '11'), thresholds=(36, 34, 10, 15), score=0.978627, elapsed=202.8s

============================================================
Iteration 11/30
  Tested: weights=('27', '30', '28', '2'), thresholds=(34, 33, 15, 11)
  validation: F_1/7=0.979013, good=14811, bad=203, missed=5928, trie_nodes=3826, objective=0.978958
  Tested: weights=('27', '30', '28', '20'), thresholds=(33, 28, 15, 11)
  validation: F_1/7=0.978998, good=14829, bad=204, missed=5910, trie_nodes=3823, objective=0.978943
  Tested: weights=('27', '30', '27', '21'), thresholds=(34, 29, 14, 11)
  validation: F_1/7=0.978900, good=14981, bad=212, missed=5758, trie_nodes=4064, objective=0.978841
  Tested: weights=('27', '30', '28', '2'), thresholds=(34, 33, 15, 4)
  validation: F_1/7=0.979386, good=14808, bad=197, missed=5931, trie_nodes=3851, objective=0.979330
  Tested: weights=('27', '30', '27', '2'), thresholds=(34, 33, 11, 5)
  validation: F_1/7=0.979258, good=15688, bad=236, missed=5051, trie_nodes=5037, objective=0.979185
  Best so far: weights=('27', '30', '28', '2'), thresholds=(34, 33, 15, 4), score=0.979330, elapsed=225.3s

============================================================
Iteration 12/30
  Tested: weights=('29', '30', '28', '1'), thresholds=(33, 28, 15, 3)
  validation: F_1/7=0.979738, good=14749, bad=189, missed=5990, trie_nodes=3923, objective=0.979682
  Tested: weights=('29', '30', '28', '1'), thresholds=(34, 28, 14, 5)
  validation: F_1/7=0.979377, good=14900, bad=201, missed=5839, trie_nodes=4133, objective=0.979317
  Tested: weights=('29', '30', '28', '1'), thresholds=(34, 28, 15, 1)
  validation: F_1/7=0.981588, good=14697, bad=158, missed=6042, trie_nodes=4902, objective=0.981517
  Tested: weights=('29', '30', '28', '1'), thresholds=(34, 29, 25, 2)
  validation: F_1/7=0.978258, good=13258, bad=148, missed=7481, trie_nodes=2653, objective=0.978220
  Tested: weights=('29', '30', '28', '1'), thresholds=(31, 28, 16, 3)
  validation: F_1/7=0.979571, good=14566, bad=184, missed=6173, trie_nodes=3733, objective=0.979517
  Best so far: weights=('29', '30', '28', '1'), thresholds=(34, 28, 15, 1), score=0.981517, elapsed=247.6s

============================================================
Iteration 13/30
  Tested: weights=('29', '28', '30', '1/2'), thresholds=(30, 23, 16, 6)
  validation: F_1/7=0.979444, good=14519, bad=184, missed=6220, trie_nodes=3754, objective=0.979390
  Tested: weights=('29', '28', '30', '1/3'), thresholds=(31, 27, 16, 6)
  validation: F_1/7=0.979882, good=14489, bad=176, missed=6250, trie_nodes=3844, objective=0.979826
  Tested: weights=('29', '28', '30', '1/2'), thresholds=(30, 23, 16, 5)
  validation: F_1/7=0.979557, good=14513, bad=182, missed=6226, trie_nodes=3761, objective=0.979503
  Tested: weights=('29', '28', '30', '1/3'), thresholds=(30, 27, 16, 6)
  validation: F_1/7=0.979738, good=14484, bad=178, missed=6255, trie_nodes=3858, objective=0.979683
  Tested: weights=('29', '28', '30', '1/3'), thresholds=(30, 23, 16, 6)
  validation: F_1/7=0.979738, good=14484, bad=178, missed=6255, trie_nodes=3858, objective=0.979683
  Best so far: weights=('29', '30', '28', '1'), thresholds=(34, 28, 15, 1), score=0.981517, elapsed=269.4s

============================================================
Iteration 14/30
  Tested: weights=('29', '28', '30', '1/4'), thresholds=(24, 22, 24, 1)
  validation: F_1/7=0.980417, good=13367, bad=122, missed=7372, trie_nodes=3687, objective=0.980363
  Tested: weights=('29', '28', '30', '1/4'), thresholds=(25, 27, 24, 1)
  validation: F_1/7=0.980519, good=13329, bad=119, missed=7410, trie_nodes=3644, objective=0.980467
  Tested: weights=('29', '28', '30', '1/4'), thresholds=(24, 27, 20, 1)
  validation: F_1/7=0.980893, good=13758, bad=131, missed=6981, trie_nodes=4036, objective=0.980834
  Tested: weights=('29', '28', '30', '1/4'), thresholds=(24, 27, 20, 1)
  validation: F_1/7=0.980893, good=13758, bad=131, missed=6981, trie_nodes=4036, objective=0.980834
  Tested: weights=('29', '28', '30', '1/4'), thresholds=(30, 22, 20, 1)
  validation: F_1/7=0.981057, good=13718, bad=127, missed=7021, trie_nodes=3930, objective=0.981000
  Best so far: weights=('29', '30', '28', '1'), thresholds=(34, 28, 15, 1), score=0.981517, elapsed=291.8s

============================================================
Iteration 15/30
  Tested: weights=('30', '26', '29', '1/5'), thresholds=(24, 18, 24, 1)
  validation: F_1/7=0.980487, good=13318, bad=119, missed=7421, trie_nodes=3640, objective=0.980435
  Tested: weights=('30', '26', '29', '1/5'), thresholds=(25, 30, 24, 1)
  validation: F_1/7=0.980653, good=13277, bad=115, missed=7462, trie_nodes=3584, objective=0.980601
  Tested: weights=('30', '26', '29', '1/5'), thresholds=(24, 30, 24, 1)
  validation: F_1/7=0.980487, good=13318, bad=119, missed=7421, trie_nodes=3641, objective=0.980435
  Tested: weights=('30', '26', '29', '1/5'), thresholds=(25, 18, 25, 1)
  validation: F_1/7=0.980557, good=13219, bad=114, missed=7520, trie_nodes=3529, objective=0.980506
  Tested: weights=('30', '26', '29', '1/5'), thresholds=(24, 30, 24, 1)
  validation: F_1/7=0.980487, good=13318, bad=119, missed=7421, trie_nodes=3641, objective=0.980435
  Best so far: weights=('29', '30', '28', '1'), thresholds=(34, 28, 15, 1), score=0.981517, elapsed=310.7s

============================================================
Iteration 16/30
  Tested: weights=('28', '29', '29', '1/5'), thresholds=(26, 18, 29, 2)
  validation: F_1/7=0.979998, good=13126, bad=118, missed=7613, trie_nodes=3438, objective=0.979949
  Tested: weights=('28', '29', '3', '30'), thresholds=(22, 18, 29, 3)
  validation: F_1/7=0.967803, good=16507, bad=474, missed=4232, trie_nodes=3624, objective=0.967751
  Tested: weights=('28', '29', '29', '1/5'), thresholds=(26, 18, 29, 8)
  validation: F_1/7=0.978324, good=13233, bad=146, missed=7506, trie_nodes=2739, objective=0.978284
  Tested: weights=('28', '29', '29', '1/5'), thresholds=(26, 18, 29, 8)
  validation: F_1/7=0.978324, good=13233, bad=146, missed=7506, trie_nodes=2739, objective=0.978284
  Tested: weights=('28', '29', '2', '1/5'), thresholds=(26, 18, 27, 3)
  validation: F_1/7=0.978983, good=14729, bad=200, missed=6010, trie_nodes=5622, objective=0.978902
  Best so far: weights=('29', '30', '28', '1'), thresholds=(34, 28, 15, 1), score=0.981517, elapsed=329.3s

============================================================
Iteration 17/30
  Tested: weights=('30', '23', '27', '1/3'), thresholds=(23, 12, 20, 2)
  validation: F_1/7=0.980602, good=13900, bad=141, missed=6839, trie_nodes=4156, objective=0.980542
  Tested: weights=('30', '23', '27', '1/3'), thresholds=(20, 16, 20, 2)
  validation: F_1/7=0.980741, good=14000, bad=143, missed=6739, trie_nodes=4290, objective=0.980679
  Tested: weights=('30', '26', '27', '1/3'), thresholds=(2, 16, 20, 2)
  validation: F_1/7=0.975502, good=17514, bad=383, missed=3225, trie_nodes=17179, objective=0.975254
  Tested: weights=('30', '23', '27', '1/3'), thresholds=(20, 9, 20, 2)
  validation: F_1/7=0.980768, good=14010, bad=143, missed=6729, trie_nodes=4290, objective=0.980706
  Tested: weights=('30', '23', '27', '1/3'), thresholds=(19, 10, 20, 2)
  validation: F_1/7=0.980892, good=14130, bad=146, missed=6609, trie_nodes=4398, objective=0.980828
  Best so far: weights=('29', '30', '28', '1'), thresholds=(34, 28, 15, 1), score=0.981517, elapsed=347.6s

============================================================
Iteration 18/30
  Tested: weights=('26', '21', '22', '3'), thresholds=(13, 11, 20, 4)
  validation: F_1/7=0.978763, good=15165, bad=222, missed=5574, trie_nodes=4372, objective=0.978700
  Tested: weights=('26', '23', '27', '4'), thresholds=(14, 7, 22, 4)
  validation: F_1/7=0.978303, good=14876, bad=217, missed=5863, trie_nodes=4058, objective=0.978245
  Tested: weights=('26', '21', '21', '4'), thresholds=(13, 8, 22, 4)
  validation: F_1/7=0.978705, good=15096, bad=220, missed=5643, trie_nodes=4290, objective=0.978643
  Tested: weights=('26', '23', '27', '4'), thresholds=(19, 9, 22, 4)
  validation: F_1/7=0.978140, good=14284, bad=194, missed=6455, trie_nodes=3289, objective=0.978093
  Tested: weights=('26', '23', '22', '1/2'), thresholds=(19, 8, 22, 4)
  validation: F_1/7=0.978904, good=14346, bad=185, missed=6393, trie_nodes=3476, objective=0.978854
  Best so far: weights=('29', '30', '28', '1'), thresholds=(34, 28, 15, 1), score=0.981517, elapsed=367.6s

============================================================
Iteration 19/30
  Tested: weights=('20', '24', '25', '1/4'), thresholds=(21, 4, 19, 7)
  validation: F_1/7=0.978781, good=14631, bad=199, missed=6108, trie_nodes=3528, objective=0.978730
  Tested: weights=('21', '18', '26', '1/4'), thresholds=(21, 4, 19, 2)
  validation: F_1/7=0.981673, good=14477, bad=148, missed=6262, trie_nodes=4587, objective=0.981606
  Tested: weights=('10', '19', '25', '1/4'), thresholds=(21, 13, 19, 7)
  validation: F_1/7=0.977429, good=15379, bad=253, missed=5360, trie_nodes=3483, objective=0.977378
  Tested: weights=('1/4', '19', '12', '1/4'), thresholds=(21, 4, 19, 7)
  validation: F_1/7=0.967454, good=16502, bad=480, missed=4237, trie_nodes=7833, objective=0.967341
  Tested: weights=('10', '18', '25', '1/4'), thresholds=(21, 3, 19, 7)
  validation: F_1/7=0.977603, good=15490, bad=255, missed=5249, trie_nodes=3651, objective=0.977550
  Best so far: weights=('21', '18', '26', '1/4'), thresholds=(21, 4, 19, 2), score=0.981606, elapsed=386.3s

============================================================
Iteration 20/30
  Tested: weights=('14', '13', '26', '1/2'), thresholds=(17, 6, 21, 2)
  validation: F_1/7=0.980230, good=15376, bad=207, missed=5363, trie_nodes=5356, objective=0.980152
  Tested: weights=('15', '22', '26', '1/2'), thresholds=(17, 11, 21, 2)
  validation: F_1/7=0.980716, good=15251, bad=194, missed=5488, trie_nodes=5210, objective=0.980641
  Tested: weights=('16', '15', '26', '1/2'), thresholds=(17, 12, 21, 2)
  validation: F_1/7=0.980691, good=15068, bad=187, missed=5671, trie_nodes=5073, objective=0.980618
  Tested: weights=('14', '15', '26', '1/2'), thresholds=(23, 11, 21, 2)
  validation: F_1/7=0.979811, good=14873, bad=193, missed=5866, trie_nodes=4846, objective=0.979741
  Tested: weights=('15', '15', '26', '1/3'), thresholds=(17, 11, 21, 2)
  validation: F_1/7=0.981568, good=15144, bad=176, missed=5595, trie_nodes=5127, objective=0.981494
  Best so far: weights=('21', '18', '26', '1/4'), thresholds=(21, 4, 19, 2), score=0.981606, elapsed=406.5s

============================================================
Iteration 21/30
  Tested: weights=('17', '16', '27', '2'), thresholds=(19, 10, 18, 3)
  validation: F_1/7=0.977432, good=15039, bad=238, missed=5700, trie_nodes=3434, objective=0.977382
  Tested: weights=('17', '21', '23', '2'), thresholds=(15, 10, 17, 3)
  validation: F_1/7=0.977180, good=15377, bad=257, missed=5362, trie_nodes=3986, objective=0.977122
  Tested: weights=('18', '16', '23', '3'), thresholds=(9, 10, 18, 3)
  validation: F_1/7=0.977805, good=16301, bad=287, missed=4438, trie_nodes=5545, objective=0.977725
  Tested: weights=('18', '21', '27', '1/3'), thresholds=(15, 10, 18, 3)
  validation: F_1/7=0.980600, good=15180, bad=193, missed=5559, trie_nodes=5363, objective=0.980523
  Tested: weights=('18', '21', '23', '2'), thresholds=(15, 1, 18, 3)
  validation: F_1/7=0.978938, good=15255, bad=223, missed=5484, trie_nodes=4844, objective=0.978868
  Best so far: weights=('21', '18', '26', '1/4'), thresholds=(21, 4, 19, 2), score=0.981606, elapsed=426.1s

============================================================
Iteration 22/30
  Tested: weights=('15', '16', '28', '1'), thresholds=(18, 15, 20, 5)
  validation: F_1/7=0.975185, good=15294, bad=286, missed=5445, trie_nodes=3248, objective=0.975138
  Tested: weights=('16', '15', '28', '27'), thresholds=(17, 14, 23, 2)
  validation: F_1/7=0.977046, good=15102, bad=247, missed=5637, trie_nodes=3640, objective=0.976993
  Tested: weights=('13', '12', '28', '1'), thresholds=(17, 14, 23, 5)
  validation: F_1/7=0.974416, good=15535, bad=310, missed=5204, trie_nodes=3225, objective=0.974370
  Tested: weights=('12', '12', '25', '27'), thresholds=(18, 12, 23, 5)
  validation: F_1/7=0.970639, good=15646, bad=379, missed=5093, trie_nodes=3065, objective=0.970595
  Tested: weights=('15', '12', '28', '1'), thresholds=(17, 15, 23, 5)
  validation: F_1/7=0.975302, good=15314, bad=285, missed=5425, trie_nodes=3253, objective=0.975255
  Best so far: weights=('21', '18', '26', '1/4'), thresholds=(21, 4, 19, 2), score=0.981606, elapsed=446.2s

============================================================
Iteration 23/30
  Tested: weights=('20', '18', '26', '1/3'), thresholds=(11, 7, 17, 1)
  validation: F_1/7=0.981173, good=15736, bad=206, missed=5003, trie_nodes=6282, objective=0.981083
  Tested: weights=('25', '14', '26', '1/3'), thresholds=(16, 26, 17, 1)
  validation: F_1/7=0.980995, good=14716, bad=168, missed=6023, trie_nodes=5043, objective=0.980922
  Tested: weights=('20', '19', '26', '1/3'), thresholds=(16, 6, 17, 1)
  validation: F_1/7=0.980763, good=14948, bad=181, missed=5791, trie_nodes=5201, objective=0.980688
  Tested: weights=('20', '14', '26', '1/3'), thresholds=(20, 26, 17, 1)
  validation: F_1/7=0.981827, good=14741, bad=156, missed=5998, trie_nodes=4880, objective=0.981757
  Tested: weights=('12', '18', '26', '1/3'), thresholds=(20, 6, 17, 1)
  validation: F_1/7=0.982017, good=15354, bad=177, missed=5385, trie_nodes=5359, objective=0.981940
  Best so far: weights=('12', '18', '26', '1/3'), thresholds=(20, 6, 17, 1), score=0.981940, elapsed=468.4s

============================================================
Iteration 24/30
  Tested: weights=('22', '14', '24', '1/4'), thresholds=(8, 26, 14, 1)
  validation: F_1/7=0.980889, good=16189, bad=229, missed=4550, trie_nodes=7548, objective=0.980780
  Tested: weights=('21', '13', '24', '1/4'), thresholds=(12, 26, 14, 1)
  validation: F_1/7=0.981269, good=15500, bad=195, missed=5239, trie_nodes=6101, objective=0.981181
  Tested: weights=('21', '14', '24', '1/4'), thresholds=(7, 26, 17, 1)
  validation: F_1/7=0.981104, good=16331, bad=231, missed=4408, trie_nodes=7982, objective=0.980989
  Tested: weights=('21', '13', '24', '1/4'), thresholds=(20, 26, 14, 1)
  validation: F_1/7=0.981429, good=15088, bad=176, missed=5651, trie_nodes=5362, objective=0.981352
  Tested: weights=('24', '13', '24', '1/4'), thresholds=(6, 26, 14, 1)
  validation: F_1/7=0.980394, good=16569, bad=253, missed=4170, trie_nodes=8816, objective=0.980267
  Best so far: weights=('12', '18', '26', '1/3'), thresholds=(20, 6, 17, 1), score=0.981940, elapsed=487.2s

============================================================
Iteration 25/30
  Tested: weights=('21', '9', '21', '1/2'), thresholds=(12, 24, 13, 4)
  validation: F_1/7=0.978585, good=15776, bad=251, missed=4963, trie_nodes=5146, objective=0.978511
  Tested: weights=('21', '10', '21', '1/2'), thresholds=(11, 24, 13, 4)
  validation: F_1/7=0.978395, good=15958, bad=262, missed=4781, trie_nodes=5453, objective=0.978317
  Tested: weights=('23', '9', '23', '1/2'), thresholds=(6, 24, 13, 1)
  validation: F_1/7=0.979742, good=16750, bad=272, missed=3989, trie_nodes=8970, objective=0.979613
  Tested: weights=('21', '11', '23', '1/2'), thresholds=(11, 24, 13, 4)
  validation: F_1/7=0.978431, good=15949, bad=261, missed=4790, trie_nodes=5450, objective=0.978353
  Tested: weights=('21', '11', '20', '1/2'), thresholds=(11, 24, 13, 4)
  validation: F_1/7=0.978403, good=15961, bad=262, missed=4778, trie_nodes=5455, objective=0.978324
  Best so far: weights=('12', '18', '26', '1/3'), thresholds=(20, 6, 17, 1), score=0.981940, elapsed=505.6s

============================================================
Iteration 26/30
  Tested: weights=('20', '14', '25', '1/4'), thresholds=(9, 21, 17, 1)
  validation: F_1/7=0.981566, good=15952, bad=208, missed=4787, trie_nodes=6933, objective=0.981466
  Tested: weights=('19', '14', '25', '1/4'), thresholds=(10, 21, 15, 1)
  validation: F_1/7=0.981337, good=15880, bad=209, missed=4859, trie_nodes=6647, objective=0.981241
  Tested: weights=('19', '14', '25', '1/4'), thresholds=(9, 26, 17, 1)
  validation: F_1/7=0.981579, good=15983, bad=209, missed=4756, trie_nodes=6928, objective=0.981480
  Tested: weights=('20', '14', '25', '1/4'), thresholds=(10, 26, 17, 1)
  validation: F_1/7=0.981384, good=15799, bad=205, missed=4940, trie_nodes=6567, objective=0.981289
  Tested: weights=('20', '14', '25', '1/4'), thresholds=(10, 21, 17, 1)
  validation: F_1/7=0.981388, good=15801, bad=205, missed=4938, trie_nodes=6567, objective=0.981294
  Best so far: weights=('12', '18', '26', '1/3'), thresholds=(20, 6, 17, 1), score=0.981940, elapsed=524.2s

============================================================
Iteration 27/30
  Tested: weights=('20', '15', '25', '1/5'), thresholds=(9, 21, 15, 3)
  validation: F_1/7=0.981447, good=16002, bad=212, missed=4737, trie_nodes=6988, objective=0.981346
  Tested: weights=('20', '15', '25', '1/5'), thresholds=(9, 21, 16, 3)
  validation: F_1/7=0.981475, good=15989, bad=211, missed=4750, trie_nodes=6949, objective=0.981375
  Tested: weights=('20', '14', '25', '1/5'), thresholds=(10, 21, 15, 3)
  validation: F_1/7=0.980983, good=15856, bad=214, missed=4883, trie_nodes=6645, objective=0.980887
  Tested: weights=('20', '15', '25', '1/5'), thresholds=(9, 21, 15, 3)
  validation: F_1/7=0.981447, good=16002, bad=212, missed=4737, trie_nodes=6988, objective=0.981346
  Tested: weights=('19', '15', '25', '1/5'), thresholds=(9, 5, 15, 3)
  validation: F_1/7=0.981556, good=16074, bad=213, missed=4665, trie_nodes=6995, objective=0.981455
  Best so far: weights=('12', '18', '26', '1/3'), thresholds=(20, 6, 17, 1), score=0.981940, elapsed=543.2s

============================================================
Iteration 28/30
  Tested: weights=('19', '16', '25', '1/5'), thresholds=(8, 20, 16, 3)
  validation: F_1/7=0.980940, good=16211, bad=229, missed=4528, trie_nodes=7465, objective=0.980833
  Tested: weights=('19', '16', '25', '1/5'), thresholds=(8, 19, 16, 3)
  validation: F_1/7=0.980940, good=16211, bad=229, missed=4528, trie_nodes=7464, objective=0.980833
  Tested: weights=('19', '15', '25', '1/5'), thresholds=(9, 20, 15, 24)
  validation: F_1/7=0.977599, good=16265, bad=289, missed=4474, trie_nodes=5626, objective=0.977518
  Tested: weights=('19', '16', '25', '1/5'), thresholds=(8, 20, 16, 3)
  validation: F_1/7=0.980940, good=16211, bad=229, missed=4528, trie_nodes=7465, objective=0.980833
  Tested: weights=('19', '16', '25', '1/5'), thresholds=(8, 20, 16, 3)
  validation: F_1/7=0.980940, good=16211, bad=229, missed=4528, trie_nodes=7465, objective=0.980833
  Best so far: weights=('12', '18', '26', '1/3'), thresholds=(20, 6, 17, 1), score=0.981940, elapsed=562.2s

============================================================
Iteration 29/30
  Tested: weights=('22', '13', '22', '1/3'), thresholds=(5, 3, 18, 6)
  validation: F_1/7=0.977364, good=16967, bad=324, missed=3772, trie_nodes=8593, objective=0.977240
  Tested: weights=('22', '17', '24', '1/3'), thresholds=(5, 22, 11, 6)
  validation: F_1/7=0.977133, good=17121, bad=335, missed=3618, trie_nodes=8897, objective=0.977005
  Tested: weights=('22', '17', '22', '1/3'), thresholds=(5, 3, 18, 6)
  validation: F_1/7=0.977364, good=16967, bad=324, missed=3772, trie_nodes=8595, objective=0.977240
  Tested: weights=('22', '17', '6', '1/3'), thresholds=(5, 22, 18, 6)
  validation: F_1/7=0.976845, good=17294, bad=348, missed=3445, trie_nodes=8681, objective=0.976720
  Tested: weights=('22', '13', '22', '1/3'), thresholds=(5, 22, 18, 6)
  validation: F_1/7=0.977363, good=16944, bad=323, missed=3795, trie_nodes=8571, objective=0.977240
  Best so far: weights=('12', '18', '26', '1/3'), thresholds=(20, 6, 17, 1), score=0.981940, elapsed=581.1s

============================================================
Iteration 30/30
  Tested: weights=('20', '15', '24', '1/4'), thresholds=(10, 5, 15, 2)
  validation: F_1/7=0.981114, good=15936, bad=215, missed=4803, trie_nodes=6711, objective=0.981017
  Tested: weights=('18', '15', '24', '1/4'), thresholds=(10, 5, 15, 2)
  validation: F_1/7=0.981143, good=15973, bad=216, missed=4766, trie_nodes=6702, objective=0.981046
  Tested: weights=('18', '15', '1/5', '1/4'), thresholds=(10, 21, 15, 2)
  validation: F_1/7=0.964173, good=10240, bad=174, missed=10499, trie_nodes=8400, objective=0.964052
  Tested: weights=('18', '15', '24', '1/4'), thresholds=(10, 5, 15, 2)
  validation: F_1/7=0.981143, good=15973, bad=216, missed=4766, trie_nodes=6702, objective=0.981046
  Tested: weights=('18', '1/2', '24', '1/4'), thresholds=(10, 5, 15, 2)
  validation: F_1/7=0.981206, good=16000, bad=216, missed=4739, trie_nodes=6707, objective=0.981110
  Best so far: weights=('12', '18', '26', '1/3'), thresholds=(20, 6, 17, 1), score=0.981940, elapsed=600.2s

============================================================
Extra sampler evaluations: 3
  Tested: weights=('20', '14', '26', '1/5'), thresholds=(9, 29, 17, 4)
  validation: F_1/7=0.981192, good=15994, bad=216, missed=4745, trie_nodes=6935, objective=0.981092
  Tested: weights=('12', '14', '26', '1/5'), thresholds=(9, 29, 17, 4)
  validation: F_1/7=0.981229, good=16310, bad=228, missed=4429, trie_nodes=7023, objective=0.981127
  Tested: weights=('20', '14', '26', '1/5'), thresholds=(9, 23, 17, 4)
  validation: F_1/7=0.981199, good=15997, bad=216, missed=4742, trie_nodes=6936, objective=0.981099

============================================================
tpe per-level baseline complete
Selected weights: ('12', '18', '26', '1/3')
PATGEN good_wt: (1, 1, 1, 3); bad_wt: (12, 18, 26, 1); thresholds: (20, 6, 17, 1)
Held-out test: {'good': 15653, 'bad': 184, 'missed': 5363, 'train_good': 125693, 'train_bad': 130, 'train_missed': 40732, 'n_patterns': 2758, 'trie_nodes': 5359}
History: results/hpo_baselines_grouped/tpe/th/orchid/final_history.csv
Selected profile: results/hpo_baselines_grouped/tpe/th/orchid/selected_profile.json
